ARM Linker, 5.02 [Build 28] [MDK-ARM Lite]

==============================================================================

Section Cross References

    startup_stm32f10x_md.o(STACK) refers (Special) to heapauxi.o(.text) for __use_two_region_memory
    startup_stm32f10x_md.o(HEAP) refers (Special) to heapauxi.o(.text) for __use_two_region_memory
    startup_stm32f10x_md.o(RESET) refers (Special) to heapauxi.o(.text) for __use_two_region_memory
    startup_stm32f10x_md.o(RESET) refers to startup_stm32f10x_md.o(STACK) for __initial_sp
    startup_stm32f10x_md.o(RESET) refers to startup_stm32f10x_md.o(.text) for Reset_Handler
    startup_stm32f10x_md.o(RESET) refers to main.o(.text) for SysTick_Handler
    startup_stm32f10x_md.o(.text) refers (Special) to heapauxi.o(.text) for __use_two_region_memory
    startup_stm32f10x_md.o(.text) refers to system_stm32f10x.o(.text) for SystemInit
    startup_stm32f10x_md.o(.text) refers to __main.o(!!!main) for __main
    startup_stm32f10x_md.o(.text) refers to startup_stm32f10x_md.o(HEAP) for Heap_Mem
    startup_stm32f10x_md.o(.text) refers to startup_stm32f10x_md.o(STACK) for Stack_Mem
    system_stm32f10x.o(.text) refers to system_stm32f10x.o(.data) for SystemCoreClock
    ledsmanager.o(.text) refers to delete.o(i._ZdlPv) for operator delete (void*)
    ledsmanager.o(.text) refers to ledsmanager.o(i._ZN11LedsManager7GetMaskEj) for LedsManager::GetMask(unsigned)
    ledsmanager.o(.text) refers to ledsmanager.o(.constdata__ZTV11LedsManager) for vtable for LedsManager
    ledsmanager.o(.ARM.exidx) refers to ledsmanager.o(.text) for .text
    main.o(.text) refers to jsmn.o(.text) for JSON::jsmn_parser::jsmn_parser()
    main.o(.text) refers to rwalloc.o(i._ZN4__rw15__rw_deallocateEPvji) for __rw::__rw_deallocate(void*, unsigned, int)
    main.o(.text) refers to ledsmanager.o(.text) for LedsManager::LedsManager()
    main.o(.text) refers to main.o(.data) for ticks
    main.o(.text) refers to system_stm32f10x.o(.data) for SystemCoreClock
    main.o(.ARM.exidx) refers to main.o(.text) for .text
    jsmn.o(.text) refers to jsmn.o(t._ZNSaIN4JSON9jsmntok_tEE9constructEPS0_RKS0_) for std::allocator<JSON::jsmntok_t>::construct(JSON::jsmntok_t*, const JSON::jsmntok_t&)
    jsmn.o(.text) refers to jsmn.o(t._ZNSt6vectorIN4JSON9jsmntok_tESaIS1_EE3endEv) for std::vector<JSON::jsmntok_t, std::allocator<JSON::jsmntok_t>>::end()
    jsmn.o(.text) refers to jsmn.o(t._ZNSt6vectorIN4JSON9jsmntok_tESaIS1_EE13_C_insert_auxEPS1_RKS1_) for std::vector<JSON::jsmntok_t, std::allocator<JSON::jsmntok_t>>::_C_insert_aux(JSON::jsmntok_t*, const JSON::jsmntok_t&)
    jsmn.o(.text) refers to jsmn.o(t._ZNKSt6vectorIN4JSON9jsmntok_tESaIS1_EE4sizeEv) for std::vector<JSON::jsmntok_t, std::allocator<JSON::jsmntok_t>>::size() const
    jsmn.o(.text) refers to jsmn.o(t._ZNSt6vectorIN4JSON9jsmntok_tESaIS1_EEixEj) for std::vector<JSON::jsmntok_t, std::allocator<JSON::jsmntok_t>>::operator [](unsigned)
    jsmn.o(.ARM.exidx) refers to jsmn.o(.text) for .text
    __main.o(!!!main) refers to rtentry.o(.ARM.Collect$$rtentry$$00000000) for __rt_entry
    rwalloc.o(i._ZN4__rw13__rw_allocateEji) refers to new.o(i._Znwj) for operator new(unsigned)
    rwalloc.o(i._ZN4__rw13__rw_allocateEji) refers to rwstdexcept.o(i._ZN4__rw10__rw_throwEiz) for __rw::__rw_throw(int, ...)
    rwalloc.o(i._ZN4__rw15__rw_deallocateEPvji) refers to delete.o(i._ZdlPv) for operator delete (void*)
    rwalloc.o(.ARM.exidx) refers to rwalloc.o(i._ZN4__rw13__rw_allocateEji) for i._ZN4__rw13__rw_allocateEji
    rwalloc.o(.ARM.exidx) refers to unwind_pr0.o(.text) for __aeabi_unwind_cpp_pr0
    rwalloc.o(.ARM.exidx) refers to rwalloc.o(.ARM.extab) for .extab._ZN4__rw13__rw_allocateEji
    rwalloc.o(.ARM.exidx) refers to rwalloc.o(i._ZN4__rw15__rw_deallocateEPvji) for i._ZN4__rw15__rw_deallocateEPvji
    rwalloc.o(.ARM.extab) refers to rwalloc.o(i._ZN4__rw13__rw_allocateEji) for i._ZN4__rw13__rw_allocateEji
    delete.o(i._ZdlPv) refers to h1_free.o(.text) for free
    delete.o(.ARM.exidx) refers to delete.o(i._ZdlPv) for i._ZdlPv
    lib_rtti_impl.o(i._ZN10__cxxabiv116__enum_type_infoD0Ev) refers to lib_rtti_impl.o(i._ZN10__cxxabiv116__enum_type_infoD1Ev) for __cxxabiv1::__enum_type_info::~__enum_type_info()
    lib_rtti_impl.o(i._ZN10__cxxabiv116__enum_type_infoD1Ev) refers to type_info_dtor.o(i._ZNSt9type_infoD1Ev) for std::type_info::~type_info()
    lib_rtti_impl.o(i._ZN10__cxxabiv117__array_type_infoD0Ev) refers to lib_rtti_impl.o(i._ZN10__cxxabiv117__array_type_infoD1Ev) for __cxxabiv1::__array_type_info::~__array_type_info()
    lib_rtti_impl.o(i._ZN10__cxxabiv117__array_type_infoD1Ev) refers to type_info_dtor.o(i._ZNSt9type_infoD1Ev) for std::type_info::~type_info()
    lib_rtti_impl.o(i._ZN10__cxxabiv117__class_type_infoD0Ev) refers to lib_rtti_impl.o(i._ZN10__cxxabiv117__class_type_infoD1Ev) for __cxxabiv1::__class_type_info::~__class_type_info()
[...]
    __Heap_Initialize                        0x08000fd9   Thumb Code    10  h1_init.o(.text)
    __Heap_DescSize                          0x08000fe3   Thumb Code     4  h1_init.o(.text)
    __Heap_ProvideMemory                     0x08000fe7   Thumb Code    52  h1_extend.o(.text)
    _printf_pre_padding                      0x0800101b   Thumb Code    46  _printf_pad.o(.text)
    _printf_post_padding                     0x08001049   Thumb Code    36  _printf_pad.o(.text)
    _printf_truncate_signed                  0x0800106d   Thumb Code    18  _printf_truncate.o(.text)
    _printf_truncate_unsigned                0x0800107f   Thumb Code    18  _printf_truncate.o(.text)
    _printf_str                              0x08001091   Thumb Code    82  _printf_str.o(.text)
    _printf_int_dec                          0x080010e5   Thumb Code   102  _printf_dec.o(.text)
    _printf_charcount                        0x0800115d   Thumb Code    42  _printf_charcount.o(.text)
    _printf_char_common                      0x08001193   Thumb Code    32  _printf_char_common.o(.text)
    _sputc                                   0x080011b9   Thumb Code    10  _sputc.o(.text)
    _snputc                                  0x080011c3   Thumb Code    16  _snputc.o(.text)
    _printf_char_file                        0x080011d5   Thumb Code    32  _printf_char_file.o(.text)
    _printf_wctomb                           0x080011f9   Thumb Code   182  _printf_wctomb.o(.text)
    _printf_longlong_dec                     0x080012b5   Thumb Code   104  _printf_longlong_dec.o(.text)
    _printf_longlong_oct                     0x0800132d   Thumb Code    76  _printf_oct_int_ll.o(.text)
    _printf_int_oct                          0x08001379   Thumb Code    24  _printf_oct_int_ll.o(.text)
    _printf_ll_oct                           0x08001391   Thumb Code    12  _printf_oct_int_ll.o(.text)
    _printf_longlong_hex                     0x080013a5   Thumb Code    92  _printf_hex_int_ll_ptr.o(.text)
    _printf_int_hex                          0x08001401   Thumb Code    28  _printf_hex_int_ll_ptr.o(.text)
    _printf_ll_hex                           0x0800141d   Thumb Code    12  _printf_hex_int_ll_ptr.o(.text)
    _printf_hex_ptr                          0x08001429   Thumb Code    18  _printf_hex_int_ll_ptr.o(.text)
    __printf                                 0x08001441   Thumb Code   390  __printf_flags_ss_wp.o(.text)
    _scanf_longlong                          0x080015cd   Thumb Code   342  _scanf_longlong.o(.text)
    _scanf_int                               0x08001723   Thumb Code   336  _scanf_int.o(.text)
    _scanf_string                            0x08001873   Thumb Code   218  _scanf_str.o(.text)
    __vfscanf_char                           0x08001959   Thumb Code    24  scanf_char.o(.text)
    _sgetc                                   0x08001979   Thumb Code    30  _sgetc.o(.text)
    _sbackspace                              0x08001997   Thumb Code    34  _sgetc.o(.text)
    _scanf_mbtowc                            0x080019b9   Thumb Code   272  _scanf_mbtowc.o(.text)
    _scanf_wctomb                            0x08001ac9   Thumb Code   226  _scanf_wctomb.o(.text)
    _scanf_wstring                           0x08001bab   Thumb Code   202  _scanf_wstr.o(.text)
    _initio                                  0x08001c75   Thumb Code   210  initio.o(.text)
    _terminateio                             0x08001d47   Thumb Code    56  initio.o(.text)
    setlocale                                0x08001dad   Thumb Code    10  locale.o(.text)
    exit                                     0x08001dbd   Thumb Code    12  exit.o(.text)
    __rt_SIGABRT                             0x08001dc9   Thumb Code    14  defsig_abrt_outer.o(.text)
    __rt_SIGRTMEM                            0x08001dd7   Thumb Code    14  defsig_rtmem_outer.o(.text)
    memcpy                                   0x08001de5   Thumb Code     8  memcpy.o(.text)
    strcmp                                   0x08001ded   Thumb Code   128  strcmpv7m.o(.text)
    __ARM_exceptions_buffer_init             0x08001e6d   Thumb Code    18  arm_exceptions_mem.o(.text)
    __ARM_exceptions_buffer_allocate         0x08001e7f   Thumb Code    22  arm_exceptions_mem.o(.text)
    __ARM_exceptions_buffer_free             0x08001e95   Thumb Code    20  arm_exceptions_mem.o(.text)
    _sys_open                                0x08001ea9   Thumb Code    20  sys_io.o(.text)
    _sys_close                               0x08001ebd   Thumb Code    12  sys_io.o(.text)
    _sys_write                               0x08001ec9   Thumb Code    16  sys_io.o(.text)
    _sys_read                                0x08001ed9   Thumb Code    14  sys_io.o(.text)
    _sys_istty                               0x08001ee7   Thumb Code    12  sys_io.o(.text)
    _sys_seek                                0x08001ef3   Thumb Code    14  sys_io.o(.text)
    _sys_ensure                              0x08001f01   Thumb Code     2  sys_io.o(.text)
    _sys_flen                                0x08001f03   Thumb Code    12  sys_io.o(.text)
    __I$use$semihosting                      0x08001f0f   Thumb Code     0  use_no_semi.o(.text)
    __use_no_semihosting_swi                 0x08001f0f   Thumb Code     2  use_no_semi.o(.text)
    __rt_locale                              0x08001f11   Thumb Code     8  rt_locale_intlibspace.o(.text)
    __semihosting_library_function           0x08001f11   Thumb Code     0  indicate_semi.o(.text)
    __rt_ddtor_pointer_addr                  0x08001f19   Thumb Code     8  rt_ddtor_pointer_addr_intlibspace.o(.text)
    __aeabi_errno_addr                       0x08001f21   Thumb Code     8  rt_errno_addr_intlibspace.o(.text)
    __errno$intlibspace                      0x08001f21   Thumb Code     0  rt_errno_addr_intlibspace.o(.text)
    __rt_errno_addr$intlibspace              0x08001f21   Thumb Code     0  rt_errno_addr_intlibspace.o(.text)
    _ll_udiv10                               0x08001f29   Thumb Code   138  lludiv10.o(.text)
    isspace                                  0x08001fb3   Thumb Code    18  isspace.o(.text)
    _printf_int_common                       0x08001fc5   Thumb Code   184  _printf_intcommon.o(.text)
    __lib_sel_fp_printf                      0x0800207d   Thumb Code     2  _printf_fp_dec.o(.text)
    _printf_fp_dec_real                      0x08002229   Thumb Code   628  _printf_fp_dec.o(.text)
    _printf_fp_hex_real                      0x0800249d   Thumb Code   762  _printf_fp_hex.o(.text)
    _printf_cs_common                        0x080027a1   Thumb Code    20  _printf_char.o(.text)
    _printf_char                             0x080027b5   Thumb Code    16  _printf_char.o(.text)
    _printf_string                           0x080027c5   Thumb Code     8  _printf_char.o(.text)
    _printf_lcs_common                       0x080027cd   Thumb Code    20  _printf_wchar.o(.text)
    _printf_wchar                            0x080027e1   Thumb Code    16  _printf_wchar.o(.text)
    _printf_wstring                          0x080027f1   Thumb Code     8  _printf_wchar.o(.text)
    _chval                                   0x080027f9   Thumb Code    28  _chval.o(.text)
    __vfscanf                                0x08002815   Thumb Code   876  _scanf.o(.text)
    _scanf_really_real                       0x08002d7d   Thumb Code   672  scanf_fp.o(.text)
    _scanf_wcharmap                          0x08003029   Thumb Code    30  _scanf_wcharmap.o(.text)
    ferror                                   0x08003047   Thumb Code     8  ferror.o(.text)
    setvbuf                                  0x0800304f   Thumb Code    70  setvbuf.o(.text)
    freopen                                  0x08003095   Thumb Code   158  fopen.o(.text)
    fopen                                    0x08003133   Thumb Code    74  fopen.o(.text)
    _fclose_internal                         0x08003181   Thumb Code    76  fclose.o(.text)
    fclose                                   0x08003181   Thumb Code     0  fclose.o(.text)
    _setlocale_r                             0x08003267   Thumb Code   106  locale_r.o(.text)
    _mbrtowc                                 0x08003375   Thumb Code    60  _mbrtowc.o(.text)
    _wcrtomb                                 0x080033b1   Thumb Code    64  _wcrtomb.o(.text)
    __sig_exit                               0x080033f1   Thumb Code    10  defsig_exit.o(.text)
    __rt_SIGABRT_inner                       0x080033fd   Thumb Code    14  defsig_abrt_inner.o(.text)
    __rt_SIGRTRED                            0x0800342d   Thumb Code    14  defsig_rtred_outer.o(.text)
    __rt_SIGRTMEM_inner                      0x0800343d   Thumb Code    22  defsig_rtmem_inner.o(.text)
    __aeabi_memclr4                          0x0800348d   Thumb Code     0  rt_memclr_w.o(.text)
    __aeabi_memclr8                          0x0800348d   Thumb Code     0  rt_memclr_w.o(.text)
    __rt_memclr_w                            0x0800348d   Thumb Code    78  rt_memclr_w.o(.text)
    _memset_w                                0x08003491   Thumb Code     0  rt_memclr_w.o(.text)
    __aeabi_vec_dtor                         0x080034db   Thumb Code    34  aeabi_vec_dtor_noexceptions.o(.text)
    __cxa_rethrow                            0x080034fd   Thumb Code     2  arm_rethrow_noexceptions.o(.text)
    _printf_fp_infnan                        0x08003501   Thumb Code   112  _printf_fp_infnan.o(.text)
    _btod_etento                             0x08003581   Thumb Code   222  bigflt0.o(.text)
    __flsbuf                                 0x08003665   Thumb Code   478  flsbuf.o(.text)
    __flsbuf_byte                            0x08003665   Thumb Code     0  flsbuf.o(.text)
    __flsbuf_wide                            0x08003665   Thumb Code     0  flsbuf.o(.text)
    _fseek                                   0x08003845   Thumb Code   242  fseek.o(.text)
    fseek                                    0x08003845   Thumb Code     0  fseek.o(.text)
    _seterr                                  0x0800393d   Thumb Code    20  stdio.o(.text)
    _writebuf                                0x08003951   Thumb Code    84  stdio.o(.text)
    _fflush                                  0x080039a5   Thumb Code    70  stdio.o(.text)
    _deferredlazyseek                        0x080039eb   Thumb Code    60  stdio.o(.text)
    __default_signal_display                 0x08003a2d   Thumb Code    50  defsig_general.o(.text)
    __rt_SIGRTRED_inner                      0x08003a61   Thumb Code    14  defsig_rtred_inner.o(.text)
    _ttywrch                                 0x08003a95   Thumb Code    14  sys_wrch.o(.text)
    __read_errno                             0x08003aa3   Thumb Code    10  _rserrno.o(.text)
    __set_errno                              0x08003aad   Thumb Code    12  _rserrno.o(.text)
    _scanf_really_hex_real                   0x08003ab9   Thumb Code   776  scanf_hexfp.o(.text)
    _scanf_really_infnan                     0x08003dcd   Thumb Code   298  scanf_infnan.o(.text)
    _ftell_internal                          0x08003f09   Thumb Code    70  ftell.o(.text)
    ftell                                    0x08003f09   Thumb Code     0  ftell.o(.text)
    __ARM_vec_cleanup                        0x08003f4f   Thumb Code    28  ARM_vec_cleanup_noexceptions.o(.text)
    __aeabi_llsl                             0x08003f6b   Thumb Code     0  llshl.o(.text)
    _ll_shift_l                              0x08003f6b   Thumb Code    38  llshl.o(.text)
    _btod_d2e                                0x08003f91   Thumb Code    62  btod.o(CL$$btod_d2e)
    _d2e_denorm_low                          0x08003fcf   Thumb Code    70  btod.o(CL$$btod_d2e_denorm_low)
    _d2e_norm_op1                            0x08004015   Thumb Code    96  btod.o(CL$$btod_d2e_norm_op1)
    __btod_div_common                        0x08004075   Thumb Code   696  btod.o(CL$$btod_div_common)
    _e2d                                     0x080043ad   Thumb Code    80  btod.o(CL$$btod_e2d)
    _e2e                                     0x08004401   Thumb Code   198  btod.o(CL$$btod_e2e)
    _btod_ediv                               0x080044c7   Thumb Code    40  btod.o(CL$$btod_ediv)
    _btod_edivd                              0x080044ef   Thumb Code    40  btod.o(CL$$btod_edivd)
    _btod_emul                               0x08004517   Thumb Code    40  btod.o(CL$$btod_emul)
    _btod_emuld                              0x0800453f   Thumb Code    40  btod.o(CL$$btod_emuld)
    __btod_mult_common                       0x08004567   Thumb Code   580  btod.o(CL$$btod_mult_common)
    catgets(__rw::__rw_cat*, int, int, const char*) 0x080047c1   Thumb Code    28  rwcats.o(i._Z7catgetsPN4__rw8__rw_catEiiPKc)
    catopen(const char*, int)                0x080047e1   Thumb Code    34  rwcats.o(i._Z7catopenPKci)
    LedsManager::GetMask(unsigned)           0x08004803   Thumb Code    24  ledsmanager.o(i._ZN11LedsManager7GetMaskEj)
    __rw::__rw_throw(int, ...)               0x0800481d   Thumb Code    86  rwstdexcept.o(i._ZN4__rw10__rw_throwEiz)
    __rw::__rw_allocate(unsigned, int)       0x08004879   Thumb Code    32  rwalloc.o(i._ZN4__rw13__rw_allocateEji)
    __rw::__rw_deallocate(void*, unsigned, int) 0x08004a61   Thumb Code     4  rwalloc.o(i._ZN4__rw15__rw_deallocateEPvji)
    __rw::__rw_facet_base::_C_initfacet(const std::locale&) 0x08004a65   Thumb Code     2  char.o(i._ZN4__rw15__rw_facet_base12_C_initfacetERKSt6locale)
    __rw::__rw_locale_imp::__rw_locale_imp(const char*, unsigned, unsigned) 0x08004a69   Thumb Code   218  locale.o(i._ZN4__rw15__rw_locale_impC1EPKcjj)
    __rw::__rw_locale_imp::__rw_locale_imp__sub_object(const char*, unsigned, unsigned) 0x08004a69   Thumb Code     0  locale.o(i._ZN4__rw15__rw_locale_impC1EPKcjj)
    __rw::__rw_locale_imp::~__rw_locale_imp() 0x08004b4d   Thumb Code    28  locale.o(i._ZN4__rw15__rw_locale_impD1Ev)
    __rw::__rw_locale_imp::~__rw_locale_imp__sub_object() 0x08004b4d   Thumb Code     0  locale.o(i._ZN4__rw15__rw_locale_impD1Ev)
    __rw::__rw_use_c_lib_locale::__rw_use_c_lib_locale(const char*, int) 0x08004b69   Thumb Code    58  locale.o(i._ZN4__rw21__rw_use_c_lib_localeC1EPKci)
    __rw::__rw_use_c_lib_locale::__rw_use_c_lib_locale__sub_object(const char*, int) 0x08004b69   Thumb Code     0  locale.o(i._ZN4__rw21__rw_use_c_lib_localeC1EPKci)
    __rw::__rw_use_c_lib_locale::~__rw_use_c_lib_locale() 0x08004ba3   Thumb Code    24  char.o(i._ZN4__rw21__rw_use_c_lib_localeD1Ev)
    __rw::__rw_use_c_lib_locale::~__rw_use_c_lib_locale__sub_object() 0x08004ba3   Thumb Code     0  char.o(i._ZN4__rw21__rw_use_c_lib_localeD1Ev)
    __rw::__rw_throw_exception_noex(int, char*) 0x08004bbd   Thumb Code    58  rwthrowproc_impl_noex.o(i._ZN4__rw25__rw_throw_exception_noexEiPc)
    __rw::__catfind(__rw::__rw_cat*)         0x08004c55   Thumb Code    42  rwcats.o(i._ZN4__rw9__catfindEPNS_8__rw_catE)
    std::__rw_exception::what() const        0x08004c85   Thumb Code     4  rwstdexcept.o(i._ZNKSt14__rw_exception4whatEv)
    std::__rw_messages_base::_C_cat_open(const std::basic_string<char, std::char_traits<char>, std::allocator<char>>&, const std::locale&) const 0x08004c89   Thumb Code   210  messages.o(i._ZNKSt18__rw_messages_base11_C_cat_openERKSsRKSt6locale)
    std::__rw_messages_base::_C_get_locale(int) const 0x08004d65   Thumb Code    32  messages.o(i._ZNKSt18__rw_messages_base13_C_get_localeEi)
    std::__rw_messages_base::_C_get_message(int, int, int) const 0x08004d85   Thumb Code    52  messages.o(i._ZNKSt18__rw_messages_base14_C_get_messageEiii)
    std::ctype<char>::is(std::ctype_base::mask, char) const 0x08004db9   Thumb Code    14  char.o(i._ZNKSt5ctypeIcE2isENSt10ctype_base4maskEc)
    std::locale::_C_make_facet(const std::locale::id&, bool, int, __rw::__rw_facet_base*(*)(int, const char*, unsigned)) const 0x08004dc9   Thumb Code   252  locale.o(i._ZNKSt6locale13_C_make_facetERKNS_2idEbiPFPN4__rw15__rw_facet_baseEiPKcjE)
    std::locale::_C_install_facet(__rw::__rw_facet_base*, const std::locale::id&) const 0x08004ecd   Thumb Code   110  locale.o(i._ZNKSt6locale16_C_install_facetEPN4__rw15__rw_facet_baseERKNS_2idE)
    std::locale::name() const                0x08004f41   Thumb Code    44  locale.o(i._ZNKSt6locale4nameEv)
    std::char_traits<char>::copy(char*, const char*, unsigned) 0x08004f71   Thumb Code    12  char.o(i._ZNSt11char_traitsIcE4copyEPcPKcj)
    std::ctype_byname<char>::_C_get_mask_table(const char*) 0x08004f7d   Thumb Code   186  char.o(i._ZNSt12ctype_bynameIcE17_C_get_mask_tableEPKc)
    std::ctype_byname<char>::ctype_byname(const char*, unsigned) 0x08005049   Thumb Code   280  char.o(i._ZNSt12ctype_bynameIcEC1EPKcj)
    std::ctype_byname<char>::ctype_byname__sub_object(const char*, unsigned) 0x08005049   Thumb Code     0  char.o(i._ZNSt12ctype_bynameIcEC1EPKcj)
    std::ctype_byname<char>::~ctype_byname__deallocating() 0x08005169   Thumb Code    14  char.o(i._ZNSt12ctype_bynameIcED0Ev)
    std::__rw_exception::_C_vformat(int, std::__va_list) 0x08005179   Thumb Code   128  rwstdexcept.o(i._ZNSt14__rw_exception10_C_vformatEiSt9__va_list)
    std::__rw_exception::__rw_exception()    0x080051fd   Thumb Code    16  rwstdexcept.o(i._ZNSt14__rw_exceptionC1Ev)
    std::__rw_exception::__rw_exception__sub_object() 0x080051fd   Thumb Code     0  rwstdexcept.o(i._ZNSt14__rw_exceptionC1Ev)
    std::__rw_exception::~__rw_exception()   0x08005211   Thumb Code    22  rwstdexcept.o(i._ZNSt14__rw_exceptionD1Ev)
    std::__rw_exception::~__rw_exception__sub_object() 0x08005211   Thumb Code     0  rwstdexcept.o(i._ZNSt14__rw_exceptionD1Ev)
    std::__rw_open_cat_data::__rw_open_cat_data() 0x0800522d   Thumb Code    26  messages.o(i._ZNSt18__rw_open_cat_dataC1Ev)
    std::__rw_open_cat_data::__rw_open_cat_data__sub_object() 0x0800522d   Thumb Code     0  messages.o(i._ZNSt18__rw_open_cat_dataC1Ev)
    std::__rw_open_cat_data::~__rw_open_cat_data() 0x08005247   Thumb Code    12  messages.o(i._ZNSt18__rw_open_cat_dataD1Ev)
    std::__rw_open_cat_data::~__rw_open_cat_data__sub_object() 0x08005247   Thumb Code     0  messages.o(i._ZNSt18__rw_open_cat_dataD1Ev)
    std::__rw_open_cat_data::operator =(const std::__rw_open_cat_data&) 0x08005253   Thumb Code    18  messages.o(i._ZNSt18__rw_open_cat_dataaSERKS_)
    std::ctype<char>::_C_initfacet(const std::locale&) 0x08005265   Thumb Code   250  char.o(i._ZNSt5ctypeIcE12_C_initfacetERKSt6locale)
    std::ctype<char>::ctype(const std::ctype_base::mask*, bool, unsigned) 0x08005361   Thumb Code   270  char.o(i._ZNSt5ctypeIcEC1EPKNSt10ctype_base4maskEbj)
    std::ctype<char>::ctype__sub_object(const std::ctype_base::mask*, bool, unsigned) 0x08005361   Thumb Code     0  char.o(i._ZNSt5ctypeIcEC1EPKNSt10ctype_base4maskEbj)
    std::ctype<char>::~ctype__deallocating() 0x08005479   Thumb Code    14  char.o(i._ZNSt5ctypeIcED0Ev)
    std::ctype<char>::~ctype()               0x08005489   Thumb Code    34  char.o(i._ZNSt5ctypeIcED1Ev)
    std::ctype<char>::~ctype__sub_object()   0x08005489   Thumb Code     0  char.o(i._ZNSt5ctypeIcED1Ev)
    std::locale::facet::~facet__deallocating() 0x080054b1   Thumb Code     4  rwstdexcept.o(i._ZNSt6locale5facetD0Ev)
    std::locale::_C_init()                   0x080054b5   Thumb Code   120  locale.o(i._ZNSt6locale7_C_initEv)
    std::locale::classic()                   0x08005539   Thumb Code    56  locale.o(i._ZNSt6locale7classicEv)
    std::locale::locale(__rw::__rw_locale_imp*) 0x0800557d   Thumb Code    28  locale.o(i._ZNSt6localeC1EPN4__rw15__rw_locale_impE)
    std::locale::locale__sub_object(__rw::__rw_locale_imp*) 0x0800557d   Thumb Code     0  locale.o(i._ZNSt6localeC1EPN4__rw15__rw_locale_impE)
    std::locale::locale(const std::locale&)  0x0800559d   Thumb Code    12  messages.o(i._ZNSt6localeC1ERKS_)
    std::locale::locale__sub_object(const std::locale&) 0x0800559d   Thumb Code     0  messages.o(i._ZNSt6localeC1ERKS_)
    std::locale::locale()                    0x080055a9   Thumb Code    28  rwstdexcept.o(i._ZNSt6localeC1Ev)
    std::locale::locale__sub_object()        0x080055a9   Thumb Code     0  rwstdexcept.o(i._ZNSt6localeC1Ev)
    std::locale::~locale()                   0x080055c9   Thumb Code    32  locale.o(i._ZNSt6localeD1Ev)
    std::locale::~locale__sub_object()       0x080055c9   Thumb Code     0  locale.o(i._ZNSt6localeD1Ev)
    std::locale::operator =(const std::locale&) 0x080055e9   Thumb Code    50  locale.o(i._ZNSt6localeaSERKS_)
    std::messages<char>::~messages__deallocating() 0x0800561b   Thumb Code    14  rwstdexcept.o(i._ZNSt8messagesIcED0Ev)
    std::messages<char>::~messages()         0x08005629   Thumb Code    14  rwstdexcept.o(i._ZNSt8messagesIcED1Ev)
    std::messages<char>::~messages__sub_object() 0x08005629   Thumb Code     0  rwstdexcept.o(i._ZNSt8messagesIcED1Ev)
    std::exception::exception()              0x08005639   Thumb Code     6  exception_ctor.o(i._ZNSt9exceptionC1Ev)
    std::exception::exception__sub_object()  0x08005639   Thumb Code     0  exception_ctor.o(i._ZNSt9exceptionC1Ev)
    std::__rw_get_cats()                     0x08005645   Thumb Code    44  messages.o(i._ZSt13__rw_get_catsv)
    operator delete[] (void*)                0x08005681   Thumb Code     8  array_del.o(i._ZdaPv)
    operator delete (void*)                  0x08005689   Thumb Code     8  delete.o(i._ZdlPv)
    operator new[] (unsigned)                0x08005691   Thumb Code     8  array_new.o(i._Znaj)
    operator new(unsigned)                   0x08005699   Thumb Code    34  new.o(i._Znwj)
    __ARM_array_new_general                  0x080056c1   Thumb Code   146  array_new_general.o(i.__ARM_array_new_general)
    __ARM_fpclassify                         0x08005753   Thumb Code    40  fpclassify.o(i.__ARM_fpclassify)
    __aeabi_atexit                           0x0800577b   Thumb Code    50  aeabi_atexit.o(i.__aeabi_atexit)
    __aeabi_vec_dtor_cookie                  0x080057ad   Thumb Code    16  aeabi_vec_dtor_cookie.o(i.__aeabi_vec_dtor_cookie)
    __aeabi_vec_new_cookie                   0x080057bd   Thumb Code    20  aeabi_vec_new_cookie.o(i.__aeabi_vec_new_cookie)
    __cxa_finalize                           0x080057d1   Thumb Code    66  cxa_finalize.o(i.__cxa_finalize)
    __cxa_guard_acquire                      0x08005813   Thumb Code    16  cxa_guard_acquire.o(i.__cxa_guard_acquire)
    __cxa_vec_new                            0x08005825   Thumb Code    18  cxa_vec_new.o(i.__cxa_vec_new)
    __mathlib_dbl_underflow                  0x0800583d   Thumb Code    10  dunder.o(i.__mathlib_dbl_underflow)
    __mathlib_narrow                         0x0800584d   Thumb Code    16  narrow.o(i.__mathlib_narrow)
    __mathlib_tofloat                        0x0800585d   Thumb Code   132  narrow.o(i.__mathlib_tofloat)
    __support_ldexp                          0x080058e5   Thumb Code    22  ldexp.o(i.__support_ldexp)
    _is_digit                                0x080058fb   Thumb Code    14  __printf_wp.o(i._is_digit)
    fputc                                    0x08005909   Thumb Code    26  fputc.o(i.fputc)
    frexp                                    0x08005925   Thumb Code    80  frexp.o(i.frexp)
    ldexp                                    0x0800597d   Thumb Code   126  ldexp.o(i.ldexp)
    _get_lc_ctype                            0x080059fd   Thumb Code    44  lc_ctype_c.o(locale$$code)
    _get_lc_numeric                          0x08005a29   Thumb Code    44  lc_numeric_c.o(locale$$code)
    __rw::__string_ref<char, std::char_traits<char>, std::allocator<char>>::_C_inc_ref() 0x08005a55   Thumb Code    14  char.o(t._ZN4__rw12__string_refIcSt11char_traitsIcESaIcEE10_C_inc_refEv)
    __rw::__rw_facet_maker<std::ctype<char>>::_C_maker_func(int, const char*, unsigned) 0x08005a69   Thumb Code    70  rwstdexcept.o(t._ZN4__rw16__rw_facet_makerISt5ctypeIcEE13_C_maker_funcEiPKcj)
    __rw::__rw_locale_vector<__rw::__rw_facet_base*>::resize(unsigned, __rw::__rw_facet_base*const &) 0x08005aaf   Thumb Code    76  locale.o(t._ZN4__rw18__rw_locale_vectorIPNS_15__rw_facet_baseEE6resizeEjRKS2_)
    __rw::__rw_locale_vector<__rw::__rw_facet_base*>::~__rw_locale_vector() 0x08005afb   Thumb Code    14  locale.o(t._ZN4__rw18__rw_locale_vectorIPNS_15__rw_facet_baseEED1Ev)
    __rw::__rw_locale_vector<__rw::__rw_facet_base*>::~__rw_locale_vector__sub_object() 0x08005afb   Thumb Code     0  locale.o(t._ZN4__rw18__rw_locale_vectorIPNS_15__rw_facet_baseEED1Ev)
    __rw::__rw_locale_vector<std::basic_string<char, std::char_traits<char>, std::allocator<char>>>::~__rw_locale_vector() 0x08005b09   Thumb Code    16  locale.o(t._ZN4__rw18__rw_locale_vectorISsED1Ev)
    __rw::__rw_locale_vector<std::basic_string<char, std::char_traits<char>, std::allocator<char>>>::~__rw_locale_vector__sub_object() 0x08005b09   Thumb Code     0  locale.o(t._ZN4__rw18__rw_locale_vectorISsED1Ev)
    __rw::__rw_locale_vector<std::__rw_open_cat_data>::~__rw_locale_vector() 0x08005b1d   Thumb Code    16  messages.o(t._ZN4__rw18__rw_locale_vectorISt18__rw_open_cat_dataED1Ev)
    __rw::__rw_locale_vector<std::__rw_open_cat_data>::~__rw_locale_vector__sub_object() 0x08005b1d   Thumb Code     0  messages.o(t._ZN4__rw18__rw_locale_vectorISt18__rw_open_cat_dataED1Ev)
    std::vector<JSON::jsmntok_t, std::allocator<JSON::jsmntok_t>>::size() const 0x08005b31   Thumb Code    24  jsmn.o(t._ZNKSt6vectorIN4JSON9jsmntok_tESaIS1_EE4sizeEv)
    std::vector<JSON::jsmntok_t, std::allocator<JSON::jsmntok_t>>::capacity() const 0x08005b49   Thumb Code    12  jsmn.o(t._ZNKSt6vectorIN4JSON9jsmntok_tESaIS1_EE8capacityEv)
    std::messages<char>::do_get(int, int, int, const std::basic_string<char, std::char_traits<char>, std::allocator<char>>&) const 0x08005b55   Thumb Code   136  rwstdexcept.o(t._ZNKSt8messagesIcE6do_getEiiiRKSs)
    std::messages<char>::do_open(const std::basic_string<char, std::char_traits<char>, std::allocator<char>>&, const std::locale&) const 0x08005be5   Thumb Code     6  rwstdexcept.o(t._ZNKSt8messagesIcE7do_openERKSsRKSt6locale)
    std::allocator<JSON::jsmntok_t>::deallocate(JSON::jsmntok_t*, unsigned) 0x08005beb   Thumb Code    20  jsmn.o(t._ZNSaIN4JSON9jsmntok_tEE10deallocateEPS0_j)
    std::allocator<JSON::jsmntok_t>::construct(JSON::jsmntok_t*, const JSON::jsmntok_t&) 0x08005bff   Thumb Code    26  jsmn.o(t._ZNSaIN4JSON9jsmntok_tEE9constructEPS0_RKS0_)
    std::basic_string<char, std::char_traits<char>, std::allocator<char>>::_C_allocate(unsigned, unsigned, unsigned) 0x08005c19   Thumb Code    50  locale.o(t._ZNSs11_C_allocateEjjj)
    std::basic_string<char, std::char_traits<char>, std::allocator<char>>::replace(unsigned, unsigned, const char*, unsigned) 0x08005c4b   Thumb Code    24  locale.o(t._ZNSs7replaceEjjPKcj)
    std::basic_string<char, std::char_traits<char>, std::allocator<char>>::replace(unsigned, unsigned, const char*, unsigned, unsigned, unsigned) 0x08005c65   Thumb Code   358  char.o(t._ZNSs7replaceEjjPKcjjj)
    std::basic_string<char, std::char_traits<char>, std::allocator<char>>::_C_getRep(unsigned, unsigned) 0x08005dd5   Thumb Code   108  char.o(t._ZNSs9_C_getRepEjj)
    std::basic_string<char, std::char_traits<char>, std::allocator<char>>::_C_unlink() 0x08005e49   Thumb Code    66  char.o(t._ZNSs9_C_unlinkEv)
    std::basic_string<char, std::char_traits<char>, std::allocator<char>>::basic_string(const char*, const std::allocator<char>&) 0x08005e91   Thumb Code    52  locale.o(t._ZNSsC1EPKcRKSaIcE)
    std::basic_string<char, std::char_traits<char>, std::allocator<char>>::basic_string__sub_object(const char*, const std::allocator<char>&) 0x08005e91   Thumb Code     0  locale.o(t._ZNSsC1EPKcRKSaIcE)
    std::basic_string<char, std::char_traits<char>, std::allocator<char>>::basic_string(const std::allocator<char>&) 0x08005ec9   Thumb Code    12  locale.o(t._ZNSsC1ERKSaIcE)
    std::basic_string<char, std::char_traits<char>, std::allocator<char>>::basic_string__sub_object(const std::allocator<char>&) 0x08005ec9   Thumb Code     0  locale.o(t._ZNSsC1ERKSaIcE)
    std::basic_string<char, std::char_traits<char>, std::allocator<char>>::basic_string(const std::basic_string<char, std::char_traits<char>, std::allocator<char>>&) 0x08005ed9   Thumb Code    62  char.o(t._ZNSsC1ERKSs)
    std::basic_string<char, std::char_traits<char>, std::allocator<char>>::basic_string__sub_object(const std::basic_string<char, std::char_traits<char>, std::allocator<char>>&) 0x08005ed9   Thumb Code     0  char.o(t._ZNSsC1ERKSs)
    std::basic_string<char, std::char_traits<char>, std::allocator<char>>::~basic_string() 0x08005f17   Thumb Code    12  char.o(t._ZNSsD1Ev)
    std::basic_string<char, std::char_traits<char>, std::allocator<char>>::~basic_string__sub_object() 0x08005f17   Thumb Code     0  char.o(t._ZNSsD1Ev)
    std::basic_string<char, std::char_traits<char>, std::allocator<char>>::operator =(const char*) 0x08005f25   Thumb Code    74  locale.o(t._ZNSsaSEPKc)
    std::basic_string<char, std::char_traits<char>, std::allocator<char>>::operator =(const std::basic_string<char, std::char_traits<char>, std::allocator<char>>&) 0x08005f75   Thumb Code    62  locale.o(t._ZNSsaSERKSs)
    std::vector<JSON::jsmntok_t, std::allocator<JSON::jsmntok_t>>::_C_destroy(JSON::jsmntok_t*, JSON::jsmntok_t*) 0x08005fb3   Thumb Code    18  jsmn.o(t._ZNSt6vectorIN4JSON9jsmntok_tESaIS1_EE10_C_destroyEPS1_S4_)
    std::vector<JSON::jsmntok_t, std::allocator<JSON::jsmntok_t>>::_C_insert_aux(JSON::jsmntok_t*, const JSON::jsmntok_t&) 0x08005fc5   Thumb Code   320  jsmn.o(t._ZNSt6vectorIN4JSON9jsmntok_tESaIS1_EE13_C_insert_auxEPS1_RKS1_)
    std::vector<JSON::jsmntok_t, std::allocator<JSON::jsmntok_t>>::end() 0x08006105   Thumb Code     8  jsmn.o(t._ZNSt6vectorIN4JSON9jsmntok_tESaIS1_EE3endEv)
    std::vector<JSON::jsmntok_t, std::allocator<JSON::jsmntok_t>>::begin() 0x0800610d   Thumb Code     8  jsmn.o(t._ZNSt6vectorIN4JSON9jsmntok_tESaIS1_EE5beginEv)
    std::vector<JSON::jsmntok_t, std::allocator<JSON::jsmntok_t>>::operator [](unsigned) 0x08006115   Thumb Code    18  jsmn.o(t._ZNSt6vectorIN4JSON9jsmntok_tESaIS1_EEixEj)
    std::uninitialized_copy<JSON::jsmntok_t*, JSON::jsmntok_t*, std::allocator<JSON::jsmntok_t>>(T1, T1, T2, T3&) 0x08006127   Thumb Code    44  jsmn.o(t._ZSt18uninitialized_copyIPN4JSON9jsmntok_tES2_SaIS1_EET0_T_S5_S4_RT1_)
    std::max<unsigned>(const T1&, const T1&) 0x08006153   Thumb Code    12  char.o(t._ZSt3maxIjERKT_S2_S2_)
    __aeabi_d2f                              0x08006161   Thumb Code     0  d2f.o(x$fpl$d2f)
    _d2f                                     0x08006161   Thumb Code    98  d2f.o(x$fpl$d2f)
    __fpl_dcheck_NaN1                        0x080061c5   Thumb Code    10  dcheck1.o(x$fpl$dcheck1)
    __fpl_dcmp_Inf                           0x080061d5   Thumb Code    24  dcmpi.o(x$fpl$dcmpinf)
    __aeabi_cdcmpeq                          0x080061ed   Thumb Code     0  deqf.o(x$fpl$deqf)
    _dcmpeq                                  0x080061ed   Thumb Code   120  deqf.o(x$fpl$deqf)
    __aeabi_cdcmple                          0x08006265   Thumb Code     0  dleqf.o(x$fpl$dleqf)
    _dcmple                                  0x08006265   Thumb Code   120  dleqf.o(x$fpl$dleqf)
    __fpl_dcmple_InfNaN                      0x080062c7   Thumb Code     0  dleqf.o(x$fpl$dleqf)
    __fpl_dnaninf                            0x080062dd   Thumb Code   156  dnaninf.o(x$fpl$dnaninf)
    __aeabi_cdrcmple                         0x08006379   Thumb Code     0  drleqf.o(x$fpl$drleqf)
    _drcmple                                 0x08006379   Thumb Code   108  drleqf.o(x$fpl$drleqf)
    __fpl_fretinf                            0x080063e5   Thumb Code    10  fretinf.o(x$fpl$fretinf)
    _printf_fp_dec                           0x080063ef   Thumb Code     4  printf1.o(x$fpl$printf1)
    _printf_fp_hex                           0x080063f3   Thumb Code     4  printf2.o(x$fpl$printf2)
    __fpl_return_NaN                         0x080063f7   Thumb Code   100  retnan.o(x$fpl$retnan)
    __ARM_scalbn                             0x0800645b   Thumb Code    92  scalbn.o(x$fpl$scalbn)
    _scanf_real                              0x080064b7   Thumb Code     4  scanf1.o(x$fpl$scanf1)
    _scanf_hex_real                          0x080064bb   Thumb Code     4  scanf2.o(x$fpl$scanf2)
    _scanf_infnan                            0x080064bf   Thumb Code     4  scanf2.o(x$fpl$scanf2)
    __fpl_cmpreturn                          0x080064c3   Thumb Code    48  trapv.o(x$fpl$trapveneer)
    __I$use$fp                               0x080064f2   Number         0  usenofp.o(x$fpl$usenofp)
    std::ctype<char>::_C_classic_table       0x08006550   Data         512  char.o(.constdata)
    __stdin_name                             0x08006791   Data           4  sys_io.o(.constdata)
    __stdout_name                            0x08006795   Data           4  sys_io.o(.constdata)
    __stderr_name                            0x08006799   Data           4  sys_io.o(.constdata)
    vtable for LedsManager                   0x08006858   Data          16  ledsmanager.o(.constdata__ZTV11LedsManager)
    vtable for std::locale::facet            0x08006868   Data          20  rwstdexcept.o(.constdata__ZTVNSt6locale5facetE)
    vtable for std::ctype_byname<char>       0x0800687c   Data          52  char.o(.constdata__ZTVSt12ctype_bynameIcE)
    vtable for std::__rw_exception           0x080068b0   Data          20  rwstdexcept.o(.constdata__ZTVSt14__rw_exception)
    vtable for std::ctype<char>              0x080068c4   Data          52  char.o(.constdata__ZTVSt5ctypeIcE)
    vtable for std::messages<char>           0x080068f8   Data          32  rwstdexcept.o(.constdata__ZTVSt8messagesIcE)
    vtable for std::exception                0x08006918   Data          20  exception_dtor.o(.constdata__ZTVSt9exception)
    Region$$Table$$Base                      0x08006b7c   Number         0  anon$$obj.o(Region$$Table)
    Region$$Table$$Limit                     0x08006b9c   Number         0  anon$$obj.o(Region$$Table)
    __aeabi_HUGE_VAL                         0x08006b9c   Data           0  fpconst.o(c$$dinf)
    __aeabi_HUGE_VALL                        0x08006b9c   Data           0  fpconst.o(c$$dinf)
    __aeabi_INFINITY                         0x08006b9c   Data           0  fpconst.o(c$$dinf)
    __dInf                                   0x08006b9c   Data           0  fpconst.o(c$$dinf)
    __huge_val                               0x08006b9c   Data           0  fpconst.o(c$$dinf)
    __ctype                                  0x08006bb1   Data           0  lc_ctype_c.o(locale$$data)
    __lcnull_start                           0x08006cc0   Data           4  null_locale.o(locale$$data)
    SystemCoreClock                          0x20000000   Data           4  system_stm32f10x.o(.data)
    AHBPrescTable                            0x20000004   Data          16  system_stm32f10x.o(.data)
    clock_1s                                 0x20000014   Data           1  main.o(.data)
    __aeabi_stdin                            0x20000030   Data           4  stdio_streams.o(.data)
    __aeabi_stdout                           0x20000034   Data           4  stdio_streams.o(.data)
    __aeabi_stderr                           0x20000038   Data           4  stdio_streams.o(.data)
    std::ctype<char>::id                     0x2000003c   Data           4  char.o(.data)
    std::ctype<wchar_t>::id                  0x20000040   Data           4  char.o(.data)
    std::locale::_C_classic                  0x2000004c   Data           4  locale.o(.data)
    std::locale::_C_native                   0x20000050   Data           4  locale.o(.data)
    std::locale::_C_global                   0x20000054   Data           4  locale.o(.data)
    std::codecvt<char, char, std::__mbstate_t>::id 0x20000058   Data           4  locale.o(.data)
    std::codecvt<wchar_t, char, std::__mbstate_t>::id 0x2000005c   Data           4  locale.o(.data)
    __rw_throw_proc                          0x20000060   Data           4  rwthrowproc_noex.o(.data)
    std::locale::id::_C_init() const::_C_id_gen 0x2000006c   Data           4  locale.o(.data__ZZNKSt6locale2id7_C_initEvE9_C_id_gen)
    guard variable for std::__rw_get_cats()::__open_cats 0x20000070   Data           4  messages.o(.data__ZZSt13__rw_get_catsvE11__open_cats)
    std::__rw_get_cats()::__open_cats        0x20000074   Data           8  messages.o(.data__ZZSt13__rw_get_catsvE11__open_cats)
    __stdin                                  0x20000098   Data          84  stdio_streams.o(.bss)
    __stdout                                 0x200000ec   Data          84  stdio_streams.o(.bss)
    __stderr                                 0x20000140   Data          84  stdio_streams.o(.bss)
    __libspace_start                         0x20000194   Data          96  libspace.o(.bss)
    __temporary_stack_top$libspace           0x200001f4   Data           0  libspace.o(.bss)
    std::basic_string<char, std::char_traits<char>, std::allocator<char>>::__nullref 0x20000220   Data          16  vendor.o(.bss__ZNSs9__nullrefE)



==============================================================================

Memory Map of the image

  Image Entry point : 0x080000ed

  Load Region LR_IROM1 (Base: 0x08000000, Size: 0x00006d5c, Max: 0x00020000, ABSOLUTE)

    Execution Region ER_IROM1 (Base: 0x08000000, Size: 0x00006ce0, Max: 0x00020000, ABSOLUTE)

    Base Addr    Size         Type   Attr      Idx    E Section Name        Object

    0x08000000   0x000000ec   Data   RO            3    RESET               startup_stm32f10x_md.o
    0x080000ec   0x00000008   Code   RO          463  * !!!main             c_w.l(__main.o)
    0x080000f4   0x00000034   Code   RO         2284    !!!scatter          c_w.l(__scatter.o)
    0x08000128   0x0000001a   Code   RO         2286    !!handler_copy      c_w.l(__scatter_copy.o)
    0x08000142   0x00000002   PAD
    0x08000144   0x0000001c   Code   RO         2288    !!handler_zi        c_w.l(__scatter_zi.o)
    0x08000160   0x00000000   Code   RO         1647    .ARM.Collect$$_printf_percent$$00000000  c_w.l(_printf_percent.o)
    0x08000160   0x00000006   Code   RO         1636    .ARM.Collect$$_printf_percent$$00000001  c_w.l(_printf_n.o)
    0x08000166   0x00000006   Code   RO         1638    .ARM.Collect$$_printf_percent$$00000002  c_w.l(_printf_p.o)
    0x0800016c   0x00000006   Code   RO         1643    .ARM.Collect$$_printf_percent$$00000003  c_w.l(_printf_f.o)
    0x08000172   0x00000006   Code   RO         1644    .ARM.Collect$$_printf_percent$$00000004  c_w.l(_printf_e.o)
    0x08000178   0x00000006   Code   RO         1645    .ARM.Collect$$_printf_percent$$00000005  c_w.l(_printf_g.o)
    0x0800017e   0x00000006   Code   RO         1646    .ARM.Collect$$_printf_percent$$00000006  c_w.l(_printf_a.o)
    0x08000184   0x0000000a   Code   RO         1651    .ARM.Collect$$_printf_percent$$00000007  c_w.l(_printf_ll.o)
    0x0800018e   0x00000006   Code   RO         1640    .ARM.Collect$$_printf_percent$$00000008  c_w.l(_printf_i.o)
    0x08000194   0x00000006   Code   RO         1641    .ARM.Collect$$_printf_percent$$00000009  c_w.l(_printf_d.o)
    0x0800019a   0x00000006   Code   RO         1642    .ARM.Collect$$_printf_percent$$0000000A  c_w.l(_printf_u.o)
    0x080001a0   0x00000006   Code   RO         1639    .ARM.Collect$$_printf_percent$$0000000B  c_w.l(_printf_o.o)
    0x080001a6   0x00000006   Code   RO         1637    .ARM.Collect$$_printf_percent$$0000000C  c_w.l(_printf_x.o)
    0x080001ac   0x00000006   Code   RO         1648    .ARM.Collect$$_printf_percent$$0000000D  c_w.l(_printf_lli.o)
    0x080001b2   0x00000006   Code   RO         1649    .ARM.Collect$$_printf_percent$$0000000E  c_w.l(_printf_lld.o)
    0x080001b8   0x00000006   Code   RO         1650    .ARM.Collect$$_printf_percent$$0000000F  c_w.l(_printf_llu.o)
    0x080001be   0x00000006   Code   RO         1655    .ARM.Collect$$_printf_percent$$00000010  c_w.l(_printf_llo.o)
    0x080001c4   0x00000006   Code   RO         1656    .ARM.Collect$$_printf_percent$$00000011  c_w.l(_printf_llx.o)
    0x080001ca   0x0000000a   Code   RO         1652    .ARM.Collect$$_printf_percent$$00000012  c_w.l(_printf_l.o)
    0x080001d4   0x00000006   Code   RO         1634    .ARM.Collect$$_printf_percent$$00000013  c_w.l(_printf_c.o)
    0x080001da   0x00000006   Code   RO         1635    .ARM.Collect$$_printf_percent$$00000014  c_w.l(_printf_s.o)
    0x080001e0   0x00000006   Code   RO         1653    .ARM.Collect$$_printf_percent$$00000015  c_w.l(_printf_lc.o)
    0x080001e6   0x00000006   Code   RO         1654    .ARM.Collect$$_printf_percent$$00000016  c_w.l(_printf_ls.o)
    0x080001ec   0x00000004   Code   RO         1955    .ARM.Collect$$_printf_percent$$00000017  c_w.l(_printf_percent_end.o)
    0x080001f0   0x00000002   Code   RO         1720    .ARM.Collect$$libinit$$00000000  c_w.l(libinit.o)
    0x080001f2   0x00000000   Code   RO         1722    .ARM.Collect$$libinit$$00000002  c_w.l(libinit2.o)
    0x080001f2   0x00000008   Code   RO         1723    .ARM.Collect$$libinit$$00000003  c_w.l(libinit2.o)
    0x080001fa   0x00000000   Code   RO         1725    .ARM.Collect$$libinit$$00000008  c_w.l(libinit2.o)
    0x080001fa   0x00000000   Code   RO         1727    .ARM.Collect$$libinit$$0000000A  c_w.l(libinit2.o)
    0x080001fa   0x00000000   Code   RO         1729    .ARM.Collect$$libinit$$0000000C  c_w.l(libinit2.o)
    0x080001fa   0x00000006   Code   RO         1730    .ARM.Collect$$libinit$$0000000D  c_w.l(libinit2.o)
    0x08000200   0x00000000   Code   RO         1732    .ARM.Collect$$libinit$$0000000F  c_w.l(libinit2.o)
    0x08000200   0x0000000c   Code   RO         1733    .ARM.Collect$$libinit$$00000010  c_w.l(libinit2.o)
    0x0800020c   0x00000000   Code   RO         1734    .ARM.Collect$$libinit$$00000011  c_w.l(libinit2.o)
    0x0800020c   0x00000000   Code   RO         1736    .ARM.Collect$$libinit$$00000013  c_w.l(libinit2.o)
    0x0800020c   0x0000000a   Code   RO         1737    .ARM.Collect$$libinit$$00000014  c_w.l(libinit2.o)
    0x08000216   0x00000000   Code   RO         1738    .ARM.Collect$$libinit$$00000015  c_w.l(libinit2.o)
    0x08000216   0x00000000   Code   RO         1740    .ARM.Collect$$libinit$$00000017  c_w.l(libinit2.o)
    0x08000216   0x00000000   Code   RO         1742    .ARM.Collect$$libinit$$00000019  c_w.l(libinit2.o)
    0x08000216   0x00000000   Code   RO         1744    .ARM.Collect$$libinit$$0000001B  c_w.l(libinit2.o)
    0x08000216   0x00000000   Code   RO         1746    .ARM.Collect$$libinit$$0000001D  c_w.l(libinit2.o)
    0x08000216   0x00000000   Code   RO         1748    .ARM.Collect$$libinit$$0000001F  c_w.l(libinit2.o)
    0x08000216   0x00000000   Code   RO         1750    .ARM.Collect$$libinit$$00000021  c_w.l(libinit2.o)
    0x08000216   0x00000004   Code   RO         1751    .ARM.Collect$$libinit$$00000022  c_w.l(libinit2.o)
    0x0800021a   0x00000000   Code   RO         1752    .ARM.Collect$$libinit$$00000023  c_w.l(libinit2.o)
    0x0800021a   0x00000000   Code   RO         1756    .ARM.Collect$$libinit$$0000002A  c_w.l(libinit2.o)
    0x0800021a   0x00000000   Code   RO         1758    .ARM.Collect$$libinit$$0000002C  c_w.l(libinit2.o)
    0x0800021a   0x00000000   Code   RO         1760    .ARM.Collect$$libinit$$0000002E  c_w.l(libinit2.o)
    0x0800021a   0x00000000   Code   RO         1762    .ARM.Collect$$libinit$$00000030  c_w.l(libinit2.o)
    0x0800021a   0x00000002   Code   RO         1763    .ARM.Collect$$libinit$$00000031  c_w.l(libinit2.o)
    0x0800021c   0x00000002   Code   RO         2224    .ARM.Collect$$libshutdown$$00000000  c_w.l(libshutdown.o)
    0x0800021e   0x00000006   Code   RO         2032    .ARM.Collect$$libshutdown$$00000001  c_w.l(libshutdown2.o)
    0x08000224   0x00000004   Code   RO         2033    .ARM.Collect$$libshutdown$$00000002  c_w.l(libshutdown2.o)
    0x08000228   0x00000000   Code   RO         2034    .ARM.Collect$$libshutdown$$00000003  c_w.l(libshutdown2.o)
    0x08000228   0x00000000   Code   RO         2037    .ARM.Collect$$libshutdown$$00000006  c_w.l(libshutdown2.o)
    0x08000228   0x00000000   Code   RO         2040    .ARM.Collect$$libshutdown$$00000009  c_w.l(libshutdown2.o)
    0x08000228   0x00000000   Code   RO         2042    .ARM.Collect$$libshutdown$$0000000B  c_w.l(libshutdown2.o)
    0x08000228   0x00000000   Code   RO         2045    .ARM.Collect$$libshutdown$$0000000E  c_w.l(libshutdown2.o)
    0x08000228   0x00000002   Code   RO         2046    .ARM.Collect$$libshutdown$$0000000F  c_w.l(libshutdown2.o)
    0x0800022a   0x00000000   Code   RO          717    .ARM.Collect$$rtentry$$00000000  c_w.l(rtentry.o)
    0x0800022a   0x00000000   Code   RO          933    .ARM.Collect$$rtentry$$00000002  c_w.l(rtentry2.o)
    0x0800022a   0x00000006   Code   RO          945    .ARM.Collect$$rtentry$$00000004  c_w.l(rtentry4.o)
    0x08000230   0x00000000   Code   RO          935    .ARM.Collect$$rtentry$$00000009  c_w.l(rtentry2.o)
    0x08000230   0x00000004   Code   RO          936    .ARM.Collect$$rtentry$$0000000A  c_w.l(rtentry2.o)
    0x08000234   0x00000000   Code   RO          938    .ARM.Collect$$rtentry$$0000000C  c_w.l(rtentry2.o)
    0x08000234   0x00000008   Code   RO          939    .ARM.Collect$$rtentry$$0000000D  c_w.l(rtentry2.o)
    0x0800023c   0x00000002   Code   RO         1909    .ARM.Collect$$rtexit$$00000000  c_w.l(rtexit.o)
    0x0800023e   0x00000000   Code   RO         2072    .ARM.Collect$$rtexit$$00000002  c_w.l(rtexit2.o)
    0x0800023e   0x00000004   Code   RO         2073    .ARM.Collect$$rtexit$$00000003  c_w.l(rtexit2.o)
    0x08000242   0x00000006   Code   RO         2074    .ARM.Collect$$rtexit$$00000004  c_w.l(rtexit2.o)
    0x08000248   0x00000000   Code   RO         1552    .emb_text           c_w.l(maybetermalloc1.o)
    0x08000248   0x00000040   Code   RO            4    .text               startup_stm32f10x_md.o
    0x08000288   0x000001c8   Code   RO           12    .text               system_stm32f10x.o
    0x08000450   0x000000b8   Code   RO           55    .text               ledsmanager.o
    0x08000508   0x00000144   Code   RO          117    .text               main.o
    0x0800064c   0x00000412   Code   RO          314    .text               jsmn.o
    0x08000a5e   0x00000006   Code   RO          461    .text               c_w.l(heapauxi.o)
    0x08000a64   0x0000004e   Code   RO          720    .text               c_w.l(h1_free.o)
    0x08000ab2   0x0000008a   Code   RO          774    .text               c_w.l(rt_memcpy_v6.o)
    0x08000b3c   0x00000084   Code   RO          776    .text               c_w.l(rt_memmove_v6.o)
    0x08000bc0   0x00000008   Code   RO          950    .text               c_w.l(rt_heap_descriptor_intlibspace.o)
    0x08000bc8   0x00000008   Code   RO          955    .text               c_w.l(rt_new_handler_addr_intlibspace.o)
    0x08000bd0   0x00000004   Code   RO          957    .text               c_w.l(hguard.o)
    0x08000bd4   0x0000008a   Code   RO          959    .text               c_w.l(init_alloc.o)
    0x08000c5e   0x0000005e   Code   RO          965    .text               c_w.l(h1_alloc.o)
    0x08000cbc   0x00000014   Code   RO          979    .text               c_w.l(fprintf.o)
    0x08000cd0   0x00000034   Code   RO          981    .text               c_w.l(vsnprintf.o)
    0x08000d04   0x0000003c   Code   RO          983    .text               c_w.l(sscanf.o)
    0x08000d40   0x00000010   Code   RO          991    .text               c_w.l(abort.o)
    0x08000d50   0x00000048   Code   RO          993    .text               c_w.l(strcpy.o)
    0x08000d98   0x00000016   Code   RO          995    .text               c_w.l(strrchr.o)
    0x08000dae   0x0000003e   Code   RO          997    .text               c_w.l(strlen.o)
    0x08000dec   0x00000018   Code   RO          999    .text               c_w.l(strcat.o)
    0x08000e04   0x00000064   Code   RO         1001    .text               c_w.l(rt_memcpy_w.o)
    0x08000e68   0x0000007a   Code   RO         1003    .text               c_w.l(rt_memmove_w.o)
    0x08000ee2   0x0000000e   Code   RO         1490    .text               cpprt_w.l(aeabi_vec_delete_noexceptions.o)
    0x08000ef0   0x00000050   Code   RO         1502    .text               cpprt_w.l(arm_exceptions_globs.o)
    0x08000f40   0x0000001a   Code   RO         1509    .text               cpprt_w.l(arm_exceptions_terminate.o)
    0x08000f5a   0x00000004   Code   RO         1512    .text               cpprt_w.l(arm_newhandler_noexceptions.o)
    0x08000f5e   0x00000002   PAD
    0x08000f60   0x0000000c   Code   RO         1538    .text               c_w.l(sys_exit.o)
    0x08000f6c   0x00000008   Code   RO         1540    .text               c_w.l(libspace.o)
    0x08000f74   0x0000004a   Code   RO         1543    .text               c_w.l(sys_stackheap_outer.o)
    0x08000fbe   0x00000002   PAD
    0x08000fc0   0x00000010   Code   RO         1545    .text               c_w.l(rt_ctype_table.o)
    0x08000fd0   0x00000008   Code   RO         1550    .text               c_w.l(rt_eh_globals_addr_intlibspace.o)
    0x08000fd8   0x0000000e   Code   RO         1554    .text               c_w.l(h1_init.o)
    0x08000fe6   0x00000034   Code   RO         1556    .text               c_w.l(h1_extend.o)
    0x0800101a   0x00000052   Code   RO         1564    .text               c_w.l(_printf_pad.o)
    0x0800106c   0x00000024   Code   RO         1566    .text               c_w.l(_printf_truncate.o)
    0x08001090   0x00000052   Code   RO         1568    .text               c_w.l(_printf_str.o)
    0x080010e2   0x00000002   PAD
    0x080010e4   0x00000078   Code   RO         1570    .text               c_w.l(_printf_dec.o)
    0x0800115c   0x0000002a   Code   RO         1572    .text               c_w.l(_printf_charcount.o)
    0x08001186   0x00000002   PAD
    0x08001188   0x00000030   Code   RO         1574    .text               c_w.l(_printf_char_common.o)
    0x080011b8   0x0000000a   Code   RO         1576    .text               c_w.l(_sputc.o)
    0x080011c2   0x00000010   Code   RO         1578    .text               c_w.l(_snputc.o)
    0x080011d2   0x00000002   PAD
    0x080011d4   0x00000024   Code   RO         1580    .text               c_w.l(_printf_char_file.o)
    0x080011f8   0x000000bc   Code   RO         1582    .text               c_w.l(_printf_wctomb.o)
    0x080012b4   0x00000078   Code   RO         1585    .text               c_w.l(_printf_longlong_dec.o)
    0x0800132c   0x00000078   Code   RO         1591    .text               c_w.l(_printf_oct_int_ll.o)
    0x080013a4   0x0000009c   Code   RO         1611    .text               c_w.l(_printf_hex_int_ll_ptr.o)
    0x08001440   0x0000018c   Code   RO         1631    .text               c_w.l(__printf_flags_ss_wp.o)
    0x080015cc   0x00000156   Code   RO         1657    .text               c_w.l(_scanf_longlong.o)
    0x08001722   0x00000150   Code   RO         1659    .text               c_w.l(_scanf_int.o)
    0x08001872   0x000000da   Code   RO         1661    .text               c_w.l(_scanf_str.o)
    0x0800194c   0x0000002c   Code   RO         1663    .text               c_w.l(scanf_char.o)
    0x08001978   0x00000040   Code   RO         1665    .text               c_w.l(_sgetc.o)
    0x080019b8   0x00000110   Code   RO         1667    .text               c_w.l(_scanf_mbtowc.o)
    0x08001ac8   0x000000e2   Code   RO         1669    .text               c_w.l(_scanf_wctomb.o)
    0x08001baa   0x000000ca   Code   RO         1671    .text               c_w.l(_scanf_wstr.o)
    0x08001c74   0x00000138   Code   RO         1673    .text               c_w.l(initio.o)
    0x08001dac   0x00000010   Code   RO         1677    .text               c_w.l(locale.o)
    0x08001dbc   0x0000000c   Code   RO         1689    .text               c_w.l(exit.o)
    0x08001dc8   0x0000000e   Code   RO         1694    .text               c_w.l(defsig_abrt_outer.o)
    0x08001dd6   0x0000000e   Code   RO         1698    .text               c_w.l(defsig_rtmem_outer.o)
    0x08001de4   0x00000008   Code   RO         1706    .text               c_w.l(memcpy.o)
    0x08001dec   0x00000080   Code   RO         1708    .text               c_w.l(strcmpv7m.o)
    0x08001e6c   0x0000003c   Code   RO         1871    .text               cpprt_w.l(arm_exceptions_mem.o)
    0x08001ea8   0x00000066   Code   RO         1899    .text               c_w.l(sys_io.o)
    0x08001f0e   0x00000002   Code   RO         1906    .text               c_w.l(use_no_semi.o)
    0x08001f10   0x00000000   Code   RO         1908    .text               c_w.l(indicate_semi.o)
    0x08001f10   0x00000008   Code   RO         1916    .text               c_w.l(rt_locale_intlibspace.o)
    0x08001f18   0x00000008   Code   RO         1921    .text               c_w.l(rt_ddtor_pointer_addr_intlibspace.o)
    0x08001f20   0x00000008   Code   RO         1926    .text               c_w.l(rt_errno_addr_intlibspace.o)
    0x08001f28   0x0000008a   Code   RO         1932    .text               c_w.l(lludiv10.o)
    0x08001fb2   0x00000012   Code   RO         1934    .text               c_w.l(isspace.o)
    0x08001fc4   0x000000b8   Code   RO         1942    .text               c_w.l(_printf_intcommon.o)
    0x0800207c   0x00000420   Code   RO         1944    .text               c_w.l(_printf_fp_dec.o)
    0x0800249c   0x00000304   Code   RO         1946    .text               c_w.l(_printf_fp_hex.o)
    0x080027a0   0x0000002c   Code   RO         1951    .text               c_w.l(_printf_char.o)
    0x080027cc   0x0000002c   Code   RO         1953    .text               c_w.l(_printf_wchar.o)
    0x080027f8   0x0000001c   Code   RO         1956    .text               c_w.l(_chval.o)
    0x08002814   0x00000370   Code   RO         1958    .text               c_w.l(_scanf.o)
    0x08002b84   0x000004a4   Code   RO         1960    .text               c_w.l(scanf_fp.o)
    0x08003028   0x0000001e   Code   RO         1964    .text               c_w.l(_scanf_wcharmap.o)
    0x08003046   0x00000008   Code   RO         1966    .text               c_w.l(ferror.o)
    0x0800304e   0x00000046   Code   RO         1972    .text               c_w.l(setvbuf.o)
    0x08003094   0x000000ec   Code   RO         1975    .text               c_w.l(fopen.o)
    0x08003180   0x0000004c   Code   RO         1977    .text               c_w.l(fclose.o)
    0x080031cc   0x000001a8   Code   RO         1989    .text               c_w.l(locale_r.o)
    0x08003374   0x0000003c   Code   RO         1991    .text               c_w.l(_mbrtowc.o)
    0x080033b0   0x00000040   Code   RO         1993    .text               c_w.l(_wcrtomb.o)
    0x080033f0   0x0000000a   Code   RO         2018    .text               c_w.l(defsig_exit.o)
    0x080033fa   0x00000002   PAD
    0x080033fc   0x00000030   Code   RO         2020    .text               c_w.l(defsig_abrt_inner.o)
    0x0800342c   0x0000000e   Code   RO         2022    .text               c_w.l(defsig_rtred_outer.o)
    0x0800343a   0x00000002   PAD
    0x0800343c   0x00000050   Code   RO         2026    .text               c_w.l(defsig_rtmem_inner.o)
    0x0800348c   0x0000004e   Code   RO         2028    .text               c_w.l(rt_memclr_w.o)
    0x080034da   0x00000022   Code   RO         2047    .text               cpprt_w.l(aeabi_vec_dtor_noexceptions.o)
    0x080034fc   0x00000002   Code   RO         2053    .text               cpprt_w.l(arm_rethrow_noexceptions.o)
    0x080034fe   0x00000002   PAD
    0x08003500   0x00000080   Code   RO         2093    .text               c_w.l(_printf_fp_infnan.o)
    0x08003580   0x000000e4   Code   RO         2097    .text               c_w.l(bigflt0.o)
    0x08003664   0x000001de   Code   RO         2122    .text               c_w.l(flsbuf.o)
    0x08003842   0x00000002   PAD
    0x08003844   0x000000f8   Code   RO         2124    .text               c_w.l(fseek.o)
    0x0800393c   0x000000f0   Code   RO         2126    .text               c_w.l(stdio.o)
    0x08003a2c   0x00000032   Code   RO         2158    .text               c_w.l(defsig_general.o)
    0x08003a5e   0x00000002   PAD
    0x08003a60   0x00000034   Code   RO         2160    .text               c_w.l(defsig_rtred_inner.o)
    0x08003a94   0x0000000e   Code   RO         2198    .text               c_w.l(sys_wrch.o)
    0x08003aa2   0x00000016   Code   RO         2200    .text               c_w.l(_rserrno.o)
    0x08003ab8   0x00000314   Code   RO         2206    .text               c_w.l(scanf_hexfp.o)
    0x08003dcc   0x0000013c   Code   RO         2208    .text               c_w.l(scanf_infnan.o)
    0x08003f08   0x00000046   Code   RO         2212    .text               c_w.l(ftell.o)
    0x08003f4e   0x0000001c   Code   RO         2225    .text               cpprt_w.l(ARM_vec_cleanup_noexceptions.o)
    0x08003f6a   0x00000026   Code   RO         2236    .text               c_w.l(llshl.o)
    0x08003f90   0x0000003e   Code   RO         2100    CL$$btod_d2e        c_w.l(btod.o)
    0x08003fce   0x00000046   Code   RO         2102    CL$$btod_d2e_denorm_low  c_w.l(btod.o)
    0x08004014   0x00000060   Code   RO         2101    CL$$btod_d2e_norm_op1  c_w.l(btod.o)
    0x08004074   0x00000338   Code   RO         2110    CL$$btod_div_common  c_w.l(btod.o)
    0x080043ac   0x00000054   Code   RO         2108    CL$$btod_e2d        c_w.l(btod.o)
    0x08004400   0x000000c6   Code   RO         2107    CL$$btod_e2e        c_w.l(btod.o)
    0x080044c6   0x00000028   Code   RO         2104    CL$$btod_ediv       c_w.l(btod.o)
    0x080044ee   0x00000028   Code   RO         2106    CL$$btod_edivd      c_w.l(btod.o)
    0x08004516   0x00000028   Code   RO         2103    CL$$btod_emul       c_w.l(btod.o)
    0x0800453e   0x00000028   Code   RO         2105    CL$$btod_emuld      c_w.l(btod.o)
    0x08004566   0x00000244   Code   RO         2109    CL$$btod_mult_common  c_w.l(btod.o)
    0x080047aa   0x00000014   Code   RO         1261    i.<Func5>           cpp_ws.l(locale.o)
    0x080047be   0x00000002   PAD
    0x080047c0   0x00000020   Code   RO         1770    i._Z7catgetsPN4__rw8__rw_catEiiPKc  cpp_ws.l(rwcats.o)
    0x080047e0   0x00000022   Code   RO         1771    i._Z7catopenPKci    cpp_ws.l(rwcats.o)
    0x08004802   0x00000018   Code   RO           72    i._ZN11LedsManager7GetMaskEj  ledsmanager.o
    0x0800481a   0x00000002   PAD
    0x0800481c   0x0000005c   Code   RO          782    i._ZN4__rw10__rw_throwEiz  cpp_ws.l(rwstdexcept.o)
    0x08004878   0x00000020   Code   RO          465    i._ZN4__rw13__rw_allocateEji  cpp_ws.l(rwalloc.o)
    0x08004898   0x00000058   Code   RO          783    i._ZN4__rw13__rw_vfmatstrEPcjPKcSt9__va_list  cpp_ws.l(rwstdexcept.o)
    0x080048f0   0x00000170   Code   RO          784    i._ZN4__rw13__rw_vfmatstrEPcjiSt9__va_list  cpp_ws.l(rwstdexcept.o)
    0x08004a60   0x00000004   Code   RO          466    i._ZN4__rw15__rw_deallocateEPvji  cpp_ws.l(rwalloc.o)
    0x08004a64   0x00000002   Code   RO         1217    i._ZN4__rw15__rw_facet_base12_C_initfacetERKSt6locale  cpp_ws.l(char.o)
    0x08004a66   0x00000002   PAD
    0x08004a68   0x000000e4   Code   RO         1370    i._ZN4__rw15__rw_locale_impC1EPKcjj  cpp_ws.l(locale.o)
    0x08004b4c   0x0000001c   Code   RO         1364    i._ZN4__rw15__rw_locale_impD1Ev  cpp_ws.l(locale.o)
    0x08004b68   0x0000003a   Code   RO         1262    i._ZN4__rw21__rw_use_c_lib_localeC1EPKci  cpp_ws.l(locale.o)
    0x08004ba2   0x00000018   Code   RO         1187    i._ZN4__rw21__rw_use_c_lib_localeD1Ev  cpp_ws.l(char.o)
    0x08004bba   0x00000002   PAD
    0x08004bbc   0x00000098   Code   RO         1794    i._ZN4__rw25__rw_throw_exception_noexEiPc  cpp_ws.l(rwthrowproc_impl_noex.o)
    0x08004c54   0x00000030   Code   RO         1774    i._ZN4__rw9__catfindEPNS_8__rw_catE  cpp_ws.l(rwcats.o)
    0x08004c84   0x00000004   Code   RO          899    i._ZNKSt14__rw_exception4whatEv  cpp_ws.l(rwstdexcept.o)
    0x08004c88   0x000000dc   Code   RO         1438    i._ZNKSt18__rw_messages_base11_C_cat_openERKSsRKSt6locale  cpp_ws.l(messages.o)
    0x08004d64   0x00000020   Code   RO         1441    i._ZNKSt18__rw_messages_base13_C_get_localeEi  cpp_ws.l(messages.o)
    0x08004d84   0x00000034   Code   RO         1442    i._ZNKSt18__rw_messages_base14_C_get_messageEiii  cpp_ws.l(messages.o)
    0x08004db8   0x0000000e   Code   RO         1157    i._ZNKSt5ctypeIcE2isENSt10ctype_base4maskEc  cpp_ws.l(char.o)
    0x08004dc6   0x00000002   PAD
    0x08004dc8   0x00000104   Code   RO         1267    i._ZNKSt6locale13_C_make_facetERKNS_2idEbiPFPN4__rw15__rw_facet_baseEiPKcjE  cpp_ws.l(locale.o)
    0x08004ecc   0x00000074   Code   RO         1269    i._ZNKSt6locale16_C_install_facetEPN4__rw15__rw_facet_baseERKNS_2idE  cpp_ws.l(locale.o)
    0x08004f40   0x00000030   Code   RO         1270    i._ZNKSt6locale4nameEv  cpp_ws.l(locale.o)
    0x08004f70   0x0000000c   Code   RO         1133    i._ZNSt11char_traitsIcE4copyEPcPKcj  cpp_ws.l(char.o)
    0x08004f7c   0x000000cc   Code   RO         1011    i._ZNSt12ctype_bynameIcE17_C_get_mask_tableEPKc  cpp_ws.l(char.o)
    0x08005048   0x00000120   Code   RO         1013    i._ZNSt12ctype_bynameIcEC1EPKcj  cpp_ws.l(char.o)
    0x08005168   0x0000000e   Code   RO         1258    i._ZNSt12ctype_bynameIcED0Ev  cpp_ws.l(char.o)
    0x08005176   0x00000002   PAD
    0x08005178   0x00000084   Code   RO          788    i._ZNSt14__rw_exception10_C_vformatEiSt9__va_list  cpp_ws.l(rwstdexcept.o)
    0x080051fc   0x00000014   Code   RO          859    i._ZNSt14__rw_exceptionC1Ev  cpp_ws.l(rwstdexcept.o)
    0x08005210   0x0000001c   Code   RO          893    i._ZNSt14__rw_exceptionD1Ev  cpp_ws.l(rwstdexcept.o)
    0x0800522c   0x0000001a   Code   RO         1468    i._ZNSt18__rw_open_cat_dataC1Ev  cpp_ws.l(messages.o)
    0x08005246   0x0000000c   Code   RO         1465    i._ZNSt18__rw_open_cat_dataD1Ev  cpp_ws.l(messages.o)
    0x08005252   0x00000012   Code   RO         1471    i._ZNSt18__rw_open_cat_dataaSERKS_  cpp_ws.l(messages.o)
    0x08005264   0x000000fa   Code   RO         1015    i._ZNSt5ctypeIcE12_C_initfacetERKSt6locale  cpp_ws.l(char.o)
    0x0800535e   0x00000002   PAD
    0x08005360   0x00000118   Code   RO         1017    i._ZNSt5ctypeIcEC1EPKNSt10ctype_base4maskEbj  cpp_ws.l(char.o)
    0x08005478   0x0000000e   Code   RO         1160    i._ZNSt5ctypeIcED0Ev  cpp_ws.l(char.o)
    0x08005486   0x00000002   PAD
    0x08005488   0x00000028   Code   RO         1078    i._ZNSt5ctypeIcED1Ev  cpp_ws.l(char.o)
    0x080054b0   0x00000004   Code   RO          890    i._ZNSt6locale5facetD0Ev  cpp_ws.l(rwstdexcept.o)
    0x080054b4   0x00000084   Code   RO         1273    i._ZNSt6locale7_C_initEv  cpp_ws.l(locale.o)
    0x08005538   0x00000044   Code   RO         1275    i._ZNSt6locale7classicEv  cpp_ws.l(locale.o)
    0x0800557c   0x00000020   Code   RO         1407    i._ZNSt6localeC1EPN4__rw15__rw_locale_impE  cpp_ws.l(locale.o)
    0x0800559c   0x0000000c   Code   RO         1477    i._ZNSt6localeC1ERKS_  cpp_ws.l(messages.o)
    0x080055a8   0x00000020   Code   RO          855    i._ZNSt6localeC1Ev  cpp_ws.l(rwstdexcept.o)
    0x080055c8   0x00000020   Code   RO         1386    i._ZNSt6localeD1Ev  cpp_ws.l(locale.o)
    0x080055e8   0x00000032   Code   RO         1283    i._ZNSt6localeaSERKS_  cpp_ws.l(locale.o)
    0x0800561a   0x0000000e   Code   RO          874    i._ZNSt8messagesIcED0Ev  cpp_ws.l(rwstdexcept.o)
    0x08005628   0x0000000e   Code   RO          838    i._ZNSt8messagesIcED1Ev  cpp_ws.l(rwstdexcept.o)
    0x08005636   0x00000002   PAD
    0x08005638   0x0000000c   Code   RO         1525    i._ZNSt9exceptionC1Ev  cpprt_w.l(exception_ctor.o)
    0x08005644   0x0000003c   Code   RO         1459    i._ZSt13__rw_get_catsv  cpp_ws.l(messages.o)
    0x08005680   0x00000008   Code   RO         1483    i._ZdaPv            cpprt_w.l(array_del.o)
    0x08005688   0x00000008   Code   RO          614    i._ZdlPv            cpprt_w.l(delete.o)
    0x08005690   0x00000008   Code   RO         1486    i._Znaj             cpprt_w.l(array_new.o)
    0x08005698   0x00000028   Code   RO          902    i._Znwj             cpprt_w.l(new.o)
    0x080056c0   0x00000092   Code   RO         2168    i.__ARM_array_new_general  cpprt_w.l(array_new_general.o)
    0x08005752   0x00000028   Code   RO         2190    i.__ARM_fpclassify  m_ws.l(fpclassify.o)
    0x0800577a   0x00000032   Code   RO         1859    i.__aeabi_atexit    cpprt_w.l(aeabi_atexit.o)
    0x080057ac   0x00000010   Code   RO         1862    i.__aeabi_vec_dtor_cookie  cpprt_w.l(aeabi_vec_dtor_cookie.o)
    0x080057bc   0x00000014   Code   RO         1865    i.__aeabi_vec_new_cookie  cpprt_w.l(aeabi_vec_new_cookie.o)
    0x080057d0   0x00000042   Code   RO         2059    i.__cxa_finalize    cpprt_w.l(cxa_finalize.o)
    0x08005812   0x00000010   Code   RO         1880    i.__cxa_guard_acquire  cpprt_w.l(cxa_guard_acquire.o)
    0x08005822   0x00000002   PAD
    0x08005824   0x00000018   Code   RO         2062    i.__cxa_vec_new     cpprt_w.l(cxa_vec_new.o)
    0x0800583c   0x00000010   Code   RO         2276    i.__mathlib_dbl_underflow  m_ws.l(dunder.o)
    0x0800584c   0x00000010   Code   RO         2192    i.__mathlib_narrow  m_ws.l(narrow.o)
    0x0800585c   0x00000088   Code   RO         2193    i.__mathlib_tofloat  m_ws.l(narrow.o)
    0x080058e4   0x00000016   Code   RO         2263    i.__support_ldexp   m_ws.l(ldexp.o)
    0x080058fa   0x0000000e   Code   RO         1624    i._is_digit         c_w.l(__printf_wp.o)
    0x08005908   0x0000001a   Code   RO         1969    i.fputc             c_w.l(fputc.o)
    0x08005922   0x00000002   PAD
    0x08005924   0x00000058   Code   RO         2233    i.frexp             m_ws.l(frexp.o)
    0x0800597c   0x0000007e   Code   RO         2264    i.ldexp             m_ws.l(ldexp.o)
    0x080059fa   0x00000002   PAD
    0x080059fc   0x0000002c   Code   RO         2005    locale$$code        c_w.l(lc_ctype_c.o)
    0x08005a28   0x0000002c   Code   RO         2148    locale$$code        c_w.l(lc_numeric_c.o)
    0x08005a54   0x00000014   Code   RO         1142    t._ZN4__rw12__string_refIcSt11char_traitsIcESaIcEE10_C_inc_refEv  cpp_ws.l(char.o)
    0x08005a68   0x00000046   Code   RO          865    t._ZN4__rw16__rw_facet_makerISt5ctypeIcEE13_C_maker_funcEiPKcj  cpp_ws.l(rwstdexcept.o)
    0x08005aae   0x0000004c   Code   RO         1389    t._ZN4__rw18__rw_locale_vectorIPNS_15__rw_facet_baseEE6resizeEjRKS2_  cpp_ws.l(locale.o)
    0x08005afa   0x0000000e   Code   RO         1401    t._ZN4__rw18__rw_locale_vectorIPNS_15__rw_facet_baseEED1Ev  cpp_ws.l(locale.o)
    0x08005b08   0x00000014   Code   RO         1404    t._ZN4__rw18__rw_locale_vectorISsED1Ev  cpp_ws.l(locale.o)
    0x08005b1c   0x00000014   Code   RO         1474    t._ZN4__rw18__rw_locale_vectorISt18__rw_open_cat_dataED1Ev  cpp_ws.l(messages.o)
    0x08005b30   0x00000018   Code   RO          335    t._ZNKSt6vectorIN4JSON9jsmntok_tESaIS1_EE4sizeEv  jsmn.o
    0x08005b48   0x0000000c   Code   RO          359    t._ZNKSt6vectorIN4JSON9jsmntok_tESaIS1_EE8capacityEv  jsmn.o
    0x08005b54   0x00000090   Code   RO          832    t._ZNKSt8messagesIcE6do_getEiiiRKSs  cpp_ws.l(rwstdexcept.o)
    0x08005be4   0x00000006   Code   RO          862    t._ZNKSt8messagesIcE7do_openERKSsRKSt6locale  cpp_ws.l(rwstdexcept.o)
    0x08005bea   0x00000014   Code   RO          353    t._ZNSaIN4JSON9jsmntok_tEE10deallocateEPS0_j  jsmn.o
    0x08005bfe   0x0000001a   Code   RO          323    t._ZNSaIN4JSON9jsmntok_tEE9constructEPS0_RKS0_  jsmn.o
    0x08005c18   0x00000032   Code   RO         1352    t._ZNSs11_C_allocateEjjj  cpp_ws.l(locale.o)
    0x08005c4a   0x00000018   Code   RO         1398    t._ZNSs7replaceEjjPKcj  cpp_ws.l(locale.o)
    0x08005c62   0x00000002   PAD
    0x08005c64   0x00000170   Code   RO         1069    t._ZNSs7replaceEjjPKcjjj  cpp_ws.l(char.o)
    0x08005dd4   0x00000074   Code   RO         1057    t._ZNSs9_C_getRepEjj  cpp_ws.l(char.o)
    0x08005e48   0x00000048   Code   RO         1066    t._ZNSs9_C_unlinkEv  cpp_ws.l(char.o)
    0x08005e90   0x00000038   Code   RO         1355    t._ZNSsC1EPKcRKSaIcE  cpp_ws.l(locale.o)
    0x08005ec8   0x00000010   Code   RO         1395    t._ZNSsC1ERKSaIcE   cpp_ws.l(locale.o)
    0x08005ed8   0x0000003e   Code   RO         1060    t._ZNSsC1ERKSs      cpp_ws.l(char.o)
    0x08005f16   0x0000000c   Code   RO         1151    t._ZNSsD1Ev         cpp_ws.l(char.o)
    0x08005f22   0x00000002   PAD
    0x08005f24   0x00000050   Code   RO         1361    t._ZNSsaSEPKc       cpp_ws.l(locale.o)
    0x08005f74   0x0000003e   Code   RO         1358    t._ZNSsaSERKSs      cpp_ws.l(locale.o)
    0x08005fb2   0x00000012   Code   RO          329    t._ZNSt6vectorIN4JSON9jsmntok_tESaIS1_EE10_C_destroyEPS1_S4_  jsmn.o
    0x08005fc4   0x00000140   Code   RO          347    t._ZNSt6vectorIN4JSON9jsmntok_tESaIS1_EE13_C_insert_auxEPS1_RKS1_  jsmn.o
    0x08006104   0x00000008   Code   RO          365    t._ZNSt6vectorIN4JSON9jsmntok_tESaIS1_EE3endEv  jsmn.o
    0x0800610c   0x00000008   Code   RO          371    t._ZNSt6vectorIN4JSON9jsmntok_tESaIS1_EE5beginEv  jsmn.o
    0x08006114   0x00000012   Code   RO          377    t._ZNSt6vectorIN4JSON9jsmntok_tESaIS1_EEixEj  jsmn.o
    0x08006126   0x0000002c   Code   RO          341    t._ZSt18uninitialized_copyIPN4JSON9jsmntok_tES2_SaIS1_EET0_T_S5_S4_RT1_  jsmn.o
    0x08006152   0x0000000c   Code   RO         1145    t._ZSt3maxIjERKT_S2_S2_  cpp_ws.l(char.o)
    0x0800615e   0x00000002   PAD
    0x08006160   0x00000062   Code   RO         2228    x$fpl$d2f           fz_ws.l(d2f.o)
    0x080061c2   0x00000002   PAD
    0x080061c4   0x00000010   Code   RO         2274    x$fpl$dcheck1       fz_ws.l(dcheck1.o)
    0x080061d4   0x00000018   Code   RO         2174    x$fpl$dcmpinf       fz_ws.l(dcmpi.o)
    0x080061ec   0x00000078   Code   RO         2065    x$fpl$deqf          fz_ws.l(deqf.o)
    0x08006264   0x00000078   Code   RO         2067    x$fpl$dleqf         fz_ws.l(dleqf.o)
    0x080062dc   0x0000009c   Code   RO         2176    x$fpl$dnaninf       fz_ws.l(dnaninf.o)
    0x08006378   0x0000006c   Code   RO         2230    x$fpl$drleqf        fz_ws.l(drleqf.o)
    0x080063e4   0x0000000a   Code   RO         2258    x$fpl$fretinf       fz_ws.l(fretinf.o)
    0x080063ee   0x00000004   Code   RO         1889    x$fpl$printf1       fz_ws.l(printf1.o)
    0x080063f2   0x00000004   Code   RO         1891    x$fpl$printf2       fz_ws.l(printf2.o)
    0x080063f6   0x00000064   Code   RO         2279    x$fpl$retnan        fz_ws.l(retnan.o)
    0x0800645a   0x0000005c   Code   RO         2260    x$fpl$scalbn        fz_ws.l(scalbn.o)
    0x080064b6   0x00000004   Code   RO         1897    x$fpl$scanf1        fz_ws.l(scanf1.o)
    0x080064ba   0x00000008   Code   RO         2183    x$fpl$scanf2        fz_ws.l(scanf2.o)
    0x080064c2   0x00000030   Code   RO         2281    x$fpl$trapveneer    fz_ws.l(trapv.o)
    0x080064f2   0x00000000   Code   RO         2189    x$fpl$usenofp       fz_ws.l(usenofp.o)
    0x080064f2   0x00000002   PAD
    0x080064f4   0x0000005c   Data   RO          808    .constdata          cpp_ws.l(rwstdexcept.o)
    0x08006550   0x00000200   Data   RO         1039    .constdata          cpp_ws.l(char.o)
    0x08006750   0x00000008   Data   RO         1583    .constdata          c_w.l(_printf_wctomb.o)
    0x08006758   0x00000028   Data   RO         1612    .constdata          c_w.l(_printf_hex_int_ll_ptr.o)
    0x08006780   0x00000011   Data   RO         1632    .constdata          c_w.l(__printf_flags_ss_wp.o)
    0x08006791   0x00000004   Data   RO         1900    .constdata          c_w.l(sys_io.o)
    0x08006795   0x00000004   Data   RO         1901    .constdata          c_w.l(sys_io.o)
    0x08006799   0x00000004   Data   RO         1902    .constdata          c_w.l(sys_io.o)
    0x0800679d   0x00000026   Data   RO         1947    .constdata          c_w.l(_printf_fp_hex.o)
    0x080067c3   0x00000001   PAD
    0x080067c4   0x00000094   Data   RO         2098    .constdata          c_w.l(bigflt0.o)
    0x08006858   0x00000010   Data   RO           71    .constdata__ZTV11LedsManager  ledsmanager.o
    0x08006868   0x00000014   Data   RO          878    .constdata__ZTVNSt6locale5facetE  cpp_ws.l(rwstdexcept.o)
    0x0800687c   0x00000034   Data   RO         1222    .constdata__ZTVSt12ctype_bynameIcE  cpp_ws.l(char.o)
    0x080068b0   0x00000014   Data   RO          880    .constdata__ZTVSt14__rw_exception  cpp_ws.l(rwstdexcept.o)
    0x080068c4   0x00000034   Data   RO         1050    .constdata__ZTVSt5ctypeIcE  cpp_ws.l(char.o)
    0x080068f8   0x00000020   Data   RO          821    .constdata__ZTVSt8messagesIcE  cpp_ws.l(rwstdexcept.o)
    0x08006918   0x00000014   Data   RO         1535    .constdata__ZTVSt9exception  cpprt_w.l(exception_dtor.o)
    0x0800692c   0x00000250   Data   RO          809    .conststring        cpp_ws.l(rwstdexcept.o)
    0x08006b7c   0x00000020   Data   RO         2283    Region$$Table       anon$$obj.o
    0x08006b9c   0x00000008   Data   RO         2178    c$$dinf             fz_ws.l(fpconst.o)
    0x08006ba4   0x00000110   Data   RO         2004    locale$$data        c_w.l(lc_ctype_c.o)
    0x08006cb4   0x00000010   Data   RO         2143    locale$$data        c_w.l(null_locale.o)
    0x08006cc4   0x0000001c   Data   RO         2147    locale$$data        c_w.l(lc_numeric_c.o)


    Execution Region RW_IRAM1 (Base: 0x20000000, Size: 0x00000830, Max: 0x00005000, ABSOLUTE)

    Base Addr    Size         Type   Attr      Idx    E Section Name        Object

    0x20000000   0x00000014   Data   RW           13    .data               system_stm32f10x.o
    0x20000014   0x00000002   Data   RW          119    .data               main.o
    0x20000016   0x00000002   PAD
    0x20000018   0x00000017   Data   RW          810    .data               cpp_ws.l(rwstdexcept.o)
    0x2000002f   0x00000001   PAD
    0x20000030   0x00000004   Data   RW          988    .data               c_w.l(stdio_streams.o)
    0x20000034   0x00000004   Data   RW          989    .data               c_w.l(stdio_streams.o)
    0x20000038   0x00000004   Data   RW          990    .data               c_w.l(stdio_streams.o)
    0x2000003c   0x00000008   Data   RW         1040    .data               cpp_ws.l(char.o)
    0x20000044   0x0000001c   Data   RW         1332    .data               cpp_ws.l(locale.o)
    0x20000060   0x00000004   Data   RW         1482    .data               cpp_ws.l(rwthrowproc_noex.o)
    0x20000064   0x00000008   Data   RW         1784    .data               cpp_ws.l(rwcats.o)
    0x2000006c   0x00000004   Data   RW         1431    .data__ZZNKSt6locale2id7_C_initEvE9_C_id_gen  cpp_ws.l(locale.o)
    0x20000070   0x0000000c   Data   RW         1480    .data__ZZSt13__rw_get_catsvE11__open_cats  cpp_ws.l(messages.o)
    0x2000007c   0x00000004   PAD
    0x20000080   0x00000018   Zero   RW          807    .bss                cpp_ws.l(rwstdexcept.o)
    0x20000098   0x00000054   Zero   RW          985    .bss                c_w.l(stdio_streams.o)
    0x200000ec   0x00000054   Zero   RW          986    .bss                c_w.l(stdio_streams.o)
    0x20000140   0x00000054   Zero   RW          987    .bss                c_w.l(stdio_streams.o)
    0x20000194   0x00000060   Zero   RW         1541    .bss                c_w.l(libspace.o)
    0x200001f4   0x0000002a   Zero   RW         1678    .bss                c_w.l(locale.o)
    0x2000021e   0x00000002   PAD
    0x20000220   0x00000010   Zero   RW         1858    .bss__ZNSs9__nullrefE  cpp_ws.l(vendor.o)
    0x20000230   0x00000200   Zero   RW            2    HEAP                startup_stm32f10x_md.o
    0x20000430   0x00000400   Zero   RW            1    STACK               startup_stm32f10x_md.o


==============================================================================

Image component sizes


      Code (inc. data)   RO Data    RW Data    ZI Data      Debug   Object Name

      1540          6          0          0          0      17752   jsmn.o
       208         12         16          0          0     208376   ledsmanager.o
       324         46          0          2          0      30782   main.o
        64         26        236          0       1536        752   startup_stm32f10x_md.o
       456         36          0         20          0       5811   system_stm32f10x.o

    ----------------------------------------------------------------------
      2594        126        284         24       1536     263473   Object Totals
         0          0         32          0          0          0   (incl. Generated)
         2          0          0          2          0          0   (incl. Padding)

    ----------------------------------------------------------------------

      Code (inc. data)   RO Data    RW Data    ZI Data      Debug   Library Member Name

         8          0          0          0          0         68   __main.o
       396          6         17          0          0         92   __printf_flags_ss_wp.o
        14          0          0          0          0         68   __printf_wp.o
        52          8          0          0          0          0   __scatter.o
        26          0          0          0          0          0   __scatter_copy.o
        28          0          0          0          0          0   __scatter_zi.o
        28          0          0          0          0         68   _chval.o
        60          0          0          0          0         92   _mbrtowc.o
         6          0          0          0          0          0   _printf_a.o
         6          0          0          0          0          0   _printf_c.o
        44          0          0          0          0        108   _printf_char.o
        48          6          0          0          0         96   _printf_char_common.o
        36          4          0          0          0         80   _printf_char_file.o
        42          0          0          0          0         68   _printf_charcount.o
         6          0          0          0          0          0   _printf_d.o
       120         18          0          0          0         92   _printf_dec.o
         6          0          0          0          0          0   _printf_e.o
         6          0          0          0          0          0   _printf_f.o
      1056          0          0          0          0        212   _printf_fp_dec.o
       772         10         38          0          0        100   _printf_fp_hex.o
       128         16          0          0          0         84   _printf_fp_infnan.o
         6          0          0          0          0          0   _printf_g.o
       156          6         40          0          0        160   _printf_hex_int_ll_ptr.o
         6          0          0          0          0          0   _printf_i.o
       184          0          0          0          0         88   _printf_intcommon.o
        10          0          0          0          0          0   _printf_l.o
         6          0          0          0          0          0   _printf_lc.o
        10          0          0          0          0          0   _printf_ll.o
         6          0          0          0          0          0   _printf_lld.o
         6          0          0          0          0          0   _printf_lli.o
         6          0          0          0          0          0   _printf_llo.o
         6          0          0          0          0          0   _printf_llu.o
         6          0          0          0          0          0   _printf_llx.o
       120         16          0          0          0         92   _printf_longlong_dec.o
         6          0          0          0          0          0   _printf_ls.o
         6          0          0          0          0          0   _printf_n.o
         6          0          0          0          0          0   _printf_o.o
       120          8          0          0          0        124   _printf_oct_int_ll.o
         6          0          0          0          0          0   _printf_p.o
        82          0          0          0          0        108   _printf_pad.o
         0          0          0          0          0          0   _printf_percent.o
         4          0          0          0          0          0   _printf_percent_end.o
         6          0          0          0          0          0   _printf_s.o
        82          0          0          0          0         80   _printf_str.o
        36          0          0          0          0         84   _printf_truncate.o
         6          0          0          0          0          0   _printf_u.o
        44          0          0          0          0        108   _printf_wchar.o
       188          6          8          0          0         92   _printf_wctomb.o
         6          0          0          0          0          0   _printf_x.o
        22          0          0          0          0        100   _rserrno.o
       880          4          0          0          0        100   _scanf.o
       336          0          0          0          0         92   _scanf_int.o
       342          0          0          0          0         96   _scanf_longlong.o
       272          0          0          0          0         96   _scanf_mbtowc.o
       218          0          0          0          0         92   _scanf_str.o
        30          0          0          0          0         76   _scanf_wcharmap.o
       226          0          0          0          0         96   _scanf_wctomb.o
       202          0          0          0          0         92   _scanf_wstr.o
        64          0          0          0          0         84   _sgetc.o
        16          0          0          0          0         68   _snputc.o
        10          0          0          0          0         68   _sputc.o
        64          0          0          0          0         92   _wcrtomb.o
        16          0          0          0          0         72   abort.o
       228          6        148          0          0         96   bigflt0.o
      2074        132          0          0          0        940   btod.o
        48         34          0          0          0         76   defsig_abrt_inner.o
        14          0          0          0          0         80   defsig_abrt_outer.o
        10          0          0          0          0         68   defsig_exit.o
        50          0          0          0          0         88   defsig_general.o
        80         58          0          0          0         76   defsig_rtmem_inner.o
        14          0          0          0          0         80   defsig_rtmem_outer.o
        52         38          0          0          0         76   defsig_rtred_inner.o
        14          0          0          0          0         80   defsig_rtred_outer.o
        12          0          0          0          0         72   exit.o
        76          0          0          0          0         88   fclose.o
         8          0          0          0          0         68   ferror.o
       478          0          0          0          0         88   flsbuf.o
       236          4          0          0          0        128   fopen.o
        20          0          0          0          0         84   fprintf.o
        26          0          0          0          0         68   fputc.o
       248          6          0          0          0         84   fseek.o
        70          0          0          0          0         76   ftell.o
        94          0          0          0          0         80   h1_alloc.o
        52          0          0          0          0         68   h1_extend.o
        78          0          0          0          0         80   h1_free.o
        14          0          0          0          0         84   h1_init.o
         6          0          0          0          0        152   heapauxi.o
         4          0          0          0          0        136   hguard.o
         0          0          0          0          0          0   indicate_semi.o
       138          0          0          0          0        168   init_alloc.o
       312         46          0          0          0        112   initio.o
        18          0          0          0          0         76   isspace.o
        44         10        272          0          0         76   lc_ctype_c.o
        44         10         28          0          0         76   lc_numeric_c.o
         2          0          0          0          0          0   libinit.o
        42          0          0          0          0          0   libinit2.o
         2          0          0          0          0          0   libshutdown.o
        12          0          0          0          0          0   libshutdown2.o
         8          4          0          0         96         68   libspace.o
        38          0          0          0          0         68   llshl.o
       138          0          0          0          0         80   lludiv10.o
        16          6          0          0         42         68   locale.o
       424         10          0          0          0        188   locale_r.o
         0          0          0          0          0          0   maybetermalloc1.o
         8          0          0          0          0         76   memcpy.o
         0          0         16          0          0          0   null_locale.o
        16          4          0          0          0         76   rt_ctype_table.o
         8          4          0          0          0         68   rt_ddtor_pointer_addr_intlibspace.o
         8          4          0          0          0         68   rt_eh_globals_addr_intlibspace.o
         8          4          0          0          0         68   rt_errno_addr_intlibspace.o
         8          4          0          0          0         68   rt_heap_descriptor_intlibspace.o
         8          4          0          0          0         68   rt_locale_intlibspace.o
        78          0          0          0          0         80   rt_memclr_w.o
       138          0          0          0          0         68   rt_memcpy_v6.o
       100          0          0          0          0         80   rt_memcpy_w.o
       132          0          0          0          0         68   rt_memmove_v6.o
       122          0          0          0          0         80   rt_memmove_w.o
         8          4          0          0          0         68   rt_new_handler_addr_intlibspace.o
         0          0          0          0          0          0   rtentry.o
        12          0          0          0          0          0   rtentry2.o
         6          0          0          0          0          0   rtentry4.o
         2          0          0          0          0          0   rtexit.o
        10          0          0          0          0          0   rtexit2.o
        44          8          0          0          0         84   scanf_char.o
      1188         12          0          0          0        144   scanf_fp.o
       788         12          0          0          0         96   scanf_hexfp.o
       316         18          0          0          0         96   scanf_infnan.o
        70          0          0          0          0         80   setvbuf.o
        60          8          0          0          0         84   sscanf.o
       240          6          0          0          0        156   stdio.o
         0          0          0         12        252          0   stdio_streams.o
        24          0          0          0          0         68   strcat.o
       128          0          0          0          0         68   strcmpv7m.o
        72          0          0          0          0         80   strcpy.o
        62          0          0          0          0         76   strlen.o
        22          0          0          0          0         68   strrchr.o
        12          4          0          0          0         68   sys_exit.o
       102          0         12          0          0        240   sys_io.o
        74          0          0          0          0         80   sys_stackheap_outer.o
        14          0          0          0          0         76   sys_wrch.o
         2          0          0          0          0         68   use_no_semi.o
        52          4          0          0          0         80   vsnprintf.o
      1804         72        616          8          0       1412   char.o
      1470         74          0         32          0       1696   locale.o
       452         30          0         12          0        708   messages.o
        36          0          0          0          0        144   rwalloc.o
       114         10          0          8          0        232   rwcats.o
      1016         70        756         23         24       1128   rwstdexcept.o
       152         94          0          0          0         72   rwthrowproc_impl_noex.o
         0          0          0          4          0          0   rwthrowproc_noex.o
         0          0          0          0         16          0   vendor.o
        28          0          0          0          0         84   ARM_vec_cleanup_noexceptions.o
        50          0          0          0          0         84   aeabi_atexit.o
        14          0          0          0          0         80   aeabi_vec_delete_noexceptions.o
        16          0          0          0          0         68   aeabi_vec_dtor_cookie.o
        34          0          0          0          0         84   aeabi_vec_dtor_noexceptions.o
        20          0          0          0          0         80   aeabi_vec_new_cookie.o
        80         14          0          0          0        100   arm_exceptions_globs.o
        60          0          0          0          0        108   arm_exceptions_mem.o
        26          0          0          0          0         76   arm_exceptions_terminate.o
         4          0          0          0          0         68   arm_newhandler_noexceptions.o
         2          0          0          0          0         68   arm_rethrow_noexceptions.o
         8          0          0          0          0         76   array_del.o
         8          0          0          0          0         76   array_new.o
       146          0          0          0          0         96   array_new_general.o
        66          0          0          0          0         84   cxa_finalize.o
        16          0          0          0          0         68   cxa_guard_acquire.o
        24          6          0          0          0         84   cxa_vec_new.o
         8          0          0          0          0         76   delete.o
        12          6          0          0          0         68   exception_ctor.o
         0          0         20          0          0          0   exception_dtor.o
        40          6          0          0          0         76   new.o
        98          4          0          0          0         92   d2f.o
        16          4          0          0          0         68   dcheck1.o
        24          0          0          0          0         68   dcmpi.o
       120          4          0          0          0         92   deqf.o
       120          4          0          0          0         92   dleqf.o
       156          4          0          0          0         92   dnaninf.o
       108          0          0          0          0         80   drleqf.o
         0          0          8          0          0          0   fpconst.o
        10          0          0          0          0         68   fretinf.o
         4          0          0          0          0         68   printf1.o
         4          0          0          0          0         68   printf2.o
       100          0          0          0          0         68   retnan.o
        92          0          0          0          0         68   scalbn.o
         4          0          0          0          0         68   scanf1.o
         8          0          0          0          0         84   scanf2.o
        48          0          0          0          0         68   trapv.o
         0          0          0          0          0          0   usenofp.o
        16          6          0          0          0         68   dunder.o
        40          0          0          0          0         68   fpclassify.o
        88          8          0          0          0         76   frexp.o
       148          0          0          0          0        160   ldexp.o
       152          4          0          0          0        160   narrow.o

    ----------------------------------------------------------------------
     23014        992       1980        100        436      18704   Library Totals
        54          0          1          1          6          0   (incl. Padding)

    ----------------------------------------------------------------------

      Code (inc. data)   RO Data    RW Data    ZI Data      Debug   Library Name

     15898        572        579         12        390      10032   c_w.l
      5044        350       1372         87         40       5392   cpp_ws.l
       662         32         20          0          0       1604   cpprt_w.l
       912         20          8          0          0       1144   fz_ws.l
       444         18          0          0          0        532   m_ws.l

    ----------------------------------------------------------------------
     23014        992       1980        100        436      18704   Library Totals

    ----------------------------------------------------------------------

==============================================================================


      Code (inc. data)   RO Data    RW Data    ZI Data      Debug   

     25608       1118       2264        124       1972     269749   Grand Totals
     25608       1118       2264        124       1972     269749   ELF Image Totals
     25608       1118       2264        124          0          0   ROM Totals

==============================================================================

    Total RO  Size (Code + RO Data)                27872 (  27.22kB)
    Total RW  Size (RW Data + ZI Data)              2096 (   2.05kB)
    Total ROM Size (Code + RO Data + RW Data)      27996 (  27.34kB)

==============================================================================

