ARM Linker, 5.02 [Build 28] [MDK-ARM Lite]

==============================================================================

Section Cross References

    startup_stm32f10x_md.o(STACK) refers (Special) to heapauxi.o(.text) for __use_two_region_memory
    startup_stm32f10x_md.o(HEAP) refers (Special) to heapauxi.o(.text) for __use_two_region_memory
    startup_stm32f10x_md.o(RESET) refers (Special) to heapauxi.o(.text) for __use_two_region_memory
    startup_stm32f10x_md.o(RESET) refers to startup_stm32f10x_md.o(STACK) for __initial_sp
    startup_stm32f10x_md.o(RESET) refers to startup_stm32f10x_md.o(.text) for Reset_Handler
    startup_stm32f10x_md.o(RESET) refers to timemanager.o(.text) for SysTick_Handler
    startup_stm32f10x_md.o(RESET) refers to buttonsmanager.o(.text) for EXTI0_IRQHandler
    startup_stm32f10x_md.o(.text) refers (Special) to heapauxi.o(.text) for __use_two_region_memory
    startup_stm32f10x_md.o(.text) refers to system_stm32f10x.o(.text) for SystemInit
    startup_stm32f10x_md.o(.text) refers to __main.o(!!!main) for __main
    startup_stm32f10x_md.o(.text) refers to startup_stm32f10x_md.o(HEAP) for Heap_Mem
    startup_stm32f10x_md.o(.text) refers to startup_stm32f10x_md.o(STACK) for Stack_Mem
    system_stm32f10x.o(.text) refers to system_stm32f10x.o(.data) for SystemCoreClock
    ledsmanager.o(.text) refers to delete.o(i._ZdlPv) for operator delete (void*)
    ledsmanager.o(.text) refers to ledsmanager.o(i._ZN11LedsManager7GetMaskEj) for LedsManager::GetMask(unsigned)
    ledsmanager.o(.text) refers to ledsmanager.o(.constdata__ZTV11LedsManager) for vtable for LedsManager
    ledsmanager.o(.ARM.exidx) refers to ledsmanager.o(.text) for .text
    buttonsmanager.o(.text) refers to buttonsmanager.o(t._ZN6VectorIP15IButtonListenerEixEj) for Vector<IButtonListener*>::operator [](unsigned)
    buttonsmanager.o(.text) refers to buttonsmanager.o(t._ZN6VectorIP15IButtonListenerE12ResizeBufferEj) for Vector<IButtonListener*>::ResizeBuffer(unsigned)
    buttonsmanager.o(.text) refers to aeabi_atexit.o(i.__aeabi_atexit) for __aeabi_atexit
    buttonsmanager.o(.text) refers to buttonsmanager.o(.bss) for ButtonsManager::m_listeners
    buttonsmanager.o(.text) refers to buttonsmanager.o(t._ZN6VectorIP15IButtonListenerED1Ev) for Vector<IButtonListener*>::~Vector()
    buttonsmanager.o(.ARM.exidx) refers to buttonsmanager.o(.text) for .text
    buttonsmanager.o(.init_array) refers to buttonsmanager.o(.text) for __sti___18_ButtonsManager_cpp
    buttonsmanager.o(.init_array) refers to init_aeabi.o(.text) for __cpp_initialize__aeabi_
    main.o(.text) refers to logger.o(.text) for Logger::AddLine(const char*, Logger::LoggerLevel)
    main.o(.text) refers to sprinkler.o(.text) for Sprinkler::Sprinkler()
    main.o(.text) refers to ledsmanager.o(.text) for LedsManager::LedsManager()
    main.o(.text) refers to buttonsmanager.o(.text) for ButtonsManager::ButtonsManager()
    main.o(.text) refers to main.o(i._ZN17LedButtonListenerC1EP11LedsManagerj) for LedButtonListener::LedButtonListener(LedsManager*, unsigned)
    main.o(.ARM.exidx) refers to main.o(.text) for .text
    json.o(.text) refers to _scanf_int.o(.text) for _scanf_int
    json.o(.text) refers to scanf1.o(x$fpl$scanf1) for _scanf_real
    json.o(.text) refers to json.o(t._ZN6VectorIN4JSON9jsmntok_tEEixEj) for Vector<JSON::jsmntok_t>::operator [](unsigned)
    json.o(.text) refers to strncmp.o(.text) for strncmp
    json.o(.text) refers to strlen.o(.text) for strlen
    json.o(.text) refers to __0sscanf.o(.text) for __0sscanf
    json.o(.text) refers to strncasecmp.o(.text) for strncasecmp
    json.o(.text) refers to json.o(t._ZN6VectorIN4JSON9jsmntok_tEEC1Ev) for Vector<JSON::jsmntok_t>::Vector()
    json.o(.text) refers to jsonparser.o(.text) for JSON::Parser::Parser()
    json.o(.text) refers to logger.o(.text) for Logger::AddLine(const char*, Logger::LoggerLevel)
    json.o(.text) refers to json.o(t._ZN6VectorIN4JSON9jsmntok_tEED1Ev) for Vector<JSON::jsmntok_t>::~Vector()
    json.o(.text) refers to json.o(t._ZN6VectorI12SmartPointerI6SensorEEixEj) for Vector<SmartPointer<Sensor>>::operator [](unsigned)
    json.o(.text) refers to json.o(t._ZN12SmartPointerI6SensorEC1ERKS1_) for SmartPointer<Sensor>::SmartPointer(const SmartPointer<Sensor>&)
    json.o(.text) refers to json.o(t._ZN12SmartPointerI6SensorEptEv) for SmartPointer<Sensor>::operator ->()
    json.o(.text) refers to json.o(t._ZN12SmartPointerI6SensorED1Ev) for SmartPointer<Sensor>::~SmartPointer()
    json.o(.text) refers to aeabi_vec_new_cookie_nodtor.o(i.__aeabi_vec_new_cookie_nodtor) for __aeabi_vec_new_cookie_nodtor
    json.o(.text) refers to json.o(t._ZN12SmartPointerI6SensorEaSERKS1_) for SmartPointer<Sensor>::operator =(const SmartPointer<Sensor>&)
    json.o(.text) refers to json.o(t._ZN12SmartPointerI6SensorEC1Ev) for SmartPointer<Sensor>::SmartPointer()
    json.o(.text) refers to deqf.o(x$fpl$deqf) for __aeabi_cdcmpeq
[...]
    __rt_lib_init_rand_2                     0x08000181   Thumb Code     0  libinit2.o(.ARM.Collect$$libinit$$0000000B)
    __rt_lib_init_user_alloc_1               0x08000181   Thumb Code     0  libinit2.o(.ARM.Collect$$libinit$$0000000A)
    __rt_lib_init_lc_common                  0x08000185   Thumb Code     0  libinit2.o(.ARM.Collect$$libinit$$0000000D)
    __rt_lib_init_rand_1                     0x08000185   Thumb Code     0  libinit2.o(.ARM.Collect$$libinit$$0000000C)
    __rt_lib_init_lc_collate_1               0x0800018b   Thumb Code     0  libinit2.o(.ARM.Collect$$libinit$$0000000F)
    __rt_lib_init_lc_ctype_2                 0x0800018b   Thumb Code     0  libinit2.o(.ARM.Collect$$libinit$$00000010)
    __rt_lib_init_lc_ctype_1                 0x08000197   Thumb Code     0  libinit2.o(.ARM.Collect$$libinit$$00000011)
    __rt_lib_init_lc_monetary_1              0x08000197   Thumb Code     0  libinit2.o(.ARM.Collect$$libinit$$00000013)
    __rt_lib_init_lc_numeric_2               0x08000197   Thumb Code     0  libinit2.o(.ARM.Collect$$libinit$$00000014)
    __rt_lib_init_alloca_1                   0x080001a1   Thumb Code     0  libinit2.o(.ARM.Collect$$libinit$$0000002C)
    __rt_lib_init_argv_1                     0x080001a1   Thumb Code     0  libinit2.o(.ARM.Collect$$libinit$$0000002A)
    __rt_lib_init_atexit_1                   0x080001a1   Thumb Code     0  libinit2.o(.ARM.Collect$$libinit$$00000019)
    __rt_lib_init_clock_1                    0x080001a1   Thumb Code     0  libinit2.o(.ARM.Collect$$libinit$$0000001F)
    __rt_lib_init_cpp_2                      0x080001a1   Thumb Code     0  libinit2.o(.ARM.Collect$$libinit$$0000002F)
    __rt_lib_init_exceptions_1               0x080001a1   Thumb Code     0  libinit2.o(.ARM.Collect$$libinit$$0000002E)
    __rt_lib_init_fp_trap_1                  0x080001a1   Thumb Code     0  libinit2.o(.ARM.Collect$$libinit$$0000001D)
    __rt_lib_init_getenv_1                   0x080001a1   Thumb Code     0  libinit2.o(.ARM.Collect$$libinit$$00000021)
    __rt_lib_init_lc_numeric_1               0x080001a1   Thumb Code     0  libinit2.o(.ARM.Collect$$libinit$$00000015)
    __rt_lib_init_lc_time_1                  0x080001a1   Thumb Code     0  libinit2.o(.ARM.Collect$$libinit$$00000017)
    __rt_lib_init_signal_1                   0x080001a1   Thumb Code     0  libinit2.o(.ARM.Collect$$libinit$$0000001B)
    __rt_lib_init_stdio_1                    0x080001a1   Thumb Code     0  libinit2.o(.ARM.Collect$$libinit$$00000023)
    __rt_lib_init_cpp_1                      0x080001a5   Thumb Code     0  libinit2.o(.ARM.Collect$$libinit$$00000030)
    __rt_lib_init_return                     0x080001a5   Thumb Code     0  libinit2.o(.ARM.Collect$$libinit$$00000031)
    __rt_lib_shutdown                        0x080001a7   Thumb Code     0  libshutdown.o(.ARM.Collect$$libshutdown$$00000000)
    __rt_lib_shutdown_cpp_1                  0x080001a9   Thumb Code     0  libshutdown2.o(.ARM.Collect$$libshutdown$$00000001)
    __rt_lib_shutdown_fp_trap_1              0x080001af   Thumb Code     0  libshutdown2.o(.ARM.Collect$$libshutdown$$00000006)
    __rt_lib_shutdown_heap_1                 0x080001af   Thumb Code     0  libshutdown2.o(.ARM.Collect$$libshutdown$$0000000E)
    __rt_lib_shutdown_return                 0x080001af   Thumb Code     0  libshutdown2.o(.ARM.Collect$$libshutdown$$0000000F)
    __rt_lib_shutdown_signal_1               0x080001af   Thumb Code     0  libshutdown2.o(.ARM.Collect$$libshutdown$$00000009)
    __rt_lib_shutdown_stdio_1                0x080001af   Thumb Code     0  libshutdown2.o(.ARM.Collect$$libshutdown$$00000003)
    __rt_lib_shutdown_user_alloc_1           0x080001af   Thumb Code     0  libshutdown2.o(.ARM.Collect$$libshutdown$$0000000B)
    __rt_entry                               0x080001b1   Thumb Code     0  rtentry.o(.ARM.Collect$$rtentry$$00000000)
    __rt_entry_presh_1                       0x080001b1   Thumb Code     0  rtentry2.o(.ARM.Collect$$rtentry$$00000002)
    __rt_entry_sh                            0x080001b1   Thumb Code     0  rtentry4.o(.ARM.Collect$$rtentry$$00000004)
    __rt_entry_li                            0x080001b7   Thumb Code     0  rtentry2.o(.ARM.Collect$$rtentry$$0000000A)
    __rt_entry_postsh_1                      0x080001b7   Thumb Code     0  rtentry2.o(.ARM.Collect$$rtentry$$00000009)
    __rt_entry_main                          0x080001bb   Thumb Code     0  rtentry2.o(.ARM.Collect$$rtentry$$0000000D)
    __rt_entry_postli_1                      0x080001bb   Thumb Code     0  rtentry2.o(.ARM.Collect$$rtentry$$0000000C)
    __rt_exit                                0x080001c3   Thumb Code     0  rtexit.o(.ARM.Collect$$rtexit$$00000000)
    __rt_exit_ls                             0x080001c5   Thumb Code     0  rtexit2.o(.ARM.Collect$$rtexit$$00000003)
    __rt_exit_prels_1                        0x080001c5   Thumb Code     0  rtexit2.o(.ARM.Collect$$rtexit$$00000002)
    __rt_exit_exit                           0x080001c9   Thumb Code     0  rtexit2.o(.ARM.Collect$$rtexit$$00000004)
    rand                                     0x080001d1   Thumb Code    48  rand.o(.emb_text)
    Reset_Handler                            0x08000205   Thumb Code     8  startup_stm32f10x_md.o(.text)
    _maybe_terminate_alloc                   0x08000205   Thumb Code     0  maybetermalloc1.o(.emb_text)
    NMI_Handler                              0x0800020d   Thumb Code     2  startup_stm32f10x_md.o(.text)
    HardFault_Handler                        0x0800020f   Thumb Code     2  startup_stm32f10x_md.o(.text)
    MemManage_Handler                        0x08000211   Thumb Code     2  startup_stm32f10x_md.o(.text)
    BusFault_Handler                         0x08000213   Thumb Code     2  startup_stm32f10x_md.o(.text)
    UsageFault_Handler                       0x08000215   Thumb Code     2  startup_stm32f10x_md.o(.text)
    SVC_Handler                              0x08000217   Thumb Code     2  startup_stm32f10x_md.o(.text)
    DebugMon_Handler                         0x08000219   Thumb Code     2  startup_stm32f10x_md.o(.text)
    PendSV_Handler                           0x0800021b   Thumb Code     2  startup_stm32f10x_md.o(.text)
    ADC1_2_IRQHandler                        0x0800021f   Thumb Code     0  startup_stm32f10x_md.o(.text)
    CAN1_RX1_IRQHandler                      0x0800021f   Thumb Code     0  startup_stm32f10x_md.o(.text)
    CAN1_SCE_IRQHandler                      0x0800021f   Thumb Code     0  startup_stm32f10x_md.o(.text)
    DMA1_Channel1_IRQHandler                 0x0800021f   Thumb Code     0  startup_stm32f10x_md.o(.text)
    DMA1_Channel2_IRQHandler                 0x0800021f   Thumb Code     0  startup_stm32f10x_md.o(.text)
    DMA1_Channel3_IRQHandler                 0x0800021f   Thumb Code     0  startup_stm32f10x_md.o(.text)
    DMA1_Channel4_IRQHandler                 0x0800021f   Thumb Code     0  startup_stm32f10x_md.o(.text)
    DMA1_Channel5_IRQHandler                 0x0800021f   Thumb Code     0  startup_stm32f10x_md.o(.text)
    DMA1_Channel6_IRQHandler                 0x0800021f   Thumb Code     0  startup_stm32f10x_md.o(.text)
    DMA1_Channel7_IRQHandler                 0x0800021f   Thumb Code     0  startup_stm32f10x_md.o(.text)
    EXTI15_10_IRQHandler                     0x0800021f   Thumb Code     0  startup_stm32f10x_md.o(.text)
    EXTI2_IRQHandler                         0x0800021f   Thumb Code     0  startup_stm32f10x_md.o(.text)
    EXTI3_IRQHandler                         0x0800021f   Thumb Code     0  startup_stm32f10x_md.o(.text)
    EXTI4_IRQHandler                         0x0800021f   Thumb Code     0  startup_stm32f10x_md.o(.text)
    EXTI9_5_IRQHandler                       0x0800021f   Thumb Code     0  startup_stm32f10x_md.o(.text)
    FLASH_IRQHandler                         0x0800021f   Thumb Code     0  startup_stm32f10x_md.o(.text)
    I2C1_ER_IRQHandler                       0x0800021f   Thumb Code     0  startup_stm32f10x_md.o(.text)
    I2C1_EV_IRQHandler                       0x0800021f   Thumb Code     0  startup_stm32f10x_md.o(.text)
    I2C2_ER_IRQHandler                       0x0800021f   Thumb Code     0  startup_stm32f10x_md.o(.text)
    I2C2_EV_IRQHandler                       0x0800021f   Thumb Code     0  startup_stm32f10x_md.o(.text)
    PVD_IRQHandler                           0x0800021f   Thumb Code     0  startup_stm32f10x_md.o(.text)
    RCC_IRQHandler                           0x0800021f   Thumb Code     0  startup_stm32f10x_md.o(.text)
    RTCAlarm_IRQHandler                      0x0800021f   Thumb Code     0  startup_stm32f10x_md.o(.text)
    RTC_IRQHandler                           0x0800021f   Thumb Code     0  startup_stm32f10x_md.o(.text)
    SPI1_IRQHandler                          0x0800021f   Thumb Code     0  startup_stm32f10x_md.o(.text)
    SPI2_IRQHandler                          0x0800021f   Thumb Code     0  startup_stm32f10x_md.o(.text)
    TAMPER_IRQHandler                        0x0800021f   Thumb Code     0  startup_stm32f10x_md.o(.text)
    TIM1_BRK_IRQHandler                      0x0800021f   Thumb Code     0  startup_stm32f10x_md.o(.text)
    TIM1_CC_IRQHandler                       0x0800021f   Thumb Code     0  startup_stm32f10x_md.o(.text)
    TIM1_TRG_COM_IRQHandler                  0x0800021f   Thumb Code     0  startup_stm32f10x_md.o(.text)
    TIM1_UP_IRQHandler                       0x0800021f   Thumb Code     0  startup_stm32f10x_md.o(.text)
    TIM2_IRQHandler                          0x0800021f   Thumb Code     0  startup_stm32f10x_md.o(.text)
    TIM3_IRQHandler                          0x0800021f   Thumb Code     0  startup_stm32f10x_md.o(.text)
    TIM4_IRQHandler                          0x0800021f   Thumb Code     0  startup_stm32f10x_md.o(.text)
    USART1_IRQHandler                        0x0800021f   Thumb Code     0  startup_stm32f10x_md.o(.text)
    USART2_IRQHandler                        0x0800021f   Thumb Code     0  startup_stm32f10x_md.o(.text)
    USART3_IRQHandler                        0x0800021f   Thumb Code     0  startup_stm32f10x_md.o(.text)
    USBWakeUp_IRQHandler                     0x0800021f   Thumb Code     0  startup_stm32f10x_md.o(.text)
    USB_HP_CAN1_TX_IRQHandler                0x0800021f   Thumb Code     0  startup_stm32f10x_md.o(.text)
    USB_LP_CAN1_RX0_IRQHandler               0x0800021f   Thumb Code     0  startup_stm32f10x_md.o(.text)
    WWDG_IRQHandler                          0x0800021f   Thumb Code     0  startup_stm32f10x_md.o(.text)
    __user_initial_stackheap                 0x08000221   Thumb Code     0  startup_stm32f10x_md.o(.text)
    SystemInit                               0x0800030d   Thumb Code    78  system_stm32f10x.o(.text)
    SystemCoreClockUpdate                    0x0800035b   Thumb Code   142  system_stm32f10x.o(.text)
    LedsManager::LedsManager()               0x0800040d   Thumb Code    44  ledsmanager.o(.text)
    LedsManager::LedsManager__sub_object()   0x0800040d   Thumb Code     0  ledsmanager.o(.text)
    LedsManager::~LedsManager()              0x08000439   Thumb Code     2  ledsmanager.o(.text)
    LedsManager::~LedsManager__sub_object()  0x08000439   Thumb Code     0  ledsmanager.o(.text)
    LedsManager::~LedsManager__deallocating() 0x0800043b   Thumb Code    18  ledsmanager.o(.text)
    LedsManager::SetLed(unsigned, bool)      0x0800044d   Thumb Code    64  ledsmanager.o(.text)
    LedsManager::ToggleLed(unsigned)         0x0800048d   Thumb Code    40  ledsmanager.o(.text)
    LedsManager::GetLed(unsigned)            0x080004b5   Thumb Code    44  ledsmanager.o(.text)
    ButtonsManager::NotifyListeners(unsigned) 0x080004ed   Thumb Code    60  buttonsmanager.o(.text)
    EXTI0_IRQHandler                         0x08000529   Thumb Code    32  buttonsmanager.o(.text)
    EXTI1_IRQHandler                         0x08000549   Thumb Code    32  buttonsmanager.o(.text)
    ButtonsManager::ButtonsManager()         0x08000569   Thumb Code   104  buttonsmanager.o(.text)
    ButtonsManager::ButtonsManager__sub_object() 0x08000569   Thumb Code     0  buttonsmanager.o(.text)
    ButtonsManager::~ButtonsManager()        0x080005d1   Thumb Code     2  buttonsmanager.o(.text)
    ButtonsManager::~ButtonsManager__sub_object() 0x080005d1   Thumb Code     0  buttonsmanager.o(.text)
    ButtonsManager::ButtonPressed(unsigned)  0x080005d3   Thumb Code    66  buttonsmanager.o(.text)
    ButtonsManager::AddButtonListener(IButtonListener*) 0x08000615   Thumb Code    46  buttonsmanager.o(.text)
    main                                     0x080006a5   Thumb Code    74  main.o(.text)
    JSON::find_json_array_token(Vector<JSON::jsmntok_t>&, const char*, const char*) 0x08000701   Thumb Code   106  json.o(.text)
    JSON::token_to_int(const char*, JSON::jsmntok_t*, int&) 0x0800076b   Thumb Code    38  json.o(.text)
    JSON::token_to_uint(const char*, JSON::jsmntok_t*, unsigned&) 0x08000791   Thumb Code    38  json.o(.text)
    JSON::token_to_double(const char*, JSON::jsmntok_t*, double&) 0x080007b7   Thumb Code    38  json.o(.text)
    JSON::token_to_alarm_type(const char*, JSON::jsmntok_t*, Alarm::AlarmType&) 0x080007dd   Thumb Code   116  json.o(.text)
    JSON::parse_sprinkler_configuration(const char*, Sprinkler&) 0x08000851   Thumb Code   382  json.o(.text)
    JSON::parse_alarms_internal(Vector<JSON::jsmntok_t>&, const char*, Vector<SmartPointer<Sensor>>&) 0x080009cf   Thumb Code  1002  json.o(.text)
    JSON::parse_sensors_internal(Vector<JSON::jsmntok_t>&, const char*, Vector<SmartPointer<Sensor>>&) 0x08000db9   Thumb Code   434  json.o(.text)
    JSON::parse_sensors(const char*, Vector<SmartPointer<Sensor>>&) 0x08000f6b   Thumb Code   112  json.o(.text)
    JSON::parse_valves(const char*, Vector<SmartPointer<Valf>>&) 0x08000fdb   Thumb Code   694  json.o(.text)
    JSON::parse_irrigations(const char*, Vector<Irrigation>&) 0x08001291   Thumb Code   584  json.o(.text)
    JSON::Parser::Parser()                   0x08001545   Thumb Code    12  jsonparser.o(.text)
    JSON::Parser::Parser__sub_object()       0x08001545   Thumb Code     0  jsonparser.o(.text)
    JSON::Parser::~Parser()                  0x08001551   Thumb Code     2  jsonparser.o(.text)
    JSON::Parser::~Parser__sub_object()      0x08001551   Thumb Code     0  jsonparser.o(.text)
    JSON::Parser::fill_token(JSON::jsmntok_t*, JSON::jsmntype_t, int, int) 0x08001553   Thumb Code    16  jsonparser.o(.text)
    JSON::Parser::alloc_token(Vector<JSON::jsmntok_t>&) 0x08001563   Thumb Code    92  jsonparser.o(.text)
    JSON::Parser::parse_primitive(const char*, Vector<JSON::jsmntok_t>&) 0x080015bf   Thumb Code   158  jsonparser.o(.text)
    JSON::Parser::parse_string(const char*, Vector<JSON::jsmntok_t>&) 0x0800165d   Thumb Code   180  jsonparser.o(.text)
    JSON::Parser::Parse(const char*, Vector<JSON::jsmntok_t>&) 0x08001711   Thumb Code   572  jsonparser.o(.text)
    Sprinkler::get_next_task_time()          0x0800194d   Thumb Code    32  sprinkler.o(.text)
    Sprinkler::load_irrigations_instructions() 0x0800196d   Thumb Code    78  sprinkler.o(.text)
    Sprinkler::needs_to_load_irrigations()   0x080019bb   Thumb Code    28  sprinkler.o(.text)
    Sprinkler::report_reading()              0x080019d7   Thumb Code    74  sprinkler.o(.text)
    Sprinkler::needs_to_report_reading()     0x08001a21   Thumb Code    36  sprinkler.o(.text)
    Sprinkler::read_sensors()                0x08001a45   Thumb Code    84  sprinkler.o(.text)
    Sprinkler::do_tasks()                    0x08001a99   Thumb Code    68  sprinkler.o(.text)
    Sprinkler::needs_to_do_tasks()           0x08001add   Thumb Code    32  sprinkler.o(.text)
    Sprinkler::TimeNotification()            0x08001afd   Thumb Code    66  sprinkler.o(.text)
    Sprinkler::load_valves_config()          0x08001b3f   Thumb Code    52  sprinkler.o(.text)
    Sprinkler::load_sensors_config()         0x08001b73   Thumb Code    52  sprinkler.o(.text)
    Sprinkler::load_sprinkler_config()       0x08001ba7   Thumb Code    50  sprinkler.o(.text)
    Sprinkler::load_config()                 0x08001bd9   Thumb Code    42  sprinkler.o(.text)
    Sprinkler::Sprinkler()                   0x08001c03   Thumb Code   148  sprinkler.o(.text)
    Sprinkler::Sprinkler__sub_object()       0x08001c03   Thumb Code     0  sprinkler.o(.text)
    Sprinkler::~Sprinkler()                  0x08001c97   Thumb Code    72  sprinkler.o(.text)
    Sprinkler::~Sprinkler__sub_object()      0x08001c97   Thumb Code     0  sprinkler.o(.text)
    Sprinkler::~Sprinkler__deallocating()    0x08001cdf   Thumb Code    18  sprinkler.o(.text)
    Logger::AddLine(const char*, Logger::LoggerLevel) 0x08001e29   Thumb Code    16  logger.o(.text)
    fputc                                    0x08001e45   Thumb Code    50  fputc_redirect.o(.text)
    Irrigation::Irrigation()                 0x08001e7d   Thumb Code    12  irrigation.o(.text)
    Irrigation::Irrigation__sub_object()     0x08001e7d   Thumb Code     0  irrigation.o(.text)
    Irrigation::~Irrigation()                0x08001e89   Thumb Code     2  irrigation.o(.text)
    Irrigation::~Irrigation__sub_object()    0x08001e89   Thumb Code     0  irrigation.o(.text)
    Irrigation::operator =(const Irrigation&) 0x08001e8b   Thumb Code    22  irrigation.o(.text)
    Alarm::Alarm(double, Alarm::AlarmType)   0x08001ea1   Thumb Code    10  alarm.o(.text)
    Alarm::Alarm__sub_object(double, Alarm::AlarmType) 0x08001ea1   Thumb Code     0  alarm.o(.text)
    Alarm::~Alarm()                          0x08001eab   Thumb Code     2  alarm.o(.text)
    Alarm::~Alarm__sub_object()              0x08001eab   Thumb Code     0  alarm.o(.text)
    Alarm::will_alarm(double)                0x08001ead   Thumb Code   132  alarm.o(.text)
    Sensor::Sensor__sub_object()             0x08001f31   Thumb Code    88  sensor.o(.text)
    Sensor::~Sensor()                        0x08001f89   Thumb Code     0  sensor.o(.text)
    Sensor::~Sensor__sub_object()            0x08001f89   Thumb Code    46  sensor.o(.text)
    Sensor::~Sensor__deallocating()          0x08001fb7   Thumb Code    18  sensor.o(.text)
    Sensor::add_reading_if_needed(bool)      0x08001fc9   Thumb Code    96  sensor.o(.text)
    Sensor::read_sensor(double&, bool&)      0x08002029   Thumb Code   116  sensor.o(.text)
    Sensor::ReportReadingData(const char*, ReadingData&) 0x0800209d   Thumb Code   148  sensor.o(.text)
    Sensor::ReportReadings()                 0x08002131   Thumb Code    90  sensor.o(.text)
    SensorFactory::CreateSensor(SensorType)  0x08002225   Thumb Code    72  sensorfactory.o(.text)
    WaterSensor::WaterSensor()               0x0800226d   Thumb Code    20  watersensor.o(.text)
    WaterSensor::WaterSensor__sub_object()   0x0800226d   Thumb Code     0  watersensor.o(.text)
    WaterSensor::~WaterSensor()              0x08002281   Thumb Code    16  watersensor.o(.text)
    WaterSensor::~WaterSensor__sub_object()  0x08002281   Thumb Code     0  watersensor.o(.text)
    WaterSensor::~WaterSensor__deallocating() 0x08002291   Thumb Code    18  watersensor.o(.text)
    WaterSensor::get_type()                  0x080022a3   Thumb Code     6  watersensor.o(.text)
    WaterSensor::read_sensor(double&)        0x080022a9   Thumb Code    44  watersensor.o(.text)
    MockSensor::MockSensor()                 0x080022dd   Thumb Code    20  mocksensor.o(.text)
    MockSensor::MockSensor__sub_object()     0x080022dd   Thumb Code     0  mocksensor.o(.text)
    MockSensor::~MockSensor()                0x080022f1   Thumb Code    16  mocksensor.o(.text)
    MockSensor::~MockSensor__sub_object()    0x080022f1   Thumb Code     0  mocksensor.o(.text)
    MockSensor::~MockSensor__deallocating()  0x08002301   Thumb Code    18  mocksensor.o(.text)
    MockSensor::get_type()                   0x08002313   Thumb Code     6  mocksensor.o(.text)
    MockSensor::read_sensor(double&)         0x08002319   Thumb Code    36  mocksensor.o(.text)
    BatterySensor::BatterySensor()           0x08002341   Thumb Code    20  batterysensor.o(.text)
    BatterySensor::BatterySensor__sub_object() 0x08002341   Thumb Code     0  batterysensor.o(.text)
    BatterySensor::~BatterySensor()          0x08002355   Thumb Code    16  batterysensor.o(.text)
    BatterySensor::~BatterySensor__sub_object() 0x08002355   Thumb Code     0  batterysensor.o(.text)
    BatterySensor::~BatterySensor__deallocating() 0x08002365   Thumb Code    18  batterysensor.o(.text)
    BatterySensor::get_type()                0x08002377   Thumb Code     6  batterysensor.o(.text)
    BatterySensor::read_sensor(double&)      0x0800237d   Thumb Code    12  batterysensor.o(.text)
    Valf::set_state(bool)                    0x0800238d   Thumb Code    48  valf.o(.text)
    Valf::Valf(int, int)                     0x080023bd   Thumb Code    38  valf.o(.text)
    Valf::Valf__sub_object(int, int)         0x080023bd   Thumb Code     0  valf.o(.text)
    Valf::~Valf()                            0x080023e3   Thumb Code     2  valf.o(.text)
    Valf::~Valf__sub_object()                0x080023e3   Thumb Code     0  valf.o(.text)
    Valf::get_state(bool&)                   0x080023e5   Thumb Code    10  valf.o(.text)
    Valf::do_instructions(Vector<SmartPointer<Valf>>&, Vector<Irrigation>&) 0x080023ef   Thumb Code   172  valf.o(.text)
    StringBuffer::StringBuffer()             0x08002505   Thumb Code    24  stringbuffer.o(.text)
    StringBuffer::StringBuffer__sub_object() 0x08002505   Thumb Code     0  stringbuffer.o(.text)
    StringBuffer::~StringBuffer()            0x0800251d   Thumb Code    14  stringbuffer.o(.text)
    StringBuffer::~StringBuffer__sub_object() 0x0800251d   Thumb Code     0  stringbuffer.o(.text)
    StringBuffer::ReallocateBuffer(unsigned) 0x0800252b   Thumb Code    28  stringbuffer.o(.text)
    StringBuffer::Write(const char*, unsigned) 0x08002547   Thumb Code    66  stringbuffer.o(.text)
    StringBuffer::Read(char*, unsigned)      0x08002589   Thumb Code    54  stringbuffer.o(.text)
    TimeListenersList::TimeListenersList()   0x080025ed   Thumb Code    28  timelistenerslist.o(.text)
    TimeListenersList::TimeListenersList__sub_object() 0x080025ed   Thumb Code     0  timelistenerslist.o(.text)
    TimeListenersList::Clear()               0x08002609   Thumb Code    32  timelistenerslist.o(.text)
    TimeListenersList::~TimeListenersList()  0x08002629   Thumb Code    20  timelistenerslist.o(.text)
    TimeListenersList::~TimeListenersList__sub_object() 0x08002629   Thumb Code     0  timelistenerslist.o(.text)
    TimeListenersList::Add(int, ITimeListener*) 0x0800263d   Thumb Code    60  timelistenerslist.o(.text)
    TimeListenersList::Remove(int, ITimeListener*) 0x08002679   Thumb Code    70  timelistenerslist.o(.text)
    TimeListenersList::GetFirst()            0x080026bf   Thumb Code     8  timelistenerslist.o(.text)
    TimeListenersList::RemoveFirst()         0x080026c7   Thumb Code    24  timelistenerslist.o(.text)
    TimeManager::NotifyListeners()           0x080026e1   Thumb Code    64  timemanager.o(.text)
    SysTick_Handler                          0x08002721   Thumb Code    30  timemanager.o(.text)
    TimeManager::GetTimeManager()            0x0800273f   Thumb Code     6  timemanager.o(.text)
    TimeManager::~TimeManager()              0x08002745   Thumb Code     2  timemanager.o(.text)
    TimeManager::~TimeManager__sub_object()  0x08002745   Thumb Code     0  timemanager.o(.text)
    TimeManager::SetSystemTime(int)          0x08002747   Thumb Code     6  timemanager.o(.text)
    TimeManager::GetSystemTime()             0x0800274d   Thumb Code     6  timemanager.o(.text)
    TimeManager::NotifyAt(ITimeListener*, int) 0x08002753   Thumb Code    18  timemanager.o(.text)
    TimeManager::TimeManager()               0x08002765   Thumb Code    92  timemanager.o(.text)
    TimeManager::TimeManager__sub_object()   0x08002765   Thumb Code     0  timemanager.o(.text)
    Communication::GetWebPage(const char*, StringBuffer&) 0x0800280d   Thumb Code     6  communication.o(.text)
    Communication::PostWebPage(const char*, StringBuffer&, StringBuffer&) 0x08002813   Thumb Code     6  communication.o(.text)
    malloc                                   0x08002819   Thumb Code    94  h1_alloc.o(.text)
    free                                     0x08002877   Thumb Code    78  h1_free.o(.text)
    realloc                                  0x080028c5   Thumb Code   184  h1_realloc.o(.text)
    __2printf                                0x0800297d   Thumb Code    20  __2printf.o(.text)
    __2sprintf                               0x08002995   Thumb Code    38  __2sprintf.o(.text)
    __2snprintf                              0x080029c1   Thumb Code    50  __2snprintf.o(.text)
    _printf_str                              0x080029f9   Thumb Code    82  _printf_str.o(.text)
    _printf_int_dec                          0x08002a4d   Thumb Code   102  _printf_dec.o(.text)
    __printf                                 0x08002ac5   Thumb Code   352  __printf_ss_wp.o(.text)
    __0sscanf                                0x08002c25   Thumb Code    52  __0sscanf.o(.text)
    _scanf_int                               0x08002c61   Thumb Code   336  _scanf_int.o(.text)
    srand                                    0x08002db1   Thumb Code    42  rand.o(.text)
    _rand_init                               0x08002ddb   Thumb Code     4  rand.o(.text)
    strncasecmp                              0x08002ded   Thumb Code    50  strncasecmp.o(.text)
    strlen                                   0x08002e1f   Thumb Code    62  strlen.o(.text)
    strncmp                                  0x08002e5d   Thumb Code   150  strncmp.o(.text)
    __aeabi_memcpy                           0x08002ef3   Thumb Code     0  rt_memcpy_v6.o(.text)
    __rt_memcpy                              0x08002ef3   Thumb Code   138  rt_memcpy_v6.o(.text)
    _memcpy_lastbytes                        0x08002f59   Thumb Code     0  rt_memcpy_v6.o(.text)
    strcmp                                   0x08002f7d   Thumb Code   128  strcmpv7m.o(.text)
    __use_two_region_memory                  0x08002ffd   Thumb Code     2  heapauxi.o(.text)
    __rt_heap_escrow                         0x08002fff   Thumb Code     2  heapauxi.o(.text)
    __rt_heap_expand                         0x08003001   Thumb Code     2  heapauxi.o(.text)
    __cpp_initialize__aeabi_                 0x08003005   Thumb Code    26  init_aeabi.o(.text)
    __aeabi_vec_delete                       0x08003029   Thumb Code    14  aeabi_vec_delete_noexceptions.o(.text)
    __rt_heap_descriptor                     0x08003039   Thumb Code     8  rt_heap_descriptor_intlibspace.o(.text)
    __rt_new_handler_addr                    0x08003041   Thumb Code     8  rt_new_handler_addr_intlibspace.o(.text)
    __rt_ddtor_pointer_addr                  0x08003049   Thumb Code     8  rt_ddtor_pointer_addr_intlibspace.o(.text)
    __use_no_heap                            0x08003051   Thumb Code     2  hguard.o(.text)
    __heap$guard                             0x08003053   Thumb Code     2  hguard.o(.text)
    _terminate_user_alloc                    0x08003055   Thumb Code     2  init_alloc.o(.text)
    _init_user_alloc                         0x08003057   Thumb Code     2  init_alloc.o(.text)
    __Heap_Full                              0x08003059   Thumb Code    34  init_alloc.o(.text)
    __Heap_Broken                            0x0800307b   Thumb Code     6  init_alloc.o(.text)
    _init_alloc                              0x08003081   Thumb Code    94  init_alloc.o(.text)
    __Heap_Initialize                        0x080030df   Thumb Code    10  h1_init.o(.text)
    __Heap_DescSize                          0x080030e9   Thumb Code     4  h1_init.o(.text)
    tolower                                  0x080030ed   Thumb Code    26  tolower.o(.text)
    _printf_int_common                       0x08003107   Thumb Code   184  _printf_intcommon.o(.text)
    __lib_sel_fp_printf                      0x080031bf   Thumb Code     2  _printf_fp_dec.o(.text)
    _printf_fp_dec_real                      0x0800336b   Thumb Code   628  _printf_fp_dec.o(.text)
    _printf_char_common                      0x080035eb   Thumb Code    32  _printf_char_common.o(.text)
    _sputc                                   0x08003611   Thumb Code    10  _sputc.o(.text)
    _snputc                                  0x0800361b   Thumb Code    16  _snputc.o(.text)
    _printf_cs_common                        0x0800362b   Thumb Code    20  _printf_char.o(.text)
    _printf_char                             0x0800363f   Thumb Code    16  _printf_char.o(.text)
    _printf_string                           0x0800364f   Thumb Code     8  _printf_char.o(.text)
    _printf_char_file                        0x08003659   Thumb Code    32  _printf_char_file.o(.text)
    _chval                                   0x0800367d   Thumb Code    28  _chval.o(.text)
    _scanf_really_real                       0x08003891   Thumb Code   672  scanf_fp.o(.text)
    __vfscanf_char                           0x08003b49   Thumb Code    24  scanf_char.o(.text)
    _sgetc                                   0x08003b69   Thumb Code    30  _sgetc.o(.text)
    _sbackspace                              0x08003b87   Thumb Code    34  _sgetc.o(.text)
    __rt_SIGPVFN                             0x08003ba9   Thumb Code    14  defsig_pvfn_outer.o(.text)
    __aeabi_memcpy4                          0x08003bb7   Thumb Code     0  rt_memcpy_w.o(.text)
    __aeabi_memcpy8                          0x08003bb7   Thumb Code     0  rt_memcpy_w.o(.text)
    __rt_memcpy_w                            0x08003bb7   Thumb Code   100  rt_memcpy_w.o(.text)
    _memcpy_lastbytes_aligned                0x08003bff   Thumb Code     0  rt_memcpy_w.o(.text)
    __default_new_handler()                  0x08003c1b   Thumb Code     4  arm_newhandler_noexceptions.o(.text)
    __user_libspace                          0x08003c21   Thumb Code     8  libspace.o(.text)
    __user_perproc_libspace                  0x08003c21   Thumb Code     0  libspace.o(.text)
    __user_perthread_libspace                0x08003c21   Thumb Code     0  libspace.o(.text)
    __rt_ctype_table                         0x08003c29   Thumb Code    16  rt_ctype_table.o(.text)
    __rt_locale                              0x08003c39   Thumb Code     8  rt_locale_intlibspace.o(.text)
    __aeabi_errno_addr                       0x08003c41   Thumb Code     8  rt_errno_addr_intlibspace.o(.text)
    __errno$intlibspace                      0x08003c41   Thumb Code     0  rt_errno_addr_intlibspace.o(.text)
    __rt_errno_addr$intlibspace              0x08003c41   Thumb Code     0  rt_errno_addr_intlibspace.o(.text)
    __Heap_ProvideMemory                     0x08003c49   Thumb Code    52  h1_extend.o(.text)
    _ll_udiv10                               0x08003c7d   Thumb Code   138  lludiv10.o(.text)
    isspace                                  0x08003d07   Thumb Code    18  isspace.o(.text)
    _printf_fp_infnan                        0x08003d19   Thumb Code   112  _printf_fp_infnan.o(.text)
    __vfscanf                                0x08003d99   Thumb Code   876  _scanf.o(.text)
    _btod_etento                             0x08004109   Thumb Code   222  bigflt0.o(.text)
    ferror                                   0x080041ed   Thumb Code     8  ferror.o(.text)
    __sig_exit                               0x080041f5   Thumb Code    10  defsig_exit.o(.text)
    __rt_SIGRTMEM                            0x080041ff   Thumb Code    14  defsig_rtmem_outer.o(.text)
    __rt_SIGPVFN_inner                       0x0800420d   Thumb Code    14  defsig_pvfn_inner.o(.text)
    __aeabi_vec_dtor                         0x0800423d   Thumb Code    34  aeabi_vec_dtor_noexceptions.o(.text)
    std::terminate()                         0x0800425f   Thumb Code    26  arm_exceptions_terminate.o(.text)
    _sys_exit                                0x08004279   Thumb Code     8  sys_exit.o(.text)
    __I$use$semihosting                      0x08004285   Thumb Code     0  use_no_semi.o(.text)
    __use_no_semihosting_swi                 0x08004285   Thumb Code     2  use_no_semi.o(.text)
    __semihosting_library_function           0x08004287   Thumb Code     0  indicate_semi.o(.text)
    __user_setup_stackheap                   0x08004287   Thumb Code    74  sys_stackheap_outer.o(.text)
    __read_errno                             0x080042d1   Thumb Code    10  _rserrno.o(.text)
    __set_errno                              0x080042db   Thumb Code    12  _rserrno.o(.text)
    _scanf_really_hex_real                   0x080042e9   Thumb Code   776  scanf_hexfp.o(.text)
    _scanf_really_infnan                     0x080045fd   Thumb Code   298  scanf_infnan.o(.text)
    exit                                     0x08004739   Thumb Code    12  exit.o(.text)
    abort                                    0x08004745   Thumb Code    16  abort.o(.text)
    __default_signal_display                 0x08004755   Thumb Code    50  defsig_general.o(.text)
    __rt_SIGRTMEM_inner                      0x08004789   Thumb Code    22  defsig_rtmem_inner.o(.text)
    __ARM_vec_cleanup                        0x080047d9   Thumb Code    28  ARM_vec_cleanup_noexceptions.o(.text)
    __cxa_get_globals                        0x080047f9   Thumb Code    62  arm_exceptions_globs.o(.text)
    __cxa_rethrow                            0x08004845   Thumb Code     2  arm_rethrow_noexceptions.o(.text)
    _ttywrch                                 0x08004847   Thumb Code    14  sys_wrch.o(.text)
    __rt_eh_globals_addr                     0x08004855   Thumb Code     8  rt_eh_globals_addr_intlibspace.o(.text)
    __aeabi_llsl                             0x0800485d   Thumb Code     0  llshl.o(.text)
    _ll_shift_l                              0x0800485d   Thumb Code    38  llshl.o(.text)
    __rt_SIGABRT                             0x08004883   Thumb Code    14  defsig_abrt_outer.o(.text)
    __ARM_exceptions_buffer_init             0x08004891   Thumb Code    18  arm_exceptions_mem.o(.text)
    __ARM_exceptions_buffer_allocate         0x080048a3   Thumb Code    22  arm_exceptions_mem.o(.text)
    __ARM_exceptions_buffer_free             0x080048b9   Thumb Code    20  arm_exceptions_mem.o(.text)
    __rt_SIGABRT_inner                       0x080048cd   Thumb Code    14  defsig_abrt_inner.o(.text)
    _btod_d2e                                0x080048fd   Thumb Code    62  btod.o(CL$$btod_d2e)
    _d2e_denorm_low                          0x0800493b   Thumb Code    70  btod.o(CL$$btod_d2e_denorm_low)
    _d2e_norm_op1                            0x08004981   Thumb Code    96  btod.o(CL$$btod_d2e_norm_op1)
    __btod_div_common                        0x080049e1   Thumb Code   696  btod.o(CL$$btod_div_common)
    _e2d                                     0x08004d19   Thumb Code    80  btod.o(CL$$btod_e2d)
    _e2e                                     0x08004d6d   Thumb Code   198  btod.o(CL$$btod_e2e)
    _btod_ediv                               0x08004e33   Thumb Code    40  btod.o(CL$$btod_ediv)
    _btod_edivd                              0x08004e5b   Thumb Code    40  btod.o(CL$$btod_edivd)
    _btod_emul                               0x08004e83   Thumb Code    40  btod.o(CL$$btod_emul)
    _btod_emuld                              0x08004eab   Thumb Code    40  btod.o(CL$$btod_emuld)
    __btod_mult_common                       0x08004ed3   Thumb Code   580  btod.o(CL$$btod_mult_common)
    LedsManager::GetMask(unsigned)           0x08005117   Thumb Code    24  ledsmanager.o(i._ZN11LedsManager7GetMaskEj)
    TimeListenerData::TimeListenerData(int, ITimeListener*) 0x0800512f   Thumb Code    10  timelistenerslist.o(i._ZN16TimeListenerDataC1EiP13ITimeListener)
    TimeListenerData::TimeListenerData__sub_object(int, ITimeListener*) 0x0800512f   Thumb Code     0  timelistenerslist.o(i._ZN16TimeListenerDataC1EiP13ITimeListener)
    LedButtonListener::OnButtonPressed(unsigned) 0x08005139   Thumb Code    62  main.o(i._ZN17LedButtonListener15OnButtonPressedEj)
    LedButtonListener::TimeNotification()    0x08005177   Thumb Code    20  main.o(i._ZN17LedButtonListener16TimeNotificationEv)
    LedButtonListener::LedButtonListener(LedsManager*, unsigned) 0x0800518d   Thumb Code    28  main.o(i._ZN17LedButtonListenerC1EP11LedsManagerj)
    LedButtonListener::LedButtonListener__sub_object(LedsManager*, unsigned) 0x0800518d   Thumb Code     0  main.o(i._ZN17LedButtonListenerC1EP11LedsManagerj)
    StringBuffer::GetBuffer() const          0x080051b5   Thumb Code     6  sprinkler.o(i._ZNK12StringBuffer9GetBufferEv)
    thunk{-4} to LedButtonListener::TimeNotification() 0x080051bb   Thumb Code    14  main.o(i._ZThn4_N17LedButtonListener16TimeNotificationEv)
    operator delete[] (void*)                0x080051c9   Thumb Code     8  array_del.o(i._ZdaPv)
    operator delete (void*)                  0x080051d1   Thumb Code     8  delete.o(i._ZdlPv)
    operator new[] (unsigned)                0x080051d9   Thumb Code     8  array_new.o(i._Znaj)
    operator new(unsigned)                   0x080051e1   Thumb Code    34  new.o(i._Znwj)
    __ARM_array_new_general                  0x08005209   Thumb Code   146  array_new_general.o(i.__ARM_array_new_general)
    __ARM_fpclassify                         0x0800529b   Thumb Code    40  fpclassify.o(i.__ARM_fpclassify)
    __aeabi_atexit                           0x080052c3   Thumb Code    50  aeabi_atexit.o(i.__aeabi_atexit)
    __aeabi_vec_dtor_cookie                  0x080052f5   Thumb Code    16  aeabi_vec_dtor_cookie.o(i.__aeabi_vec_dtor_cookie)
    __aeabi_vec_new_cookie_nodtor            0x08005305   Thumb Code    22  aeabi_vec_new_cookie_nodtor.o(i.__aeabi_vec_new_cookie_nodtor)
    __cxa_finalize                           0x0800531b   Thumb Code    66  cxa_finalize.o(i.__cxa_finalize)
    __cxa_pure_virtual                       0x0800535d   Thumb Code     6  pure_virt.o(i.__cxa_pure_virtual)
    __cxa_vec_new                            0x08005365   Thumb Code    18  cxa_vec_new.o(i.__cxa_vec_new)
    __mathlib_dbl_underflow                  0x0800537d   Thumb Code    10  dunder.o(i.__mathlib_dbl_underflow)
    __mathlib_narrow                         0x0800538d   Thumb Code    16  narrow.o(i.__mathlib_narrow)
    __mathlib_tofloat                        0x0800539d   Thumb Code   132  narrow.o(i.__mathlib_tofloat)
    __support_ldexp                          0x08005425   Thumb Code    22  ldexp.o(i.__support_ldexp)
    _is_digit                                0x0800543b   Thumb Code    14  __printf_wp.o(i._is_digit)
    frexp                                    0x08005449   Thumb Code    80  frexp.o(i.frexp)
    ldexp                                    0x080054a1   Thumb Code   126  ldexp.o(i.ldexp)
    _get_lc_numeric                          0x08005521   Thumb Code    44  lc_numeric_c.o(locale$$code)
    _get_lc_ctype                            0x0800554d   Thumb Code    44  lc_ctype_c.o(locale$$code)
    SmartPointer<Valf>::RC::AddRef()         0x08005579   Thumb Code     8  json.o(t._ZN12SmartPointerI4ValfE2RC6AddRefEv)
    SmartPointer<Valf>::RC::RC()             0x08005581   Thumb Code     6  json.o(t._ZN12SmartPointerI4ValfE2RCC1Ev)
    SmartPointer<Valf>::RC::RC__sub_object() 0x08005581   Thumb Code     0  json.o(t._ZN12SmartPointerI4ValfE2RCC1Ev)
    SmartPointer<Valf>::Release()            0x08005587   Thumb Code    38  json.o(t._ZN12SmartPointerI4ValfE7ReleaseEv)
    SmartPointer<Valf>::SmartPointer()       0x080055ad   Thumb Code    36  json.o(t._ZN12SmartPointerI4ValfEC1Ev)
    SmartPointer<Valf>::SmartPointer__sub_object() 0x080055ad   Thumb Code     0  json.o(t._ZN12SmartPointerI4ValfEC1Ev)
    SmartPointer<Valf>::~SmartPointer()      0x080055d1   Thumb Code    14  json.o(t._ZN12SmartPointerI4ValfED1Ev)
    SmartPointer<Valf>::~SmartPointer__sub_object() 0x080055d1   Thumb Code     0  json.o(t._ZN12SmartPointerI4ValfED1Ev)
    SmartPointer<Valf>::operator =(const SmartPointer<Valf>&) 0x080055df   Thumb Code    34  json.o(t._ZN12SmartPointerI4ValfEaSERKS1_)
    SmartPointer<Alarm>::RC::AddRef()        0x08005601   Thumb Code     8  json.o(t._ZN12SmartPointerI5AlarmE2RC6AddRefEv)
    SmartPointer<Alarm>::RC::RC()            0x08005609   Thumb Code     6  json.o(t._ZN12SmartPointerI5AlarmE2RCC1Ev)
    SmartPointer<Alarm>::RC::RC__sub_object() 0x08005609   Thumb Code     0  json.o(t._ZN12SmartPointerI5AlarmE2RCC1Ev)
    SmartPointer<Alarm>::Release()           0x0800560f   Thumb Code    38  json.o(t._ZN12SmartPointerI5AlarmE7ReleaseEv)
    SmartPointer<Alarm>::SmartPointer()      0x08005635   Thumb Code    36  json.o(t._ZN12SmartPointerI5AlarmEC1Ev)
    SmartPointer<Alarm>::SmartPointer__sub_object() 0x08005635   Thumb Code     0  json.o(t._ZN12SmartPointerI5AlarmEC1Ev)
    SmartPointer<Alarm>::~SmartPointer()     0x08005659   Thumb Code    14  json.o(t._ZN12SmartPointerI5AlarmED1Ev)
    SmartPointer<Alarm>::~SmartPointer__sub_object() 0x08005659   Thumb Code     0  json.o(t._ZN12SmartPointerI5AlarmED1Ev)
    SmartPointer<Alarm>::operator =(const SmartPointer<Alarm>&) 0x08005667   Thumb Code    34  json.o(t._ZN12SmartPointerI5AlarmEaSERKS1_)
    SmartPointer<Sensor>::RC::AddRef()       0x08005689   Thumb Code     8  json.o(t._ZN12SmartPointerI6SensorE2RC6AddRefEv)
    SmartPointer<Sensor>::RC::RC()           0x08005691   Thumb Code     6  json.o(t._ZN12SmartPointerI6SensorE2RCC1Ev)
    SmartPointer<Sensor>::RC::RC__sub_object() 0x08005691   Thumb Code     0  json.o(t._ZN12SmartPointerI6SensorE2RCC1Ev)
    SmartPointer<Sensor>::Release()          0x08005697   Thumb Code    34  json.o(t._ZN12SmartPointerI6SensorE7ReleaseEv)
    SmartPointer<Sensor>::SmartPointer(const SmartPointer<Sensor>&) 0x080056b9   Thumb Code    24  json.o(t._ZN12SmartPointerI6SensorEC1ERKS1_)
    SmartPointer<Sensor>::SmartPointer__sub_object(const SmartPointer<Sensor>&) 0x080056b9   Thumb Code     0  json.o(t._ZN12SmartPointerI6SensorEC1ERKS1_)
    SmartPointer<Sensor>::SmartPointer()     0x080056d1   Thumb Code    36  json.o(t._ZN12SmartPointerI6SensorEC1Ev)
    SmartPointer<Sensor>::SmartPointer__sub_object() 0x080056d1   Thumb Code     0  json.o(t._ZN12SmartPointerI6SensorEC1Ev)
    SmartPointer<Sensor>::~SmartPointer()    0x080056f5   Thumb Code    14  json.o(t._ZN12SmartPointerI6SensorED1Ev)
    SmartPointer<Sensor>::~SmartPointer__sub_object() 0x080056f5   Thumb Code     0  json.o(t._ZN12SmartPointerI6SensorED1Ev)
    SmartPointer<Sensor>::operator =(const SmartPointer<Sensor>&) 0x08005703   Thumb Code    34  json.o(t._ZN12SmartPointerI6SensorEaSERKS1_)
    SmartPointer<Sensor>::operator ->()      0x08005725   Thumb Code     6  json.o(t._ZN12SmartPointerI6SensorEptEv)
    Vector<Irrigation>::ResizeBuffer(unsigned) 0x0800572d   Thumb Code    92  json.o(t._ZN6VectorI10IrrigationE12ResizeBufferEj)
    Vector<ReadingData>::ResizeBuffer(unsigned) 0x08005791   Thumb Code    98  sensor.o(t._ZN6VectorI11ReadingDataE12ResizeBufferEj)
    Vector<ReadingData>::Clear()             0x080057f3   Thumb Code    18  sensor.o(t._ZN6VectorI11ReadingDataE5ClearEv)
    Vector<SmartPointer<Valf>>::ResizeBuffer(unsigned) 0x08005805   Thumb Code    92  json.o(t._ZN6VectorI12SmartPointerI4ValfEE12ResizeBufferEj)
    Vector<SmartPointer<Alarm>>::ResizeBuffer(unsigned) 0x08005869   Thumb Code    92  json.o(t._ZN6VectorI12SmartPointerI5AlarmEE12ResizeBufferEj)
    Vector<SmartPointer<Sensor>>::ResizeBuffer(unsigned) 0x080058cd   Thumb Code    92  json.o(t._ZN6VectorI12SmartPointerI6SensorEE12ResizeBufferEj)
    Vector<SmartPointer<Sensor>>::operator [](unsigned) 0x08005931   Thumb Code    10  json.o(t._ZN6VectorI12SmartPointerI6SensorEEixEj)
    Vector<JSON::jsmntok_t>::ResizeBuffer(unsigned) 0x0800593b   Thumb Code    98  json.o(t._ZN6VectorIN4JSON9jsmntok_tEE12ResizeBufferEj)
    Vector<JSON::jsmntok_t>::Vector()        0x0800599d   Thumb Code    32  json.o(t._ZN6VectorIN4JSON9jsmntok_tEEC1Ev)
    Vector<JSON::jsmntok_t>::Vector__sub_object() 0x0800599d   Thumb Code     0  json.o(t._ZN6VectorIN4JSON9jsmntok_tEEC1Ev)
    Vector<JSON::jsmntok_t>::~Vector()       0x080059bd   Thumb Code    14  json.o(t._ZN6VectorIN4JSON9jsmntok_tEED1Ev)
    Vector<JSON::jsmntok_t>::~Vector__sub_object() 0x080059bd   Thumb Code     0  json.o(t._ZN6VectorIN4JSON9jsmntok_tEED1Ev)
    Vector<JSON::jsmntok_t>::operator [](unsigned) 0x080059cb   Thumb Code    10  json.o(t._ZN6VectorIN4JSON9jsmntok_tEEixEj)
    Vector<IButtonListener*>::ResizeBuffer(unsigned) 0x080059d5   Thumb Code    82  buttonsmanager.o(t._ZN6VectorIP15IButtonListenerE12ResizeBufferEj)
    Vector<IButtonListener*>::~Vector()      0x08005a27   Thumb Code    14  buttonsmanager.o(t._ZN6VectorIP15IButtonListenerED1Ev)
    Vector<IButtonListener*>::~Vector__sub_object() 0x08005a27   Thumb Code     0  buttonsmanager.o(t._ZN6VectorIP15IButtonListenerED1Ev)
    Vector<IButtonListener*>::operator [](unsigned) 0x08005a35   Thumb Code    10  buttonsmanager.o(t._ZN6VectorIP15IButtonListenerEixEj)
    __aeabi_d2f                              0x08005a41   Thumb Code     0  d2f.o(x$fpl$d2f)
    _d2f                                     0x08005a41   Thumb Code    98  d2f.o(x$fpl$d2f)
    __aeabi_dadd                             0x08005aa5   Thumb Code     0  daddsub_clz.o(x$fpl$dadd)
    _dadd                                    0x08005aa5   Thumb Code   332  daddsub_clz.o(x$fpl$dadd)
    __fpl_dcheck_NaN1                        0x08005bf5   Thumb Code    10  dcheck1.o(x$fpl$dcheck1)
    __fpl_dcmp_Inf                           0x08005c05   Thumb Code    24  dcmpi.o(x$fpl$dcmpinf)
    __aeabi_cdcmpeq                          0x08005c1d   Thumb Code     0  deqf.o(x$fpl$deqf)
    _dcmpeq                                  0x08005c1d   Thumb Code   120  deqf.o(x$fpl$deqf)
    __aeabi_i2d                              0x08005c95   Thumb Code     0  dflt_clz.o(x$fpl$dflt)
    _dflt                                    0x08005c95   Thumb Code    46  dflt_clz.o(x$fpl$dflt)
    __aeabi_cdcmple                          0x08005cc5   Thumb Code     0  dleqf.o(x$fpl$dleqf)
    _dcmple                                  0x08005cc5   Thumb Code   120  dleqf.o(x$fpl$dleqf)
    __fpl_dcmple_InfNaN                      0x08005d27   Thumb Code     0  dleqf.o(x$fpl$dleqf)
    __fpl_dnaninf                            0x08005d3d   Thumb Code   156  dnaninf.o(x$fpl$dnaninf)
    __fpl_dretinf                            0x08005dd9   Thumb Code    12  dretinf.o(x$fpl$dretinf)
    __aeabi_cdrcmple                         0x08005de5   Thumb Code     0  drleqf.o(x$fpl$drleqf)
    _drcmple                                 0x08005de5   Thumb Code   108  drleqf.o(x$fpl$drleqf)
    __aeabi_dsub                             0x08005e51   Thumb Code     0  daddsub_clz.o(x$fpl$dsub)
    _dsub                                    0x08005e51   Thumb Code   464  daddsub_clz.o(x$fpl$dsub)
    __fpl_fretinf                            0x08006025   Thumb Code    10  fretinf.o(x$fpl$fretinf)
    _printf_fp_dec                           0x0800602f   Thumb Code     4  printf1.o(x$fpl$printf1)
    __fpl_return_NaN                         0x08006033   Thumb Code   100  retnan.o(x$fpl$retnan)
    __ARM_scalbn                             0x08006097   Thumb Code    92  scalbn.o(x$fpl$scalbn)
    _scanf_real                              0x080060f3   Thumb Code     4  scanf1.o(x$fpl$scanf1)
    _scanf_hex_real                          0x080060f7   Thumb Code     4  scanf2.o(x$fpl$scanf2)
    _scanf_infnan                            0x080060fb   Thumb Code     4  scanf2.o(x$fpl$scanf2)
    __fpl_cmpreturn                          0x080060ff   Thumb Code    48  trapv.o(x$fpl$trapveneer)
    __I$use$fp                               0x0800612e   Number         0  usenofp.o(x$fpl$usenofp)
    vtable for MockSensor                    0x08006208   Data          24  mocksensor.o(.constdata__ZTV10MockSensor)
    vtable for LedsManager                   0x08006220   Data          16  ledsmanager.o(.constdata__ZTV11LedsManager)
    vtable for WaterSensor                   0x08006230   Data          24  watersensor.o(.constdata__ZTV11WaterSensor)
    vtable for BatterySensor                 0x08006248   Data          24  batterysensor.o(.constdata__ZTV13BatterySensor)
    vtable for ITimeListener                 0x08006260   Data          20  main.o(.constdata__ZTV13ITimeListener)
    vtable for IButtonListener               0x08006274   Data          20  main.o(.constdata__ZTV15IButtonListener)
    vtable for LedButtonListener             0x08006288   Data          44  main.o(.constdata__ZTV17LedButtonListener)
    vtable for Sensor                        0x080062b4   Data          24  sensor.o(.constdata__ZTV6Sensor)
    vtable for Sprinkler                     0x080062cc   Data          20  sprinkler.o(.constdata__ZTV9Sprinkler)
    Region$$Table$$Base                      0x080062e0   Number         0  anon$$obj.o(Region$$Table)
    Region$$Table$$Limit                     0x08006300   Number         0  anon$$obj.o(Region$$Table)
    __aeabi_HUGE_VAL                         0x08006300   Data           0  fpconst.o(c$$dinf)
    __aeabi_HUGE_VALL                        0x08006300   Data           0  fpconst.o(c$$dinf)
    __aeabi_INFINITY                         0x08006300   Data           0  fpconst.o(c$$dinf)
    __dInf                                   0x08006300   Data           0  fpconst.o(c$$dinf)
    __huge_val                               0x08006300   Data           0  fpconst.o(c$$dinf)
    __ctype                                  0x08006331   Data           0  lc_ctype_c.o(locale$$data)
    SHT$$INIT_ARRAY$$Base                    0x08006434   Number         0  buttonsmanager.o(.init_array)
    SHT$$INIT_ARRAY$$Limit                   0x0800643c   Number         0  timemanager.o(.init_array)
    SystemCoreClock                          0x20000000   Data           4  system_stm32f10x.o(.data)
    AHBPrescTable                            0x20000004   Data          16  system_stm32f10x.o(.data)
    __stdout                                 0x20000014   Data           4  fputc_redirect.o(.data)
    TimeManager::m_CurrentTime               0x20000018   Data           4  timemanager.o(.data)
    TimeManager::Instance                    0x20000020   Data           4  timemanager.o(.data)
    TimeManager::m_Listeners                 0x20000024   Data           4  timemanager.o(.data)
    ButtonsManager::m_listeners              0x20000028   Data          12  buttonsmanager.o(.bss)
    _random_number_data                      0x20000034   Data         228  rand.o(.bss)
    __libspace_start                         0x20000118   Data          96  libspace.o(.bss)
    __temporary_stack_top$libspace           0x20000178   Data           0  libspace.o(.bss)



==============================================================================

Memory Map of the image

  Image Entry point : 0x080000ed

  Load Region LR_IROM1 (Base: 0x08000000, Size: 0x00006464, Max: 0x00020000, ABSOLUTE)

    Execution Region ER_IROM1 (Base: 0x08000000, Size: 0x0000643c, Max: 0x00020000, ABSOLUTE)

    Base Addr    Size         Type   Attr      Idx    E Section Name        Object

    0x08000000   0x000000ec   Data   RO            3    RESET               startup_stm32f10x_md.o
    0x080000ec   0x00000008   Code   RO         1288  * !!!main             c_w.l(__main.o)
    0x080000f4   0x00000034   Code   RO         1975    !!!scatter          c_w.l(__scatter.o)
    0x08000128   0x0000001a   Code   RO         1977    !!handler_copy      c_w.l(__scatter_copy.o)
    0x08000142   0x00000002   PAD
    0x08000144   0x0000001c   Code   RO         1979    !!handler_zi        c_w.l(__scatter_zi.o)
    0x08000160   0x00000000   Code   RO         1263    .ARM.Collect$$_printf_percent$$00000000  c_w.l(_printf_percent.o)
    0x08000160   0x00000006   Code   RO         1262    .ARM.Collect$$_printf_percent$$00000003  c_w.l(_printf_f.o)
    0x08000166   0x00000006   Code   RO         1261    .ARM.Collect$$_printf_percent$$00000009  c_w.l(_printf_d.o)
    0x0800016c   0x00000006   Code   RO         1260    .ARM.Collect$$_printf_percent$$00000014  c_w.l(_printf_s.o)
    0x08000172   0x00000004   Code   RO         1498    .ARM.Collect$$_printf_percent$$00000017  c_w.l(_printf_percent_end.o)
    0x08000176   0x00000002   Code   RO         1817    .ARM.Collect$$libinit$$00000000  c_w.l(libinit.o)
    0x08000178   0x00000000   Code   RO         1516    .ARM.Collect$$libinit$$00000002  c_w.l(libinit2.o)
    0x08000178   0x00000008   Code   RO         1517    .ARM.Collect$$libinit$$00000003  c_w.l(libinit2.o)
    0x08000180   0x00000000   Code   RO         1519    .ARM.Collect$$libinit$$00000008  c_w.l(libinit2.o)
    0x08000180   0x00000000   Code   RO         1521    .ARM.Collect$$libinit$$0000000A  c_w.l(libinit2.o)
    0x08000180   0x00000004   Code   RO         1522    .ARM.Collect$$libinit$$0000000B  c_w.l(libinit2.o)
    0x08000184   0x00000000   Code   RO         1523    .ARM.Collect$$libinit$$0000000C  c_w.l(libinit2.o)
    0x08000184   0x00000006   Code   RO         1524    .ARM.Collect$$libinit$$0000000D  c_w.l(libinit2.o)
    0x0800018a   0x00000000   Code   RO         1526    .ARM.Collect$$libinit$$0000000F  c_w.l(libinit2.o)
    0x0800018a   0x0000000c   Code   RO         1527    .ARM.Collect$$libinit$$00000010  c_w.l(libinit2.o)
    0x08000196   0x00000000   Code   RO         1528    .ARM.Collect$$libinit$$00000011  c_w.l(libinit2.o)
    0x08000196   0x00000000   Code   RO         1530    .ARM.Collect$$libinit$$00000013  c_w.l(libinit2.o)
    0x08000196   0x0000000a   Code   RO         1531    .ARM.Collect$$libinit$$00000014  c_w.l(libinit2.o)
    0x080001a0   0x00000000   Code   RO         1532    .ARM.Collect$$libinit$$00000015  c_w.l(libinit2.o)
    0x080001a0   0x00000000   Code   RO         1534    .ARM.Collect$$libinit$$00000017  c_w.l(libinit2.o)
    0x080001a0   0x00000000   Code   RO         1536    .ARM.Collect$$libinit$$00000019  c_w.l(libinit2.o)
    0x080001a0   0x00000000   Code   RO         1538    .ARM.Collect$$libinit$$0000001B  c_w.l(libinit2.o)
    0x080001a0   0x00000000   Code   RO         1540    .ARM.Collect$$libinit$$0000001D  c_w.l(libinit2.o)
    0x080001a0   0x00000000   Code   RO         1542    .ARM.Collect$$libinit$$0000001F  c_w.l(libinit2.o)
    0x080001a0   0x00000000   Code   RO         1544    .ARM.Collect$$libinit$$00000021  c_w.l(libinit2.o)
    0x080001a0   0x00000000   Code   RO         1546    .ARM.Collect$$libinit$$00000023  c_w.l(libinit2.o)
    0x080001a0   0x00000000   Code   RO         1550    .ARM.Collect$$libinit$$0000002A  c_w.l(libinit2.o)
    0x080001a0   0x00000000   Code   RO         1552    .ARM.Collect$$libinit$$0000002C  c_w.l(libinit2.o)
    0x080001a0   0x00000000   Code   RO         1554    .ARM.Collect$$libinit$$0000002E  c_w.l(libinit2.o)
    0x080001a0   0x00000004   Code   RO         1555    .ARM.Collect$$libinit$$0000002F  c_w.l(libinit2.o)
    0x080001a4   0x00000000   Code   RO         1556    .ARM.Collect$$libinit$$00000030  c_w.l(libinit2.o)
    0x080001a4   0x00000002   Code   RO         1557    .ARM.Collect$$libinit$$00000031  c_w.l(libinit2.o)
    0x080001a6   0x00000002   Code   RO         1965    .ARM.Collect$$libshutdown$$00000000  c_w.l(libshutdown.o)
    0x080001a8   0x00000006   Code   RO         1558    .ARM.Collect$$libshutdown$$00000001  c_w.l(libshutdown2.o)
    0x080001ae   0x00000000   Code   RO         1560    .ARM.Collect$$libshutdown$$00000003  c_w.l(libshutdown2.o)
    0x080001ae   0x00000000   Code   RO         1563    .ARM.Collect$$libshutdown$$00000006  c_w.l(libshutdown2.o)
    0x080001ae   0x00000000   Code   RO         1566    .ARM.Collect$$libshutdown$$00000009  c_w.l(libshutdown2.o)
    0x080001ae   0x00000000   Code   RO         1568    .ARM.Collect$$libshutdown$$0000000B  c_w.l(libshutdown2.o)
    0x080001ae   0x00000000   Code   RO         1571    .ARM.Collect$$libshutdown$$0000000E  c_w.l(libshutdown2.o)
    0x080001ae   0x00000002   Code   RO         1572    .ARM.Collect$$libshutdown$$0000000F  c_w.l(libshutdown2.o)
    0x080001b0   0x00000000   Code   RO         1446    .ARM.Collect$$rtentry$$00000000  c_w.l(rtentry.o)
    0x080001b0   0x00000000   Code   RO         1626    .ARM.Collect$$rtentry$$00000002  c_w.l(rtentry2.o)
    0x080001b0   0x00000006   Code   RO         1638    .ARM.Collect$$rtentry$$00000004  c_w.l(rtentry4.o)
    0x080001b6   0x00000000   Code   RO         1628    .ARM.Collect$$rtentry$$00000009  c_w.l(rtentry2.o)
    0x080001b6   0x00000004   Code   RO         1629    .ARM.Collect$$rtentry$$0000000A  c_w.l(rtentry2.o)
    0x080001ba   0x00000000   Code   RO         1631    .ARM.Collect$$rtentry$$0000000C  c_w.l(rtentry2.o)
    0x080001ba   0x00000008   Code   RO         1632    .ARM.Collect$$rtentry$$0000000D  c_w.l(rtentry2.o)
    0x080001c2   0x00000002   Code   RO         1856    .ARM.Collect$$rtexit$$00000000  c_w.l(rtexit.o)
    0x080001c4   0x00000000   Code   RO         1933    .ARM.Collect$$rtexit$$00000002  c_w.l(rtexit2.o)
    0x080001c4   0x00000004   Code   RO         1934    .ARM.Collect$$rtexit$$00000003  c_w.l(rtexit2.o)
    0x080001c8   0x00000006   Code   RO         1935    .ARM.Collect$$rtexit$$00000004  c_w.l(rtexit2.o)
    0x080001ce   0x00000002   PAD
    0x080001d0   0x00000034   Code   RO         1268    .emb_text           c_w.l(rand.o)
    0x08000204   0x00000000   Code   RO         1656    .emb_text           c_w.l(maybetermalloc1.o)
    0x08000204   0x00000040   Code   RO            4    .text               startup_stm32f10x_md.o
    0x08000244   0x000001c8   Code   RO           12    .text               system_stm32f10x.o
    0x0800040c   0x000000e0   Code   RO           55    .text               ledsmanager.o
    0x080004ec   0x000001b8   Code   RO          117    .text               buttonsmanager.o
    0x080006a4   0x0000005c   Code   RO          190    .text               main.o
    0x08000700   0x00000e44   Code   RO          339    .text               json.o
    0x08001544   0x00000408   Code   RO          639    .text               jsonparser.o
    0x0800194c   0x000004dc   Code   RO          658    .text               sprinkler.o
    0x08001e28   0x0000001c   Code   RO          797    .text               logger.o
    0x08001e44   0x00000038   Code   RO          814    .text               fputc_redirect.o
    0x08001e7c   0x00000024   Code   RO          850    .text               irrigation.o
    0x08001ea0   0x00000090   Code   RO          862    .text               alarm.o
    0x08001f30   0x000002f4   Code   RO          874    .text               sensor.o
    0x08002224   0x00000048   Code   RO          958    .text               sensorfactory.o
    0x0800226c   0x00000070   Code   RO          982    .text               watersensor.o
    0x080022dc   0x00000064   Code   RO          998    .text               mocksensor.o
    0x08002340   0x0000004c   Code   RO         1014    .text               batterysensor.o
    0x0800238c   0x00000178   Code   RO         1030    .text               valf.o
    0x08002504   0x000000e8   Code   RO         1057    .text               stringbuffer.o
    0x080025ec   0x000000f2   Code   RO         1084    .text               timelistenerslist.o
    0x080026de   0x00000002   PAD
    0x080026e0   0x0000012c   Code   RO         1109    .text               timemanager.o
    0x0800280c   0x0000000c   Code   RO         1137    .text               communication.o
    0x08002818   0x0000005e   Code   RO         1160    .text               c_w.l(h1_alloc.o)
    0x08002876   0x0000004e   Code   RO         1162    .text               c_w.l(h1_free.o)
    0x080028c4   0x000000b8   Code   RO         1164    .text               c_w.l(h1_realloc.o)
    0x0800297c   0x00000018   Code   RO         1222    .text               c_w.l(__2printf.o)
    0x08002994   0x0000002c   Code   RO         1224    .text               c_w.l(__2sprintf.o)
    0x080029c0   0x00000038   Code   RO         1226    .text               c_w.l(__2snprintf.o)
    0x080029f8   0x00000052   Code   RO         1236    .text               c_w.l(_printf_str.o)
    0x08002a4a   0x00000002   PAD
    0x08002a4c   0x00000078   Code   RO         1238    .text               c_w.l(_printf_dec.o)
    0x08002ac4   0x00000160   Code   RO         1255    .text               c_w.l(__printf_ss_wp.o)
    0x08002c24   0x0000003c   Code   RO         1264    .text               c_w.l(__0sscanf.o)
    0x08002c60   0x00000150   Code   RO         1266    .text               c_w.l(_scanf_int.o)
    0x08002db0   0x0000003c   Code   RO         1269    .text               c_w.l(rand.o)
    0x08002dec   0x00000032   Code   RO         1276    .text               c_w.l(strncasecmp.o)
    0x08002e1e   0x0000003e   Code   RO         1278    .text               c_w.l(strlen.o)
    0x08002e5c   0x00000096   Code   RO         1280    .text               c_w.l(strncmp.o)
    0x08002ef2   0x0000008a   Code   RO         1282    .text               c_w.l(rt_memcpy_v6.o)
    0x08002f7c   0x00000080   Code   RO         1284    .text               c_w.l(strcmpv7m.o)
    0x08002ffc   0x00000006   Code   RO         1286    .text               c_w.l(heapauxi.o)
    0x08003002   0x00000002   PAD
    0x08003004   0x00000024   Code   RO         1293    .text               c_w.l(init_aeabi.o)
    0x08003028   0x0000000e   Code   RO         1316    .text               cpprt_w.l(aeabi_vec_delete_noexceptions.o)
    0x08003036   0x00000002   PAD
    0x08003038   0x00000008   Code   RO         1450    .text               c_w.l(rt_heap_descriptor_intlibspace.o)
    0x08003040   0x00000008   Code   RO         1455    .text               c_w.l(rt_new_handler_addr_intlibspace.o)
    0x08003048   0x00000008   Code   RO         1460    .text               c_w.l(rt_ddtor_pointer_addr_intlibspace.o)
    0x08003050   0x00000004   Code   RO         1462    .text               c_w.l(hguard.o)
    0x08003054   0x0000008a   Code   RO         1464    .text               c_w.l(init_alloc.o)
    0x080030de   0x0000000e   Code   RO         1468    .text               c_w.l(h1_init.o)
    0x080030ec   0x0000001a   Code   RO         1482    .text               c_w.l(tolower.o)
    0x08003106   0x000000b8   Code   RO         1484    .text               c_w.l(_printf_intcommon.o)
    0x080031be   0x00000420   Code   RO         1486    .text               c_w.l(_printf_fp_dec.o)
    0x080035de   0x00000002   PAD
    0x080035e0   0x00000030   Code   RO         1488    .text               c_w.l(_printf_char_common.o)
    0x08003610   0x0000000a   Code   RO         1490    .text               c_w.l(_sputc.o)
    0x0800361a   0x00000010   Code   RO         1492    .text               c_w.l(_snputc.o)
    0x0800362a   0x0000002c   Code   RO         1494    .text               c_w.l(_printf_char.o)
    0x08003656   0x00000002   PAD
    0x08003658   0x00000024   Code   RO         1496    .text               c_w.l(_printf_char_file.o)
    0x0800367c   0x0000001c   Code   RO         1499    .text               c_w.l(_chval.o)
    0x08003698   0x000004a4   Code   RO         1501    .text               c_w.l(scanf_fp.o)
    0x08003b3c   0x0000002c   Code   RO         1503    .text               c_w.l(scanf_char.o)
    0x08003b68   0x00000040   Code   RO         1505    .text               c_w.l(_sgetc.o)
    0x08003ba8   0x0000000e   Code   RO         1507    .text               c_w.l(defsig_pvfn_outer.o)
    0x08003bb6   0x00000064   Code   RO         1511    .text               c_w.l(rt_memcpy_w.o)
    0x08003c1a   0x00000004   Code   RO         1581    .text               cpprt_w.l(arm_newhandler_noexceptions.o)
    0x08003c1e   0x00000002   PAD
    0x08003c20   0x00000008   Code   RO         1622    .text               c_w.l(libspace.o)
    0x08003c28   0x00000010   Code   RO         1640    .text               c_w.l(rt_ctype_table.o)
    0x08003c38   0x00000008   Code   RO         1647    .text               c_w.l(rt_locale_intlibspace.o)
    0x08003c40   0x00000008   Code   RO         1652    .text               c_w.l(rt_errno_addr_intlibspace.o)
    0x08003c48   0x00000034   Code   RO         1658    .text               c_w.l(h1_extend.o)
    0x08003c7c   0x0000008a   Code   RO         1662    .text               c_w.l(lludiv10.o)
    0x08003d06   0x00000012   Code   RO         1664    .text               c_w.l(isspace.o)
    0x08003d18   0x00000080   Code   RO         1666    .text               c_w.l(_printf_fp_infnan.o)
    0x08003d98   0x00000370   Code   RO         1670    .text               c_w.l(_scanf.o)
    0x08004108   0x000000e4   Code   RO         1672    .text               c_w.l(bigflt0.o)
    0x080041ec   0x00000008   Code   RO         1697    .text               c_w.l(ferror.o)
    0x080041f4   0x0000000a   Code   RO         1707    .text               c_w.l(defsig_exit.o)
    0x080041fe   0x0000000e   Code   RO         1709    .text               c_w.l(defsig_rtmem_outer.o)
    0x0800420c   0x00000030   Code   RO         1713    .text               c_w.l(defsig_pvfn_inner.o)
    0x0800423c   0x00000022   Code   RO         1722    .text               cpprt_w.l(aeabi_vec_dtor_noexceptions.o)
    0x0800425e   0x0000001a   Code   RO         1725    .text               cpprt_w.l(arm_exceptions_terminate.o)
    0x08004278   0x0000000c   Code   RO         1768    .text               c_w.l(sys_exit.o)
    0x08004284   0x00000002   Code   RO         1770    .text               c_w.l(use_no_semi.o)
    0x08004286   0x00000000   Code   RO         1772    .text               c_w.l(indicate_semi.o)
    0x08004286   0x0000004a   Code   RO         1773    .text               c_w.l(sys_stackheap_outer.o)
    0x080042d0   0x00000016   Code   RO         1777    .text               c_w.l(_rserrno.o)
    0x080042e6   0x00000002   PAD
    0x080042e8   0x00000314   Code   RO         1779    .text               c_w.l(scanf_hexfp.o)
    0x080045fc   0x0000013c   Code   RO         1781    .text               c_w.l(scanf_infnan.o)
    0x08004738   0x0000000c   Code   RO         1798    .text               c_w.l(exit.o)
    0x08004744   0x00000010   Code   RO         1800    .text               c_w.l(abort.o)
    0x08004754   0x00000032   Code   RO         1804    .text               c_w.l(defsig_general.o)
    0x08004786   0x00000002   PAD
    0x08004788   0x00000050   Code   RO         1806    .text               c_w.l(defsig_rtmem_inner.o)
    0x080047d8   0x0000001c   Code   RO         1824    .text               cpprt_w.l(ARM_vec_cleanup_noexceptions.o)
    0x080047f4   0x00000050   Code   RO         1839    .text               cpprt_w.l(arm_exceptions_globs.o)
    0x08004844   0x00000002   Code   RO         1842    .text               cpprt_w.l(arm_rethrow_noexceptions.o)
    0x08004846   0x0000000e   Code   RO         1854    .text               c_w.l(sys_wrch.o)
    0x08004854   0x00000008   Code   RO         1861    .text               c_w.l(rt_eh_globals_addr_intlibspace.o)
    0x0800485c   0x00000026   Code   RO         1867    .text               c_w.l(llshl.o)
    0x08004882   0x0000000e   Code   RO         1897    .text               c_w.l(defsig_abrt_outer.o)
    0x08004890   0x0000003c   Code   RO         1909    .text               cpprt_w.l(arm_exceptions_mem.o)
    0x080048cc   0x00000030   Code   RO         1941    .text               c_w.l(defsig_abrt_inner.o)
    0x080048fc   0x0000003e   Code   RO         1675    CL$$btod_d2e        c_w.l(btod.o)
    0x0800493a   0x00000046   Code   RO         1677    CL$$btod_d2e_denorm_low  c_w.l(btod.o)
    0x08004980   0x00000060   Code   RO         1676    CL$$btod_d2e_norm_op1  c_w.l(btod.o)
    0x080049e0   0x00000338   Code   RO         1685    CL$$btod_div_common  c_w.l(btod.o)
    0x08004d18   0x00000054   Code   RO         1683    CL$$btod_e2d        c_w.l(btod.o)
    0x08004d6c   0x000000c6   Code   RO         1682    CL$$btod_e2e        c_w.l(btod.o)
    0x08004e32   0x00000028   Code   RO         1679    CL$$btod_ediv       c_w.l(btod.o)
    0x08004e5a   0x00000028   Code   RO         1681    CL$$btod_edivd      c_w.l(btod.o)
    0x08004e82   0x00000028   Code   RO         1678    CL$$btod_emul       c_w.l(btod.o)
    0x08004eaa   0x00000028   Code   RO         1680    CL$$btod_emuld      c_w.l(btod.o)
    0x08004ed2   0x00000244   Code   RO         1684    CL$$btod_mult_common  c_w.l(btod.o)
    0x08005116   0x00000018   Code   RO           72    i._ZN11LedsManager7GetMaskEj  ledsmanager.o
    0x0800512e   0x0000000a   Code   RO         1093    i._ZN16TimeListenerDataC1EiP13ITimeListener  timelistenerslist.o
    0x08005138   0x0000003e   Code   RO          257    i._ZN17LedButtonListener15OnButtonPressedEj  main.o
    0x08005176   0x00000014   Code   RO          263    i._ZN17LedButtonListener16TimeNotificationEv  main.o
    0x0800518a   0x00000002   PAD
    0x0800518c   0x00000028   Code   RO          206    i._ZN17LedButtonListenerC1EP11LedsManagerj  main.o
    0x080051b4   0x00000006   Code   RO          670    i._ZNK12StringBuffer9GetBufferEv  sprinkler.o
    0x080051ba   0x0000000e   Code   RO          269    i._ZThn4_N17LedButtonListener16TimeNotificationEv  main.o
    0x080051c8   0x00000008   Code   RO         1296    i._ZdaPv            cpprt_w.l(array_del.o)
    0x080051d0   0x00000008   Code   RO         1303    i._ZdlPv            cpprt_w.l(delete.o)
    0x080051d8   0x00000008   Code   RO         1299    i._Znaj             cpprt_w.l(array_new.o)
    0x080051e0   0x00000028   Code   RO         1306    i._Znwj             cpprt_w.l(new.o)
    0x08005208   0x00000092   Code   RO         1728    i.__ARM_array_new_general  cpprt_w.l(array_new_general.o)
    0x0800529a   0x00000028   Code   RO         1760    i.__ARM_fpclassify  m_ws.l(fpclassify.o)
    0x080052c2   0x00000032   Code   RO         1313    i.__aeabi_atexit    cpprt_w.l(aeabi_atexit.o)
    0x080052f4   0x00000010   Code   RO         1575    i.__aeabi_vec_dtor_cookie  cpprt_w.l(aeabi_vec_dtor_cookie.o)
    0x08005304   0x00000016   Code   RO         1319    i.__aeabi_vec_new_cookie_nodtor  cpprt_w.l(aeabi_vec_new_cookie_nodtor.o)
    0x0800531a   0x00000042   Code   RO         1597    i.__cxa_finalize    cpprt_w.l(cxa_finalize.o)
    0x0800535c   0x00000006   Code   RO         1310    i.__cxa_pure_virtual  cpprt_w.l(pure_virt.o)
    0x08005362   0x00000002   PAD
    0x08005364   0x00000018   Code   RO         1600    i.__cxa_vec_new     cpprt_w.l(cxa_vec_new.o)
    0x0800537c   0x00000010   Code   RO         1960    i.__mathlib_dbl_underflow  m_ws.l(dunder.o)
    0x0800538c   0x00000010   Code   RO         1762    i.__mathlib_narrow  m_ws.l(narrow.o)
    0x0800539c   0x00000088   Code   RO         1763    i.__mathlib_tofloat  m_ws.l(narrow.o)
    0x08005424   0x00000016   Code   RO         1921    i.__support_ldexp   m_ws.l(ldexp.o)
    0x0800543a   0x0000000e   Code   RO         1250    i._is_digit         c_w.l(__printf_wp.o)
    0x08005448   0x00000058   Code   RO         1851    i.frexp             m_ws.l(frexp.o)
    0x080054a0   0x0000007e   Code   RO         1922    i.ldexp             m_ws.l(ldexp.o)
    0x0800551e   0x00000002   PAD
    0x08005520   0x0000002c   Code   RO         1702    locale$$code        c_w.l(lc_numeric_c.o)
    0x0800554c   0x0000002c   Code   RO         1793    locale$$code        c_w.l(lc_ctype_c.o)
    0x08005578   0x00000008   Code   RO          457    t._ZN12SmartPointerI4ValfE2RC6AddRefEv  json.o
    0x08005580   0x00000006   Code   RO          469    t._ZN12SmartPointerI4ValfE2RCC1Ev  json.o
    0x08005586   0x00000026   Code   RO          373    t._ZN12SmartPointerI4ValfE7ReleaseEv  json.o
    0x080055ac   0x00000024   Code   RO          517    t._ZN12SmartPointerI4ValfEC1Ev  json.o
    0x080055d0   0x0000000e   Code   RO          463    t._ZN12SmartPointerI4ValfED1Ev  json.o
    0x080055de   0x00000022   Code   RO          379    t._ZN12SmartPointerI4ValfEaSERKS1_  json.o
    0x08005600   0x00000008   Code   RO          397    t._ZN12SmartPointerI5AlarmE2RC6AddRefEv  json.o
    0x08005608   0x00000006   Code   RO          409    t._ZN12SmartPointerI5AlarmE2RCC1Ev  json.o
    0x0800560e   0x00000026   Code   RO          348    t._ZN12SmartPointerI5AlarmE7ReleaseEv  json.o
    0x08005634   0x00000024   Code   RO          511    t._ZN12SmartPointerI5AlarmEC1Ev  json.o
    0x08005658   0x0000000e   Code   RO          403    t._ZN12SmartPointerI5AlarmED1Ev  json.o
    0x08005666   0x00000022   Code   RO          354    t._ZN12SmartPointerI5AlarmEaSERKS1_  json.o
    0x08005688   0x00000008   Code   RO          421    t._ZN12SmartPointerI6SensorE2RC6AddRefEv  json.o
    0x08005690   0x00000006   Code   RO          433    t._ZN12SmartPointerI6SensorE2RCC1Ev  json.o
    0x08005696   0x00000022   Code   RO          360    t._ZN12SmartPointerI6SensorE7ReleaseEv  json.o
    0x080056b8   0x00000018   Code   RO          391    t._ZN12SmartPointerI6SensorEC1ERKS1_  json.o
    0x080056d0   0x00000024   Code   RO          439    t._ZN12SmartPointerI6SensorEC1Ev  json.o
    0x080056f4   0x0000000e   Code   RO          427    t._ZN12SmartPointerI6SensorED1Ev  json.o
    0x08005702   0x00000022   Code   RO          367    t._ZN12SmartPointerI6SensorEaSERKS1_  json.o
    0x08005724   0x00000006   Code   RO          505    t._ZN12SmartPointerI6SensorEptEv  json.o
    0x0800572a   0x00000002   PAD
    0x0800572c   0x00000064   Code   RO          481    t._ZN6VectorI10IrrigationE12ResizeBufferEj  json.o
    0x08005790   0x00000062   Code   RO          886    t._ZN6VectorI11ReadingDataE12ResizeBufferEj  sensor.o
    0x080057f2   0x00000012   Code   RO          892    t._ZN6VectorI11ReadingDataE5ClearEv  sensor.o
    0x08005804   0x00000064   Code   RO          475    t._ZN6VectorI12SmartPointerI4ValfEE12ResizeBufferEj  json.o
    0x08005868   0x00000064   Code   RO          415    t._ZN6VectorI12SmartPointerI5AlarmEE12ResizeBufferEj  json.o
    0x080058cc   0x00000064   Code   RO          445    t._ZN6VectorI12SmartPointerI6SensorEE12ResizeBufferEj  json.o
    0x08005930   0x0000000a   Code   RO          451    t._ZN6VectorI12SmartPointerI6SensorEEixEj  json.o
    0x0800593a   0x00000062   Code   RO          487    t._ZN6VectorIN4JSON9jsmntok_tEE12ResizeBufferEj  json.o
    0x0800599c   0x00000020   Code   RO          385    t._ZN6VectorIN4JSON9jsmntok_tEEC1Ev  json.o
    0x080059bc   0x0000000e   Code   RO          493    t._ZN6VectorIN4JSON9jsmntok_tEED1Ev  json.o
    0x080059ca   0x0000000a   Code   RO          499    t._ZN6VectorIN4JSON9jsmntok_tEEixEj  json.o
    0x080059d4   0x00000052   Code   RO          137    t._ZN6VectorIP15IButtonListenerE12ResizeBufferEj  buttonsmanager.o
    0x08005a26   0x0000000e   Code   RO          149    t._ZN6VectorIP15IButtonListenerED1Ev  buttonsmanager.o
    0x08005a34   0x0000000a   Code   RO          143    t._ZN6VectorIP15IButtonListenerEixEj  buttonsmanager.o
    0x08005a3e   0x00000002   PAD
    0x08005a40   0x00000062   Code   RO         1848    x$fpl$d2f           fz_ws.l(d2f.o)
    0x08005aa2   0x00000002   PAD
    0x08005aa4   0x00000150   Code   RO         1422    x$fpl$dadd          fz_ws.l(daddsub_clz.o)
    0x08005bf4   0x00000010   Code   RO         1958    x$fpl$dcheck1       fz_ws.l(dcheck1.o)
    0x08005c04   0x00000018   Code   RO         1613    x$fpl$dcmpinf       fz_ws.l(dcmpi.o)
    0x08005c1c   0x00000078   Code   RO         1428    x$fpl$deqf          fz_ws.l(deqf.o)
    0x08005c94   0x0000002e   Code   RO         1431    x$fpl$dflt          fz_ws.l(dflt_clz.o)
    0x08005cc2   0x00000002   PAD
    0x08005cc4   0x00000078   Code   RO         1436    x$fpl$dleqf         fz_ws.l(dleqf.o)
    0x08005d3c   0x0000009c   Code   RO         1615    x$fpl$dnaninf       fz_ws.l(dnaninf.o)
    0x08005dd8   0x0000000c   Code   RO         1617    x$fpl$dretinf       fz_ws.l(dretinf.o)
    0x08005de4   0x0000006c   Code   RO         1438    x$fpl$drleqf        fz_ws.l(drleqf.o)
    0x08005e50   0x000001d4   Code   RO         1424    x$fpl$dsub          fz_ws.l(daddsub_clz.o)
    0x08006024   0x0000000a   Code   RO         1916    x$fpl$fretinf       fz_ws.l(fretinf.o)
    0x0800602e   0x00000004   Code   RO         1440    x$fpl$printf1       fz_ws.l(printf1.o)
    0x08006032   0x00000064   Code   RO         1969    x$fpl$retnan        fz_ws.l(retnan.o)
    0x08006096   0x0000005c   Code   RO         1918    x$fpl$scalbn        fz_ws.l(scalbn.o)
    0x080060f2   0x00000004   Code   RO         1442    x$fpl$scanf1        fz_ws.l(scanf1.o)
    0x080060f6   0x00000008   Code   RO         1754    x$fpl$scanf2        fz_ws.l(scanf2.o)
    0x080060fe   0x00000030   Code   RO         1971    x$fpl$trapveneer    fz_ws.l(trapv.o)
    0x0800612e   0x00000000   Code   RO         1619    x$fpl$usenofp       fz_ws.l(usenofp.o)
    0x0800612e   0x00000002   PAD
    0x08006130   0x00000043   Data   RO          660    .constdata          sprinkler.o
    0x08006173   0x00000001   PAD
    0x08006174   0x00000094   Data   RO         1673    .constdata          c_w.l(bigflt0.o)
    0x08006208   0x00000018   Data   RO         1008    .constdata__ZTV10MockSensor  mocksensor.o
    0x08006220   0x00000010   Data   RO           71    .constdata__ZTV11LedsManager  ledsmanager.o
    0x08006230   0x00000018   Data   RO          992    .constdata__ZTV11WaterSensor  watersensor.o
    0x08006248   0x00000018   Data   RO         1024    .constdata__ZTV13BatterySensor  batterysensor.o
    0x08006260   0x00000014   Data   RO          221    .constdata__ZTV13ITimeListener  main.o
    0x08006274   0x00000014   Data   RO          219    .constdata__ZTV15IButtonListener  main.o
    0x08006288   0x0000002c   Data   RO          223    .constdata__ZTV17LedButtonListener  main.o
    0x080062b4   0x00000018   Data   RO          885    .constdata__ZTV6Sensor  sensor.o
    0x080062cc   0x00000014   Data   RO          669    .constdata__ZTV9Sprinkler  sprinkler.o
    0x080062e0   0x00000020   Data   RO         1973    Region$$Table       anon$$obj.o
    0x08006300   0x00000008   Data   RO         1747    c$$dinf             fz_ws.l(fpconst.o)
    0x08006308   0x0000001c   Data   RO         1701    locale$$data        c_w.l(lc_numeric_c.o)
    0x08006324   0x00000110   Data   RO         1792    locale$$data        c_w.l(lc_ctype_c.o)
    0x08006434   0x00000004   Data   RO          120    .init_array         buttonsmanager.o
    0x08006438   0x00000004   Data   RO         1112    .init_array         timemanager.o


    Execution Region RW_IRAM1 (Base: 0x20000000, Size: 0x00002978, Max: 0x00008000, ABSOLUTE)

    Base Addr    Size         Type   Attr      Idx    E Section Name        Object

    0x20000000   0x00000014   Data   RW           13    .data               system_stm32f10x.o
    0x20000014   0x00000004   Data   RW          815    .data               fputc_redirect.o
    0x20000018   0x00000010   Data   RW         1111    .data               timemanager.o
    0x20000028   0x0000000c   Zero   RW          119    .bss                buttonsmanager.o
    0x20000034   0x000000e4   Zero   RW         1270    .bss                c_w.l(rand.o)
    0x20000118   0x00000060   Zero   RW         1623    .bss                c_w.l(libspace.o)
    0x20000178   0x00002000   Zero   RW            2    HEAP                startup_stm32f10x_md.o
    0x20002178   0x00000800   Zero   RW            1    STACK               startup_stm32f10x_md.o


==============================================================================

Image component sizes


      Code (inc. data)   RO Data    RW Data    ZI Data      Debug   Object Name

       144          0          0          0          0        880   alarm.o
        76          4         24          0          0        952   batterysensor.o
       546         30          4          0         12      29467   buttonsmanager.o
        12          0          0          0          0        972   communication.o
        56          6          0          4          0     225729   fputc_redirect.o
        36          0          0          0          0        768   irrigation.o
      4650        580          0          0          0      38376   json.o
      1032          6          0          0          0       3760   jsonparser.o
       248         12         16          0          0     208640   ledsmanager.o
        28         12          0          0          0        412   logger.o
       228         30         84          0          0      12675   main.o
       100          4         24          0          0        972   mocksensor.o
       872        154         24          0          0      10808   sensor.o
        72          0          0          0          0       1668   sensorfactory.o
      1250        312         87          0          0      11480   sprinkler.o
        64         26        236          0      10240        752   startup_stm32f10x_md.o
       232         46          0          0          0       2352   stringbuffer.o
       456         36          0         20          0       5811   system_stm32f10x.o
       252          0          0          0          0       3120   timelistenerslist.o
       300         38          4         16          0      23853   timemanager.o
       376        106          0          0          0       5728   valf.o
       112          8         24          0          0       1012   watersensor.o

    ----------------------------------------------------------------------
     11150       1410        560         40      10252     590187   Object Totals
         0          0         32          0          0          0   (incl. Generated)
         8          0          1          0          0          0   (incl. Padding)

    ----------------------------------------------------------------------

      Code (inc. data)   RO Data    RW Data    ZI Data      Debug   Library Member Name

        60          8          0          0          0         84   __0sscanf.o
        24          4          0          0          0         84   __2printf.o
        56          6          0          0          0         88   __2snprintf.o
        44          6          0          0          0         84   __2sprintf.o
         8          0          0          0          0         68   __main.o
       352          0          0          0          0         88   __printf_ss_wp.o
        14          0          0          0          0         68   __printf_wp.o
        52          8          0          0          0          0   __scatter.o
        26          0          0          0          0          0   __scatter_copy.o
        28          0          0          0          0          0   __scatter_zi.o
        28          0          0          0          0         68   _chval.o
        44          0          0          0          0        108   _printf_char.o
        48          6          0          0          0         96   _printf_char_common.o
        36          4          0          0          0         80   _printf_char_file.o
         6          0          0          0          0          0   _printf_d.o
       120         18          0          0          0         92   _printf_dec.o
         6          0          0          0          0          0   _printf_f.o
      1056          0          0          0          0        212   _printf_fp_dec.o
       128         16          0          0          0         84   _printf_fp_infnan.o
       184          0          0          0          0         88   _printf_intcommon.o
         0          0          0          0          0          0   _printf_percent.o
         4          0          0          0          0          0   _printf_percent_end.o
         6          0          0          0          0          0   _printf_s.o
        82          0          0          0          0         80   _printf_str.o
        22          0          0          0          0        100   _rserrno.o
       880          4          0          0          0        100   _scanf.o
       336          0          0          0          0         92   _scanf_int.o
        64          0          0          0          0         84   _sgetc.o
        16          0          0          0          0         68   _snputc.o
        10          0          0          0          0         68   _sputc.o
        16          0          0          0          0         72   abort.o
       228          6        148          0          0         96   bigflt0.o
      2074        132          0          0          0        940   btod.o
        48         34          0          0          0         76   defsig_abrt_inner.o
        14          0          0          0          0         80   defsig_abrt_outer.o
        10          0          0          0          0         68   defsig_exit.o
        50          0          0          0          0         88   defsig_general.o
        48         34          0          0          0         76   defsig_pvfn_inner.o
        14          0          0          0          0         80   defsig_pvfn_outer.o
        80         58          0          0          0         76   defsig_rtmem_inner.o
        14          0          0          0          0         80   defsig_rtmem_outer.o
        12          0          0          0          0         72   exit.o
         8          0          0          0          0         68   ferror.o
        94          0          0          0          0         80   h1_alloc.o
        52          0          0          0          0         68   h1_extend.o
        78          0          0          0          0         80   h1_free.o
        14          0          0          0          0         84   h1_init.o
       184          0          0          0          0         92   h1_realloc.o
         6          0          0          0          0        152   heapauxi.o
         4          0          0          0          0        136   hguard.o
         0          0          0          0          0          0   indicate_semi.o
        36         10          0          0          0         80   init_aeabi.o
       138          0          0          0          0        168   init_alloc.o
        18          0          0          0          0         76   isspace.o
        44         10        272          0          0         76   lc_ctype_c.o
        44         10         28          0          0         76   lc_numeric_c.o
         2          0          0          0          0          0   libinit.o
        46          0          0          0          0          0   libinit2.o
         2          0          0          0          0          0   libshutdown.o
         8          0          0          0          0          0   libshutdown2.o
         8          4          0          0         96         68   libspace.o
        38          0          0          0          0         68   llshl.o
       138          0          0          0          0         80   lludiv10.o
         0          0          0          0          0          0   maybetermalloc1.o
       112         18          0          0        228        160   rand.o
        16          4          0          0          0         76   rt_ctype_table.o
         8          4          0          0          0         68   rt_ddtor_pointer_addr_intlibspace.o
         8          4          0          0          0         68   rt_eh_globals_addr_intlibspace.o
         8          4          0          0          0         68   rt_errno_addr_intlibspace.o
         8          4          0          0          0         68   rt_heap_descriptor_intlibspace.o
         8          4          0          0          0         68   rt_locale_intlibspace.o
       138          0          0          0          0         68   rt_memcpy_v6.o
       100          0          0          0          0         80   rt_memcpy_w.o
         8          4          0          0          0         68   rt_new_handler_addr_intlibspace.o
         0          0          0          0          0          0   rtentry.o
        12          0          0          0          0          0   rtentry2.o
         6          0          0          0          0          0   rtentry4.o
         2          0          0          0          0          0   rtexit.o
        10          0          0          0          0          0   rtexit2.o
        44          8          0          0          0         84   scanf_char.o
      1188         12          0          0          0        144   scanf_fp.o
       788         12          0          0          0         96   scanf_hexfp.o
       316         18          0          0          0         96   scanf_infnan.o
       128          0          0          0          0         68   strcmpv7m.o
        62          0          0          0          0         76   strlen.o
        50          0          0          0          0         84   strncasecmp.o
       150          0          0          0          0         80   strncmp.o
        12          4          0          0          0         68   sys_exit.o
        74          0          0          0          0         80   sys_stackheap_outer.o
        14          0          0          0          0         76   sys_wrch.o
        26          0          0          0          0         76   tolower.o
         2          0          0          0          0         68   use_no_semi.o
        28          0          0          0          0         84   ARM_vec_cleanup_noexceptions.o
        50          0          0          0          0         84   aeabi_atexit.o
        14          0          0          0          0         80   aeabi_vec_delete_noexceptions.o
        16          0          0          0          0         68   aeabi_vec_dtor_cookie.o
        34          0          0          0          0         84   aeabi_vec_dtor_noexceptions.o
        22          0          0          0          0         80   aeabi_vec_new_cookie_nodtor.o
        80         14          0          0          0        100   arm_exceptions_globs.o
        60          0          0          0          0        108   arm_exceptions_mem.o
        26          0          0          0          0         76   arm_exceptions_terminate.o
         4          0          0          0          0         68   arm_newhandler_noexceptions.o
         2          0          0          0          0         68   arm_rethrow_noexceptions.o
         8          0          0          0          0         76   array_del.o
         8          0          0          0          0         76   array_new.o
       146          0          0          0          0         96   array_new_general.o
        66          0          0          0          0         84   cxa_finalize.o
        24          6          0          0          0         84   cxa_vec_new.o
         8          0          0          0          0         76   delete.o
        40          6          0          0          0         76   new.o
         6          0          0          0          0         68   pure_virt.o
        98          4          0          0          0         92   d2f.o
       804         16          0          0          0        280   daddsub_clz.o
        16          4          0          0          0         68   dcheck1.o
        24          0          0          0          0         68   dcmpi.o
       120          4          0          0          0         92   deqf.o
        46          0          0          0          0         68   dflt_clz.o
       120          4          0          0          0         92   dleqf.o
       156          4          0          0          0         92   dnaninf.o
        12          0          0          0          0         68   dretinf.o
       108          0          0          0          0         80   drleqf.o
         0          0          8          0          0          0   fpconst.o
        10          0          0          0          0         68   fretinf.o
         4          0          0          0          0         68   printf1.o
       100          0          0          0          0         68   retnan.o
        92          0          0          0          0         68   scalbn.o
         4          0          0          0          0         68   scanf1.o
         8          0          0          0          0         84   scanf2.o
        48          0          0          0          0         68   trapv.o
         0          0          0          0          0          0   usenofp.o
        16          6          0          0          0         68   dunder.o
        40          0          0          0          0         68   fpclassify.o
        88          8          0          0          0         76   frexp.o
       148          0          0          0          0        160   ldexp.o
       152          4          0          0          0        160   narrow.o

    ----------------------------------------------------------------------
     13494        558        456          0        324      10688   Library Totals
        30          0          0          0          0          0   (incl. Padding)

    ----------------------------------------------------------------------

      Code (inc. data)   RO Data    RW Data    ZI Data      Debug   Library Name

     10608        478        448          0        324       7128   c_w.l
       642         26          0          0          0       1536   cpprt_w.l
      1770         36          8          0          0       1492   fz_ws.l
       444         18          0          0          0        532   m_ws.l

    ----------------------------------------------------------------------
     13494        558        456          0        324      10688   Library Totals

    ----------------------------------------------------------------------

==============================================================================


      Code (inc. data)   RO Data    RW Data    ZI Data      Debug   

     24644       1968       1016         40      10576     590215   Grand Totals
     24644       1968       1016         40      10576     590215   ELF Image Totals
     24644       1968       1016         40          0          0   ROM Totals

==============================================================================

    Total RO  Size (Code + RO Data)                25660 (  25.06kB)
    Total RW  Size (RW Data + ZI Data)             10616 (  10.37kB)
    Total ROM Size (Code + RO Data + RW Data)      25700 (  25.10kB)

==============================================================================

