<html>
<body>
<pre>
<h1>µVision Build Log</h1>
<h2>Project:</h2>
C:\Users\Porat\Documents\Arm\Keil\TestPP\TestPP.uvproj
Project File Date:  01/05/2013

<h2>Output:</h2>
Build target 'Device'
linking...
Program Size: Code=26608 RO-data=1028 RW-data=48 ZI-data=10832  
".\build\TestPP.axf" - 0 Error(s), 0 Warning(s).
Load "C:\\Users\\Porat\\Documents\\Arm\\Keil\\TestPP\\build\\TestPP.AXF" 
Internal DLL Error
Build target 'Simulator'
compiling fputc_redirect.c...
linking...
Program Size: Code=24644 RO-data=1016 RW-data=40 ZI-data=10576  
".\build\TestPP.axf" - 0 Error(s), 0 Warning(s).
