<!doctype html public "-//w3c//dtd html 4.0 transitional//en">
<html><head>
<title>Static Call Graph - [.\build\TestPP.axf]</title></head>
<body><HR>
<H1>Static Call Graph for image .\build\TestPP.axf</H1><HR>
<BR><P>#&#060CALLGRAPH&#062# ARM Linker, 5.02 [Build 28]: Last Updated: Sat Jan 05 21:05:04 2013
<BR><P>
<H3>Maximum Stack Usage =        856 bytes + Unknown(Functions without stacksize, Cycles, Untraceable Function Pointers)</H3><H3>
Call chain for Maximum Stack Depth:</H3>
__rt_entry_main &rArr; main &rArr; Sprinkler::Sprinkler() &rArr; Sprinkler::load_config() &rArr; Sprinkler::load_sensors_config() &rArr; JSON::parse_sensors(const char*, Vector&lang;SmartPointer&lang;Sensor&rang;&rang;&) &rArr; JSON::parse_alarms_internal(Vector&lang;JSON::jsmntok_t&rang;&, const char*, Vector&lang;SmartPointer&lang;Sensor&rang;&rang;&) &rArr; JSON::token_to_double(const char*, JSON::jsmntok_t*, double&) &rArr; __0sscanf &rArr; __vfscanf_char &rArr; __vfscanf &rArr; _scanf_real &rArr; _scanf_really_real &rArr; _fp_value &rArr; _btod_etento &rArr; _btod_emul &rArr; _e2e
<P>
<H3>
Functions with no stack information
</H3><UL>
 <LI><a href="#[14b]">__user_initial_stackheap</a>
</UL>
</UL>
<P>
<H3>
Mutually Recursive functions
</H3> <LI><a href="#[11]">NMI_Handler</a>&nbsp;&nbsp;&nbsp;&rArr;&nbsp;&nbsp;&nbsp;<a href="#[11]">NMI_Handler</a><BR>
 <LI><a href="#[12]">HardFault_Handler</a>&nbsp;&nbsp;&nbsp;&rArr;&nbsp;&nbsp;&nbsp;<a href="#[12]">HardFault_Handler</a><BR>
 <LI><a href="#[13]">MemManage_Handler</a>&nbsp;&nbsp;&nbsp;&rArr;&nbsp;&nbsp;&nbsp;<a href="#[13]">MemManage_Handler</a><BR>
 <LI><a href="#[14]">BusFault_Handler</a>&nbsp;&nbsp;&nbsp;&rArr;&nbsp;&nbsp;&nbsp;<a href="#[14]">BusFault_Handler</a><BR>
 <LI><a href="#[15]">UsageFault_Handler</a>&nbsp;&nbsp;&nbsp;&rArr;&nbsp;&nbsp;&nbsp;<a href="#[15]">UsageFault_Handler</a><BR>
 <LI><a href="#[16]">SVC_Handler</a>&nbsp;&nbsp;&nbsp;&rArr;&nbsp;&nbsp;&nbsp;<a href="#[16]">SVC_Handler</a><BR>
 <LI><a href="#[17]">DebugMon_Handler</a>&nbsp;&nbsp;&nbsp;&rArr;&nbsp;&nbsp;&nbsp;<a href="#[17]">DebugMon_Handler</a><BR>
 <LI><a href="#[18]">PendSV_Handler</a>&nbsp;&nbsp;&nbsp;&rArr;&nbsp;&nbsp;&nbsp;<a href="#[18]">PendSV_Handler</a><BR>
 <LI><a href="#[2c]">ADC1_2_IRQHandler</a>&nbsp;&nbsp;&nbsp;&rArr;&nbsp;&nbsp;&nbsp;<a href="#[2c]">ADC1_2_IRQHandler</a><BR>
</UL>
<P>
<H3>
Function Pointers
</H3><UL>
 <LI><a href="#[2c]">ADC1_2_IRQHandler</a> from startup_stm32f10x_md.o(.text) referenced from startup_stm32f10x_md.o(RESET)
 <LI><a href="#[14]">BusFault_Handler</a> from startup_stm32f10x_md.o(.text) referenced from startup_stm32f10x_md.o(RESET)
 <LI><a href="#[2f]">CAN1_RX1_IRQHandler</a> from startup_stm32f10x_md.o(.text) referenced from startup_stm32f10x_md.o(RESET)
 <LI><a href="#[30]">CAN1_SCE_IRQHandler</a> from startup_stm32f10x_md.o(.text) referenced from startup_stm32f10x_md.o(RESET)
 <LI><a href="#[25]">DMA1_Channel1_IRQHandler</a> from startup_stm32f10x_md.o(.text) referenced from startup_stm32f10x_md.o(RESET)
 <LI><a href="#[26]">DMA1_Channel2_IRQHandler</a> from startup_stm32f10x_md.o(.text) referenced from startup_stm32f10x_md.o(RESET)
 <LI><a href="#[27]">DMA1_Channel3_IRQHandler</a> from startup_stm32f10x_md.o(.text) referenced from startup_stm32f10x_md.o(RESET)
 <LI><a href="#[28]">DMA1_Channel4_IRQHandler</a> from startup_stm32f10x_md.o(.text) referenced from startup_stm32f10x_md.o(RESET)
 <LI><a href="#[29]">DMA1_Channel5_IRQHandler</a> from startup_stm32f10x_md.o(.text) referenced from startup_stm32f10x_md.o(RESET)
 <LI><a href="#[2a]">DMA1_Channel6_IRQHandler</a> from startup_stm32f10x_md.o(.text) referenced from startup_stm32f10x_md.o(RESET)
 <LI><a href="#[2b]">DMA1_Channel7_IRQHandler</a> from startup_stm32f10x_md.o(.text) referenced from startup_stm32f10x_md.o(RESET)
 <LI><a href="#[17]">DebugMon_Handler</a> from startup_stm32f10x_md.o(.text) referenced from startup_stm32f10x_md.o(RESET)
 <LI><a href="#[20]">EXTI0_IRQHandler</a> from buttonsmanager.o(.text) referenced from startup_stm32f10x_md.o(RESET)
 <LI><a href="#[42]">EXTI15_10_IRQHandler</a> from startup_stm32f10x_md.o(.text) referenced from startup_stm32f10x_md.o(RESET)
 <LI><a href="#[21]">EXTI1_IRQHandler</a> from buttonsmanager.o(.text) referenced from startup_stm32f10x_md.o(RESET)
 <LI><a href="#[22]">EXTI2_IRQHandler</a> from startup_stm32f10x_md.o(.text) referenced from startup_stm32f10x_md.o(RESET)
 <LI><a href="#[23]">EXTI3_IRQHandler</a> from startup_stm32f10x_md.o(.text) referenced from startup_stm32f10x_md.o(RESET)
 <LI><a href="#[24]">EXTI4_IRQHandler</a> from startup_stm32f10x_md.o(.text) referenced from startup_stm32f10x_md.o(RESET)
 <LI><a href="#[31]">EXTI9_5_IRQHandler</a> from startup_stm32f10x_md.o(.text) referenced from startup_stm32f10x_md.o(RESET)
 <LI><a href="#[1e]">FLASH_IRQHandler</a> from startup_stm32f10x_md.o(.text) referenced from startup_stm32f10x_md.o(RESET)
 <LI><a href="#[12]">HardFault_Handler</a> from startup_stm32f10x_md.o(.text) referenced from startup_stm32f10x_md.o(RESET)
 <LI><a href="#[3a]">I2C1_ER_IRQHandler</a> from startup_stm32f10x_md.o(.text) referenced from startup_stm32f10x_md.o(RESET)
 <LI><a href="#[39]">I2C1_EV_IRQHandler</a> from startup_stm32f10x_md.o(.text) referenced from startup_stm32f10x_md.o(RESET)
 <LI><a href="#[3c]">I2C2_ER_IRQHandler</a> from startup_stm32f10x_md.o(.text) referenced from startup_stm32f10x_md.o(RESET)
 <LI><a href="#[3b]">I2C2_EV_IRQHandler</a> from startup_stm32f10x_md.o(.text) referenced from startup_stm32f10x_md.o(RESET)
 <LI><a href="#[13]">MemManage_Handler</a> from startup_stm32f10x_md.o(.text) referenced from startup_stm32f10x_md.o(RESET)
 <LI><a href="#[11]">NMI_Handler</a> from startup_stm32f10x_md.o(.text) referenced from startup_stm32f10x_md.o(RESET)
 <LI><a href="#[1b]">PVD_IRQHandler</a> from startup_stm32f10x_md.o(.text) referenced from startup_stm32f10x_md.o(RESET)
 <LI><a href="#[18]">PendSV_Handler</a> from startup_stm32f10x_md.o(.text) referenced from startup_stm32f10x_md.o(RESET)
 <LI><a href="#[1f]">RCC_IRQHandler</a> from startup_stm32f10x_md.o(.text) referenced from startup_stm32f10x_md.o(RESET)
 <LI><a href="#[43]">RTCAlarm_IRQHandler</a> from startup_stm32f10x_md.o(.text) referenced from startup_stm32f10x_md.o(RESET)
 <LI><a href="#[1d]">RTC_IRQHandler</a> from startup_stm32f10x_md.o(.text) referenced from startup_stm32f10x_md.o(RESET)
 <LI><a href="#[10]">Reset_Handler</a> from startup_stm32f10x_md.o(.text) referenced from startup_stm32f10x_md.o(RESET)
 <LI><a href="#[3d]">SPI1_IRQHandler</a> from startup_stm32f10x_md.o(.text) referenced from startup_stm32f10x_md.o(RESET)
 <LI><a href="#[3e]">SPI2_IRQHandler</a> from startup_stm32f10x_md.o(.text) referenced from startup_stm32f10x_md.o(RESET)
 <LI><a href="#[16]">SVC_Handler</a> from startup_stm32f10x_md.o(.text) referenced from startup_stm32f10x_md.o(RESET)
 <LI><a href="#[19]">SysTick_Handler</a> from timemanager.o(.text) referenced from startup_stm32f10x_md.o(RESET)
 <LI><a href="#[45]">SystemInit</a> from system_stm32f10x.o(.text) referenced from startup_stm32f10x_md.o(.text)
 <LI><a href="#[1c]">TAMPER_IRQHandler</a> from startup_stm32f10x_md.o(.text) referenced from startup_stm32f10x_md.o(RESET)
 <LI><a href="#[32]">TIM1_BRK_IRQHandler</a> from startup_stm32f10x_md.o(.text) referenced from startup_stm32f10x_md.o(RESET)
 <LI><a href="#[35]">TIM1_CC_IRQHandler</a> from startup_stm32f10x_md.o(.text) referenced from startup_stm32f10x_md.o(RESET)
 <LI><a href="#[34]">TIM1_TRG_COM_IRQHandler</a> from startup_stm32f10x_md.o(.text) referenced from startup_stm32f10x_md.o(RESET)
 <LI><a href="#[33]">TIM1_UP_IRQHandler</a> from startup_stm32f10x_md.o(.text) referenced from startup_stm32f10x_md.o(RESET)
 <LI><a href="#[36]">TIM2_IRQHandler</a> from startup_stm32f10x_md.o(.text) referenced from startup_stm32f10x_md.o(RESET)
 <LI><a href="#[37]">TIM3_IRQHandler</a> from startup_stm32f10x_md.o(.text) referenced from startup_stm32f10x_md.o(RESET)
 <LI><a href="#[38]">TIM4_IRQHandler</a> from startup_stm32f10x_md.o(.text) referenced from startup_stm32f10x_md.o(RESET)
 <LI><a href="#[3f]">USART1_IRQHandler</a> from startup_stm32f10x_md.o(.text) referenced from startup_stm32f10x_md.o(RESET)
 <LI><a href="#[40]">USART2_IRQHandler</a> from startup_stm32f10x_md.o(.text) referenced from startup_stm32f10x_md.o(RESET)
 <LI><a href="#[41]">USART3_IRQHandler</a> from startup_stm32f10x_md.o(.text) referenced from startup_stm32f10x_md.o(RESET)
 <LI><a href="#[44]">USBWakeUp_IRQHandler</a> from startup_stm32f10x_md.o(.text) referenced from startup_stm32f10x_md.o(RESET)
 <LI><a href="#[2d]">USB_HP_CAN1_TX_IRQHandler</a> from startup_stm32f10x_md.o(.text) referenced from startup_stm32f10x_md.o(RESET)
 <LI><a href="#[2e]">USB_LP_CAN1_RX0_IRQHandler</a> from startup_stm32f10x_md.o(.text) referenced from startup_stm32f10x_md.o(RESET)
 <LI><a href="#[15]">UsageFault_Handler</a> from startup_stm32f10x_md.o(.text) referenced from startup_stm32f10x_md.o(RESET)
 <LI><a href="#[1a]">WWDG_IRQHandler</a> from startup_stm32f10x_md.o(.text) referenced from startup_stm32f10x_md.o(RESET)
 <LI><a href="#[58]">__default_new_handler()</a> from arm_newhandler_noexceptions.o(.text) referenced from new.o(i._Znwj)
 <LI><a href="#[57]">__default_terminate_handler()</a> from arm_exceptions_globs.o(.text) referenced from arm_exceptions_globs.o(.text)
 <LI><a href="#[5a]">Irrigation::Irrigation()</a> from irrigation.o(.text) referenced from json.o(t._ZN6VectorI10IrrigationE12ResizeBufferEj)
 <LI><a href="#[4a]">Irrigation::~Irrigation()</a> from irrigation.o(.text) referenced from sprinkler.o(.text)
 <LI><a href="#[4a]">Irrigation::~Irrigation()</a> from irrigation.o(.text) referenced from json.o(t._ZN6VectorI10IrrigationE12ResizeBufferEj)
 <LI><a href="#[60]">MockSensor::read_sensor(double&)</a> from mocksensor.o(.text) referenced from mocksensor.o(.constdata__ZTV10MockSensor)
 <LI><a href="#[5f]">MockSensor::get_type()</a> from mocksensor.o(.text) referenced from mocksensor.o(.constdata__ZTV10MockSensor)
 <LI><a href="#[5e]">MockSensor::~MockSensor__deallocating()</a> from mocksensor.o(.text) referenced from mocksensor.o(.constdata__ZTV10MockSensor)
 <LI><a href="#[5d]">MockSensor::~MockSensor()</a> from mocksensor.o(.text) referenced from mocksensor.o(.constdata__ZTV10MockSensor)
 <LI><a href="#[62]">LedsManager::~LedsManager__deallocating()</a> from ledsmanager.o(.text) referenced from ledsmanager.o(.constdata__ZTV11LedsManager)
 <LI><a href="#[61]">LedsManager::~LedsManager()</a> from ledsmanager.o(.text) referenced from ledsmanager.o(.constdata__ZTV11LedsManager)
 <LI><a href="#[66]">WaterSensor::read_sensor(double&)</a> from watersensor.o(.text) referenced from watersensor.o(.constdata__ZTV11WaterSensor)
 <LI><a href="#[65]">WaterSensor::get_type()</a> from watersensor.o(.text) referenced from watersensor.o(.constdata__ZTV11WaterSensor)
 <LI><a href="#[64]">WaterSensor::~WaterSensor__deallocating()</a> from watersensor.o(.text) referenced from watersensor.o(.constdata__ZTV11WaterSensor)
 <LI><a href="#[63]">WaterSensor::~WaterSensor()</a> from watersensor.o(.text) referenced from watersensor.o(.constdata__ZTV11WaterSensor)
 <LI><a href="#[5b]">SmartPointer&lang;Valf&rang;::SmartPointer()</a> from json.o(t._ZN12SmartPointerI4ValfEC1Ev) referenced from json.o(t._ZN6VectorI12SmartPointerI4ValfEE12ResizeBufferEj)
 <LI><a href="#[4b]">SmartPointer&lang;Valf&rang;::~SmartPointer()</a> from json.o(t._ZN12SmartPointerI4ValfED1Ev) referenced from sprinkler.o(.text)
 <LI><a href="#[4b]">SmartPointer&lang;Valf&rang;::~SmartPointer()</a> from json.o(t._ZN12SmartPointerI4ValfED1Ev) referenced from json.o(t._ZN6VectorI12SmartPointerI4ValfEE12ResizeBufferEj)
 <LI><a href="#[5c]">SmartPointer&lang;Alarm&rang;::SmartPointer()</a> from json.o(t._ZN12SmartPointerI5AlarmEC1Ev) referenced from json.o(t._ZN6VectorI12SmartPointerI5AlarmEE12ResizeBufferEj)
 <LI><a href="#[4c]">SmartPointer&lang;Alarm&rang;::~SmartPointer()</a> from json.o(t._ZN12SmartPointerI5AlarmED1Ev) referenced from sensor.o(.text)
 <LI><a href="#[4c]">SmartPointer&lang;Alarm&rang;::~SmartPointer()</a> from json.o(t._ZN12SmartPointerI5AlarmED1Ev) referenced from json.o(t._ZN6VectorI12SmartPointerI5AlarmEE12ResizeBufferEj)
 <LI><a href="#[48]">SmartPointer&lang;Sensor&rang;::SmartPointer()</a> from json.o(t._ZN12SmartPointerI6SensorEC1Ev) referenced from json.o(.text)
 <LI><a href="#[48]">SmartPointer&lang;Sensor&rang;::SmartPointer()</a> from json.o(t._ZN12SmartPointerI6SensorEC1Ev) referenced from json.o(t._ZN6VectorI12SmartPointerI6SensorEE12ResizeBufferEj)
 <LI><a href="#[49]">SmartPointer&lang;Sensor&rang;::~SmartPointer()</a> from json.o(t._ZN12SmartPointerI6SensorED1Ev) referenced 2 times from json.o(.text)
 <LI><a href="#[49]">SmartPointer&lang;Sensor&rang;::~SmartPointer()</a> from json.o(t._ZN12SmartPointerI6SensorED1Ev) referenced from json.o(t._ZN6VectorI12SmartPointerI6SensorEE12ResizeBufferEj)
 <LI><a href="#[6a]">BatterySensor::read_sensor(double&)</a> from batterysensor.o(.text) referenced from batterysensor.o(.constdata__ZTV13BatterySensor)
 <LI><a href="#[69]">BatterySensor::get_type()</a> from batterysensor.o(.text) referenced from batterysensor.o(.constdata__ZTV13BatterySensor)
 <LI><a href="#[68]">BatterySensor::~BatterySensor__deallocating()</a> from batterysensor.o(.text) referenced from batterysensor.o(.constdata__ZTV13BatterySensor)
 <LI><a href="#[67]">BatterySensor::~BatterySensor()</a> from batterysensor.o(.text) referenced from batterysensor.o(.constdata__ZTV13BatterySensor)
 <LI><a href="#[6c]">LedButtonListener::OnButtonPressed(unsigned)</a> from main.o(i._ZN17LedButtonListener15OnButtonPressedEj) referenced from main.o(.constdata__ZTV17LedButtonListener)
 <LI><a href="#[6d]">LedButtonListener::TimeNotification()</a> from main.o(i._ZN17LedButtonListener16TimeNotificationEv) referenced from main.o(.constdata__ZTV17LedButtonListener)
 <LI><a href="#[4d]">TimeListenersList::~TimeListenersList()</a> from timelistenerslist.o(.text) referenced from timemanager.o(.text)
 <LI><a href="#[70]">Sensor::~Sensor__deallocating()</a> from sensor.o(.text) referenced from sensor.o(.constdata__ZTV6Sensor)
 <LI><a href="#[6f]">Sensor::~Sensor__sub_object()</a> from sensor.o(.text) referenced from sensor.o(.constdata__ZTV6Sensor)
 <LI><a href="#[47]">Vector&lang;IButtonListener*&rang;::~Vector()</a> from buttonsmanager.o(t._ZN6VectorIP15IButtonListenerED1Ev) referenced from buttonsmanager.o(.text)
 <LI><a href="#[73]">Sprinkler::TimeNotification()</a> from sprinkler.o(.text) referenced from sprinkler.o(.constdata__ZTV9Sprinkler)
 <LI><a href="#[72]">Sprinkler::~Sprinkler__deallocating()</a> from sprinkler.o(.text) referenced from sprinkler.o(.constdata__ZTV9Sprinkler)
 <LI><a href="#[71]">Sprinkler::~Sprinkler()</a> from sprinkler.o(.text) referenced from sprinkler.o(.constdata__ZTV9Sprinkler)
 <LI><a href="#[6e]">thunk{-4} to LedButtonListener::TimeNotification()</a> from main.o(i._ZThn4_N17LedButtonListener16TimeNotificationEv) referenced from main.o(.constdata__ZTV17LedButtonListener)
 <LI><a href="#[59]">operator delete[] (void*)</a> from array_del.o(i._ZdaPv) referenced from cxa_vec_new.o(i.__cxa_vec_new)
 <LI><a href="#[6b]">__cxa_pure_virtual</a> from pure_virt.o(i.__cxa_pure_virtual) referenced from main.o(.constdata__ZTV13ITimeListener)
 <LI><a href="#[6b]">__cxa_pure_virtual</a> from pure_virt.o(i.__cxa_pure_virtual) referenced from main.o(.constdata__ZTV15IButtonListener)
 <LI><a href="#[6b]">__cxa_pure_virtual</a> from pure_virt.o(i.__cxa_pure_virtual) referenced 2 times from sensor.o(.constdata__ZTV6Sensor)
 <LI><a href="#[76]">__main</a> from __main.o(!!!main) referenced from startup_stm32f10x_md.o(.text)
 <LI><a href="#[75]">__sti___15_TimeManager_cpp</a> from timemanager.o(.text) referenced from timemanager.o(.init_array)
 <LI><a href="#[74]">__sti___18_ButtonsManager_cpp</a> from buttonsmanager.o(.text) referenced from buttonsmanager.o(.init_array)
 <LI><a href="#[56]">_get_lc_ctype</a> from lc_ctype_c.o(locale$$code) referenced from rt_ctype_table.o(.text)
 <LI><a href="#[52]">_printf_input_char</a> from _printf_char_common.o(.text) referenced from _printf_char_common.o(.text)
 <LI><a href="#[51]">_sbackspace</a> from _sgetc.o(.text) referenced from __0sscanf.o(.text)
 <LI><a href="#[54]">_scanf_char_input</a> from scanf_char.o(.text) referenced from scanf_char.o(.text)
 <LI><a href="#[50]">_sgetc</a> from _sgetc.o(.text) referenced from __0sscanf.o(.text)
 <LI><a href="#[4f]">_snputc</a> from _snputc.o(.text) referenced from __2snprintf.o(.text)
 <LI><a href="#[4e]">_sputc</a> from _sputc.o(.text) referenced from __2sprintf.o(.text)
 <LI><a href="#[53]">fputc</a> from fputc_redirect.o(.text) referenced from _printf_char_file.o(.text)
 <LI><a href="#[55]">isspace</a> from isspace.o(.text) referenced from scanf_char.o(.text)
</UL>
<P>
<H3>
Global Symbols
</H3>
<P><STRONG><a name="[76]"></a>__main</STRONG> (Thumb, 8 bytes, Stack size 0 bytes, __main.o(!!!main))
<BR><BR>[Calls]<UL><LI><a href="#[79]">&gt;&gt;</a>&nbsp;&nbsp;&nbsp;__rt_entry
<LI><a href="#[78]">&gt;&gt;</a>&nbsp;&nbsp;&nbsp;__scatterload
</UL>

<P><STRONG><a name="[78]"></a>__scatterload</STRONG> (Thumb, 0 bytes, Stack size unknown bytes, __scatter.o(!!!scatter))
<BR><BR>[Called By]<UL><LI><a href="#[76]">&gt;&gt;</a>&nbsp;&nbsp;&nbsp;__main
</UL>

<P><STRONG><a name="[7a]"></a>__scatterload_rt2</STRONG> (Thumb, 44 bytes, Stack size unknown bytes, __scatter.o(!!!scatter), UNUSED)
<BR><BR>[Calls]<UL><LI><a href="#[79]">&gt;&gt;</a>&nbsp;&nbsp;&nbsp;__rt_entry
</UL>

<P><STRONG><a name="[182]"></a>__scatterload_rt2_thumb_only</STRONG> (Thumb, 0 bytes, Stack size unknown bytes, __scatter.o(!!!scatter), UNUSED)

<P><STRONG><a name="[183]"></a>__scatterload_null</STRONG> (Thumb, 0 bytes, Stack size unknown bytes, __scatter.o(!!!scatter), UNUSED)

<P><STRONG><a name="[7b]"></a>__scatterload_copy</STRONG> (Thumb, 26 bytes, Stack size unknown bytes, __scatter_copy.o(!!handler_copy), UNUSED)
<BR><BR>[Calls]<UL><LI><a href="#[7b]">&gt;&gt;</a>&nbsp;&nbsp;&nbsp;__scatterload_copy
</UL>
<BR>[Called By]<UL><LI><a href="#[7b]">&gt;&gt;</a>&nbsp;&nbsp;&nbsp;__scatterload_copy
</UL>

<P><STRONG><a name="[184]"></a>__scatterload_zeroinit</STRONG> (Thumb, 28 bytes, Stack size unknown bytes, __scatter_zi.o(!!handler_zi), UNUSED)

<P><STRONG><a name="[7c]"></a>_printf_f</STRONG> (Thumb, 0 bytes, Stack size unknown bytes, _printf_f.o(.ARM.Collect$$_printf_percent$$00000003))
<BR><BR>[Stack]<UL><LI>Max Depth = 320 + Unknown Stack Size
<LI>Call Chain = _printf_f &rArr; _printf_fp_dec &rArr; _printf_fp_dec_real &rArr; _fp_digits &rArr; _btod_etento &rArr; _btod_emul &rArr; _e2e
</UL>
<BR>[Calls]<UL><LI><a href="#[7d]">&gt;&gt;</a>&nbsp;&nbsp;&nbsp;_printf_fp_dec
</UL>

<P><STRONG><a name="[11e]"></a>_printf_percent</STRONG> (Thumb, 0 bytes, Stack size unknown bytes, _printf_percent.o(.ARM.Collect$$_printf_percent$$00000000))
<BR><BR>[Called By]<UL><LI><a href="#[11c]">&gt;&gt;</a>&nbsp;&nbsp;&nbsp;__printf
</UL>

<P><STRONG><a name="[7e]"></a>_printf_d</STRONG> (Thumb, 0 bytes, Stack size unknown bytes, _printf_d.o(.ARM.Collect$$_printf_percent$$00000009))
<BR><BR>[Stack]<UL><LI>Max Depth = 56 + Unknown Stack Size
<LI>Call Chain = _printf_d &rArr; _printf_int_dec &rArr; _printf_int_common
</UL>
<BR>[Calls]<UL><LI><a href="#[7f]">&gt;&gt;</a>&nbsp;&nbsp;&nbsp;_printf_int_dec
</UL>

<P><STRONG><a name="[80]"></a>_printf_s</STRONG> (Thumb, 0 bytes, Stack size unknown bytes, _printf_s.o(.ARM.Collect$$_printf_percent$$00000014))
<BR><BR>[Stack]<UL><LI>Max Depth = 24 + Unknown Stack Size
<LI>Call Chain = _printf_s &rArr; _printf_string &rArr; _printf_cs_common &rArr; _printf_str
</UL>
<BR>[Calls]<UL><LI><a href="#[81]">&gt;&gt;</a>&nbsp;&nbsp;&nbsp;_printf_string
</UL>

<P><STRONG><a name="[185]"></a>_printf_percent_end</STRONG> (Thumb, 0 bytes, Stack size unknown bytes, _printf_percent_end.o(.ARM.Collect$$_printf_percent$$00000017))

<P><STRONG><a name="[91]"></a>__rt_lib_init</STRONG> (Thumb, 0 bytes, Stack size unknown bytes, libinit.o(.ARM.Collect$$libinit$$00000000))
<BR><BR>[Called By]<UL><LI><a href="#[90]">&gt;&gt;</a>&nbsp;&nbsp;&nbsp;__rt_entry_li
</UL>

<P><STRONG><a name="[186]"></a>__rt_lib_init_fp_1</STRONG> (Thumb, 0 bytes, Stack size unknown bytes, libinit2.o(.ARM.Collect$$libinit$$00000002))

<P><STRONG><a name="[82]"></a>__rt_lib_init_heap_2</STRONG> (Thumb, 0 bytes, Stack size unknown bytes, libinit2.o(.ARM.Collect$$libinit$$00000003))
<BR><BR>[Stack]<UL><LI>Max Depth = 64 + Unknown Stack Size
<LI>Call Chain = __rt_lib_init_heap_2 &rArr; _init_alloc &rArr; __rt_SIGRTMEM &rArr; __rt_SIGRTMEM_inner &rArr; __default_signal_display &rArr; _ttywrch
</UL>
<BR>[Calls]<UL><LI><a href="#[83]">&gt;&gt;</a>&nbsp;&nbsp;&nbsp;_init_alloc
</UL>

<P><STRONG><a name="[187]"></a>__rt_lib_init_heap_1</STRONG> (Thumb, 0 bytes, Stack size unknown bytes, libinit2.o(.ARM.Collect$$libinit$$00000008))

<P><STRONG><a name="[84]"></a>__rt_lib_init_rand_2</STRONG> (Thumb, 0 bytes, Stack size unknown bytes, libinit2.o(.ARM.Collect$$libinit$$0000000B))
<BR><BR>[Stack]<UL><LI>Max Depth = 8 + Unknown Stack Size
<LI>Call Chain = __rt_lib_init_rand_2 &rArr; _rand_init &rArr; srand
</UL>
<BR>[Calls]<UL><LI><a href="#[85]">&gt;&gt;</a>&nbsp;&nbsp;&nbsp;_rand_init
</UL>

<P><STRONG><a name="[188]"></a>__rt_lib_init_user_alloc_1</STRONG> (Thumb, 0 bytes, Stack size unknown bytes, libinit2.o(.ARM.Collect$$libinit$$0000000A))

<P><STRONG><a name="[86]"></a>__rt_lib_init_lc_common</STRONG> (Thumb, 0 bytes, Stack size unknown bytes, libinit2.o(.ARM.Collect$$libinit$$0000000D))
<BR><BR>[Calls]<UL><LI><a href="#[87]">&gt;&gt;</a>&nbsp;&nbsp;&nbsp;__rt_locale
</UL>

<P><STRONG><a name="[189]"></a>__rt_lib_init_rand_1</STRONG> (Thumb, 0 bytes, Stack size unknown bytes, libinit2.o(.ARM.Collect$$libinit$$0000000C))

<P><STRONG><a name="[18a]"></a>__rt_lib_init_lc_collate_1</STRONG> (Thumb, 0 bytes, Stack size unknown bytes, libinit2.o(.ARM.Collect$$libinit$$0000000F))

<P><STRONG><a name="[88]"></a>__rt_lib_init_lc_ctype_2</STRONG> (Thumb, 0 bytes, Stack size unknown bytes, libinit2.o(.ARM.Collect$$libinit$$00000010))
<BR><BR>[Stack]<UL><LI>Max Depth = 8 + Unknown Stack Size
<LI>Call Chain = __rt_lib_init_lc_ctype_2 &rArr; _get_lc_ctype
</UL>
<BR>[Calls]<UL><LI><a href="#[56]">&gt;&gt;</a>&nbsp;&nbsp;&nbsp;_get_lc_ctype
</UL>

<P><STRONG><a name="[18b]"></a>__rt_lib_init_lc_ctype_1</STRONG> (Thumb, 0 bytes, Stack size unknown bytes, libinit2.o(.ARM.Collect$$libinit$$00000011))

<P><STRONG><a name="[18c]"></a>__rt_lib_init_lc_monetary_1</STRONG> (Thumb, 0 bytes, Stack size unknown bytes, libinit2.o(.ARM.Collect$$libinit$$00000013))

<P><STRONG><a name="[89]"></a>__rt_lib_init_lc_numeric_2</STRONG> (Thumb, 0 bytes, Stack size unknown bytes, libinit2.o(.ARM.Collect$$libinit$$00000014))
<BR><BR>[Stack]<UL><LI>Max Depth = 8 + Unknown Stack Size
<LI>Call Chain = __rt_lib_init_lc_numeric_2 &rArr; _get_lc_numeric
</UL>
<BR>[Calls]<UL><LI><a href="#[8a]">&gt;&gt;</a>&nbsp;&nbsp;&nbsp;_get_lc_numeric
</UL>

<P><STRONG><a name="[18d]"></a>__rt_lib_init_alloca_1</STRONG> (Thumb, 0 bytes, Stack size unknown bytes, libinit2.o(.ARM.Collect$$libinit$$0000002C))

<P><STRONG><a name="[18e]"></a>__rt_lib_init_argv_1</STRONG> (Thumb, 0 bytes, Stack size unknown bytes, libinit2.o(.ARM.Collect$$libinit$$0000002A))

<P><STRONG><a name="[18f]"></a>__rt_lib_init_atexit_1</STRONG> (Thumb, 0 bytes, Stack size unknown bytes, libinit2.o(.ARM.Collect$$libinit$$00000019))

<P><STRONG><a name="[190]"></a>__rt_lib_init_clock_1</STRONG> (Thumb, 0 bytes, Stack size unknown bytes, libinit2.o(.ARM.Collect$$libinit$$0000001F))

<P><STRONG><a name="[8b]"></a>__rt_lib_init_cpp_2</STRONG> (Thumb, 0 bytes, Stack size unknown bytes, libinit2.o(.ARM.Collect$$libinit$$0000002F))
<BR><BR>[Stack]<UL><LI>Max Depth = 16 + Unknown Stack Size
<LI>Call Chain = __rt_lib_init_cpp_2 &rArr; __cpp_initialize__aeabi_
</UL>
<BR>[Calls]<UL><LI><a href="#[77]">&gt;&gt;</a>&nbsp;&nbsp;&nbsp;__cpp_initialize__aeabi_
</UL>

<P><STRONG><a name="[191]"></a>__rt_lib_init_exceptions_1</STRONG> (Thumb, 0 bytes, Stack size unknown bytes, libinit2.o(.ARM.Collect$$libinit$$0000002E))

<P><STRONG><a name="[192]"></a>__rt_lib_init_fp_trap_1</STRONG> (Thumb, 0 bytes, Stack size unknown bytes, libinit2.o(.ARM.Collect$$libinit$$0000001D))

<P><STRONG><a name="[193]"></a>__rt_lib_init_getenv_1</STRONG> (Thumb, 0 bytes, Stack size unknown bytes, libinit2.o(.ARM.Collect$$libinit$$00000021))

<P><STRONG><a name="[194]"></a>__rt_lib_init_lc_numeric_1</STRONG> (Thumb, 0 bytes, Stack size unknown bytes, libinit2.o(.ARM.Collect$$libinit$$00000015))

<P><STRONG><a name="[195]"></a>__rt_lib_init_lc_time_1</STRONG> (Thumb, 0 bytes, Stack size unknown bytes, libinit2.o(.ARM.Collect$$libinit$$00000017))

<P><STRONG><a name="[196]"></a>__rt_lib_init_signal_1</STRONG> (Thumb, 0 bytes, Stack size unknown bytes, libinit2.o(.ARM.Collect$$libinit$$0000001B))

<P><STRONG><a name="[197]"></a>__rt_lib_init_stdio_1</STRONG> (Thumb, 0 bytes, Stack size unknown bytes, libinit2.o(.ARM.Collect$$libinit$$00000023))

<P><STRONG><a name="[198]"></a>__rt_lib_init_cpp_1</STRONG> (Thumb, 0 bytes, Stack size unknown bytes, libinit2.o(.ARM.Collect$$libinit$$00000030))

<P><STRONG><a name="[199]"></a>__rt_lib_init_return</STRONG> (Thumb, 0 bytes, Stack size unknown bytes, libinit2.o(.ARM.Collect$$libinit$$00000031))

<P><STRONG><a name="[96]"></a>__rt_lib_shutdown</STRONG> (Thumb, 0 bytes, Stack size unknown bytes, libshutdown.o(.ARM.Collect$$libshutdown$$00000000))
<BR><BR>[Called By]<UL><LI><a href="#[95]">&gt;&gt;</a>&nbsp;&nbsp;&nbsp;__rt_exit_ls
<LI><a href="#[149]">&gt;&gt;</a>&nbsp;&nbsp;&nbsp;abort
</UL>

<P><STRONG><a name="[8c]"></a>__rt_lib_shutdown_cpp_1</STRONG> (Thumb, 0 bytes, Stack size unknown bytes, libshutdown2.o(.ARM.Collect$$libshutdown$$00000001))
<BR><BR>[Stack]<UL><LI>Max Depth = 40 + Unknown Stack Size
<LI>Call Chain = __rt_lib_shutdown_cpp_1 &rArr; __cxa_finalize &rArr; free
</UL>
<BR>[Calls]<UL><LI><a href="#[8d]">&gt;&gt;</a>&nbsp;&nbsp;&nbsp;__cxa_finalize
</UL>

<P><STRONG><a name="[19a]"></a>__rt_lib_shutdown_fp_trap_1</STRONG> (Thumb, 0 bytes, Stack size unknown bytes, libshutdown2.o(.ARM.Collect$$libshutdown$$00000006))

<P><STRONG><a name="[19b]"></a>__rt_lib_shutdown_heap_1</STRONG> (Thumb, 0 bytes, Stack size unknown bytes, libshutdown2.o(.ARM.Collect$$libshutdown$$0000000E))

<P><STRONG><a name="[19c]"></a>__rt_lib_shutdown_return</STRONG> (Thumb, 0 bytes, Stack size unknown bytes, libshutdown2.o(.ARM.Collect$$libshutdown$$0000000F))

<P><STRONG><a name="[19d]"></a>__rt_lib_shutdown_signal_1</STRONG> (Thumb, 0 bytes, Stack size unknown bytes, libshutdown2.o(.ARM.Collect$$libshutdown$$00000009))

<P><STRONG><a name="[19e]"></a>__rt_lib_shutdown_stdio_1</STRONG> (Thumb, 0 bytes, Stack size unknown bytes, libshutdown2.o(.ARM.Collect$$libshutdown$$00000003))

<P><STRONG><a name="[19f]"></a>__rt_lib_shutdown_user_alloc_1</STRONG> (Thumb, 0 bytes, Stack size unknown bytes, libshutdown2.o(.ARM.Collect$$libshutdown$$0000000B))

<P><STRONG><a name="[79]"></a>__rt_entry</STRONG> (Thumb, 0 bytes, Stack size unknown bytes, rtentry.o(.ARM.Collect$$rtentry$$00000000))
<BR><BR>[Called By]<UL><LI><a href="#[76]">&gt;&gt;</a>&nbsp;&nbsp;&nbsp;__main
<LI><a href="#[7a]">&gt;&gt;</a>&nbsp;&nbsp;&nbsp;__scatterload_rt2
</UL>

<P><STRONG><a name="[1a0]"></a>__rt_entry_presh_1</STRONG> (Thumb, 0 bytes, Stack size unknown bytes, rtentry2.o(.ARM.Collect$$rtentry$$00000002))

<P><STRONG><a name="[8e]"></a>__rt_entry_sh</STRONG> (Thumb, 0 bytes, Stack size unknown bytes, rtentry4.o(.ARM.Collect$$rtentry$$00000004))
<BR><BR>[Stack]<UL><LI>Max Depth = 8 + Unknown Stack Size
<LI>Call Chain = __rt_entry_sh &rArr; __user_setup_stackheap
</UL>
<BR>[Calls]<UL><LI><a href="#[8f]">&gt;&gt;</a>&nbsp;&nbsp;&nbsp;__user_setup_stackheap
</UL>

<P><STRONG><a name="[90]"></a>__rt_entry_li</STRONG> (Thumb, 0 bytes, Stack size unknown bytes, rtentry2.o(.ARM.Collect$$rtentry$$0000000A))
<BR><BR>[Calls]<UL><LI><a href="#[91]">&gt;&gt;</a>&nbsp;&nbsp;&nbsp;__rt_lib_init
</UL>

<P><STRONG><a name="[1a1]"></a>__rt_entry_postsh_1</STRONG> (Thumb, 0 bytes, Stack size unknown bytes, rtentry2.o(.ARM.Collect$$rtentry$$00000009))

<P><STRONG><a name="[92]"></a>__rt_entry_main</STRONG> (Thumb, 0 bytes, Stack size unknown bytes, rtentry2.o(.ARM.Collect$$rtentry$$0000000D))
<BR><BR>[Stack]<UL><LI>Max Depth = 856 + Unknown Stack Size
<LI>Call Chain = __rt_entry_main &rArr; main &rArr; Sprinkler::Sprinkler() &rArr; Sprinkler::load_config() &rArr; Sprinkler::load_sensors_config() &rArr; JSON::parse_sensors(const char*, Vector&lang;SmartPointer&lang;Sensor&rang;&rang;&) &rArr; JSON::parse_alarms_internal(Vector&lang;JSON::jsmntok_t&rang;&, const char*, Vector&lang;SmartPointer&lang;Sensor&rang;&rang;&) &rArr; JSON::token_to_double(const char*, JSON::jsmntok_t*, double&) &rArr; __0sscanf &rArr; __vfscanf_char &rArr; __vfscanf &rArr; _scanf_real &rArr; _scanf_really_real &rArr; _fp_value &rArr; _btod_etento &rArr; _btod_emul &rArr; _e2e
</UL>
<BR>[Calls]<UL><LI><a href="#[93]">&gt;&gt;</a>&nbsp;&nbsp;&nbsp;main
<LI><a href="#[94]">&gt;&gt;</a>&nbsp;&nbsp;&nbsp;exit
</UL>

<P><STRONG><a name="[1a2]"></a>__rt_entry_postli_1</STRONG> (Thumb, 0 bytes, Stack size unknown bytes, rtentry2.o(.ARM.Collect$$rtentry$$0000000C))

<P><STRONG><a name="[151]"></a>__rt_exit</STRONG> (Thumb, 0 bytes, Stack size unknown bytes, rtexit.o(.ARM.Collect$$rtexit$$00000000))
<BR><BR>[Called By]<UL><LI><a href="#[94]">&gt;&gt;</a>&nbsp;&nbsp;&nbsp;exit
</UL>

<P><STRONG><a name="[95]"></a>__rt_exit_ls</STRONG> (Thumb, 0 bytes, Stack size unknown bytes, rtexit2.o(.ARM.Collect$$rtexit$$00000003))
<BR><BR>[Calls]<UL><LI><a href="#[96]">&gt;&gt;</a>&nbsp;&nbsp;&nbsp;__rt_lib_shutdown
</UL>

<P><STRONG><a name="[1a3]"></a>__rt_exit_prels_1</STRONG> (Thumb, 0 bytes, Stack size unknown bytes, rtexit2.o(.ARM.Collect$$rtexit$$00000002))

<P><STRONG><a name="[97]"></a>__rt_exit_exit</STRONG> (Thumb, 0 bytes, Stack size unknown bytes, rtexit2.o(.ARM.Collect$$rtexit$$00000004))
<BR><BR>[Calls]<UL><LI><a href="#[98]">&gt;&gt;</a>&nbsp;&nbsp;&nbsp;_sys_exit
</UL>

<P><STRONG><a name="[104]"></a>rand</STRONG> (Thumb, 48 bytes, Stack size 0 bytes, rand.o(.emb_text))
<BR><BR>[Called By]<UL><LI><a href="#[60]">&gt;&gt;</a>&nbsp;&nbsp;&nbsp;MockSensor::read_sensor(double&)
</UL>

<P><STRONG><a name="[10]"></a>Reset_Handler</STRONG> (Thumb, 8 bytes, Stack size 0 bytes, startup_stm32f10x_md.o(.text))
<BR>[Address Reference Count : 1]<UL><LI> startup_stm32f10x_md.o(RESET)
</UL>
<P><STRONG><a name="[1a4]"></a>_maybe_terminate_alloc</STRONG> (Thumb, 0 bytes, Stack size 0 bytes, maybetermalloc1.o(.emb_text), UNUSED)

<P><STRONG><a name="[11]"></a>NMI_Handler</STRONG> (Thumb, 2 bytes, Stack size 0 bytes, startup_stm32f10x_md.o(.text))
<BR><BR>[Calls]<UL><LI><a href="#[11]">&gt;&gt;</a>&nbsp;&nbsp;&nbsp;NMI_Handler
</UL>
<BR>[Called By]<UL><LI><a href="#[11]">&gt;&gt;</a>&nbsp;&nbsp;&nbsp;NMI_Handler
</UL>
<BR>[Address Reference Count : 1]<UL><LI> startup_stm32f10x_md.o(RESET)
</UL>
<P><STRONG><a name="[12]"></a>HardFault_Handler</STRONG> (Thumb, 2 bytes, Stack size 0 bytes, startup_stm32f10x_md.o(.text))
<BR><BR>[Calls]<UL><LI><a href="#[12]">&gt;&gt;</a>&nbsp;&nbsp;&nbsp;HardFault_Handler
</UL>
<BR>[Called By]<UL><LI><a href="#[12]">&gt;&gt;</a>&nbsp;&nbsp;&nbsp;HardFault_Handler
</UL>
<BR>[Address Reference Count : 1]<UL><LI> startup_stm32f10x_md.o(RESET)
</UL>
<P><STRONG><a name="[13]"></a>MemManage_Handler</STRONG> (Thumb, 2 bytes, Stack size 0 bytes, startup_stm32f10x_md.o(.text))
<BR><BR>[Calls]<UL><LI><a href="#[13]">&gt;&gt;</a>&nbsp;&nbsp;&nbsp;MemManage_Handler
</UL>
<BR>[Called By]<UL><LI><a href="#[13]">&gt;&gt;</a>&nbsp;&nbsp;&nbsp;MemManage_Handler
</UL>
<BR>[Address Reference Count : 1]<UL><LI> startup_stm32f10x_md.o(RESET)
</UL>
<P><STRONG><a name="[14]"></a>BusFault_Handler</STRONG> (Thumb, 2 bytes, Stack size 0 bytes, startup_stm32f10x_md.o(.text))
<BR><BR>[Calls]<UL><LI><a href="#[14]">&gt;&gt;</a>&nbsp;&nbsp;&nbsp;BusFault_Handler
</UL>
<BR>[Called By]<UL><LI><a href="#[14]">&gt;&gt;</a>&nbsp;&nbsp;&nbsp;BusFault_Handler
</UL>
<BR>[Address Reference Count : 1]<UL><LI> startup_stm32f10x_md.o(RESET)
</UL>
<P><STRONG><a name="[15]"></a>UsageFault_Handler</STRONG> (Thumb, 2 bytes, Stack size 0 bytes, startup_stm32f10x_md.o(.text))
<BR><BR>[Calls]<UL><LI><a href="#[15]">&gt;&gt;</a>&nbsp;&nbsp;&nbsp;UsageFault_Handler
</UL>
<BR>[Called By]<UL><LI><a href="#[15]">&gt;&gt;</a>&nbsp;&nbsp;&nbsp;UsageFault_Handler
</UL>
<BR>[Address Reference Count : 1]<UL><LI> startup_stm32f10x_md.o(RESET)
</UL>
<P><STRONG><a name="[16]"></a>SVC_Handler</STRONG> (Thumb, 2 bytes, Stack size 0 bytes, startup_stm32f10x_md.o(.text))
<BR><BR>[Calls]<UL><LI><a href="#[16]">&gt;&gt;</a>&nbsp;&nbsp;&nbsp;SVC_Handler
</UL>
<BR>[Called By]<UL><LI><a href="#[16]">&gt;&gt;</a>&nbsp;&nbsp;&nbsp;SVC_Handler
</UL>
<BR>[Address Reference Count : 1]<UL><LI> startup_stm32f10x_md.o(RESET)
</UL>
<P><STRONG><a name="[17]"></a>DebugMon_Handler</STRONG> (Thumb, 2 bytes, Stack size 0 bytes, startup_stm32f10x_md.o(.text))
<BR><BR>[Calls]<UL><LI><a href="#[17]">&gt;&gt;</a>&nbsp;&nbsp;&nbsp;DebugMon_Handler
</UL>
<BR>[Called By]<UL><LI><a href="#[17]">&gt;&gt;</a>&nbsp;&nbsp;&nbsp;DebugMon_Handler
</UL>
<BR>[Address Reference Count : 1]<UL><LI> startup_stm32f10x_md.o(RESET)
</UL>
<P><STRONG><a name="[18]"></a>PendSV_Handler</STRONG> (Thumb, 2 bytes, Stack size 0 bytes, startup_stm32f10x_md.o(.text))
<BR><BR>[Calls]<UL><LI><a href="#[18]">&gt;&gt;</a>&nbsp;&nbsp;&nbsp;PendSV_Handler
</UL>
<BR>[Called By]<UL><LI><a href="#[18]">&gt;&gt;</a>&nbsp;&nbsp;&nbsp;PendSV_Handler
</UL>
<BR>[Address Reference Count : 1]<UL><LI> startup_stm32f10x_md.o(RESET)
</UL>
<P><STRONG><a name="[2c]"></a>ADC1_2_IRQHandler</STRONG> (Thumb, 0 bytes, Stack size 0 bytes, startup_stm32f10x_md.o(.text))
<BR><BR>[Calls]<UL><LI><a href="#[2c]">&gt;&gt;</a>&nbsp;&nbsp;&nbsp;ADC1_2_IRQHandler
</UL>
<BR>[Called By]<UL><LI><a href="#[2c]">&gt;&gt;</a>&nbsp;&nbsp;&nbsp;ADC1_2_IRQHandler
</UL>
<BR>[Address Reference Count : 1]<UL><LI> startup_stm32f10x_md.o(RESET)
</UL>
<P><STRONG><a name="[2f]"></a>CAN1_RX1_IRQHandler</STRONG> (Thumb, 0 bytes, Stack size 0 bytes, startup_stm32f10x_md.o(.text))
<BR>[Address Reference Count : 1]<UL><LI> startup_stm32f10x_md.o(RESET)
</UL>
<P><STRONG><a name="[30]"></a>CAN1_SCE_IRQHandler</STRONG> (Thumb, 0 bytes, Stack size 0 bytes, startup_stm32f10x_md.o(.text))
<BR>[Address Reference Count : 1]<UL><LI> startup_stm32f10x_md.o(RESET)
</UL>
<P><STRONG><a name="[25]"></a>DMA1_Channel1_IRQHandler</STRONG> (Thumb, 0 bytes, Stack size 0 bytes, startup_stm32f10x_md.o(.text))
<BR>[Address Reference Count : 1]<UL><LI> startup_stm32f10x_md.o(RESET)
</UL>
<P><STRONG><a name="[26]"></a>DMA1_Channel2_IRQHandler</STRONG> (Thumb, 0 bytes, Stack size 0 bytes, startup_stm32f10x_md.o(.text))
<BR>[Address Reference Count : 1]<UL><LI> startup_stm32f10x_md.o(RESET)
</UL>
<P><STRONG><a name="[27]"></a>DMA1_Channel3_IRQHandler</STRONG> (Thumb, 0 bytes, Stack size 0 bytes, startup_stm32f10x_md.o(.text))
<BR>[Address Reference Count : 1]<UL><LI> startup_stm32f10x_md.o(RESET)
</UL>
<P><STRONG><a name="[28]"></a>DMA1_Channel4_IRQHandler</STRONG> (Thumb, 0 bytes, Stack size 0 bytes, startup_stm32f10x_md.o(.text))
<BR>[Address Reference Count : 1]<UL><LI> startup_stm32f10x_md.o(RESET)
</UL>
<P><STRONG><a name="[29]"></a>DMA1_Channel5_IRQHandler</STRONG> (Thumb, 0 bytes, Stack size 0 bytes, startup_stm32f10x_md.o(.text))
<BR>[Address Reference Count : 1]<UL><LI> startup_stm32f10x_md.o(RESET)
</UL>
<P><STRONG><a name="[2a]"></a>DMA1_Channel6_IRQHandler</STRONG> (Thumb, 0 bytes, Stack size 0 bytes, startup_stm32f10x_md.o(.text))
<BR>[Address Reference Count : 1]<UL><LI> startup_stm32f10x_md.o(RESET)
</UL>
<P><STRONG><a name="[2b]"></a>DMA1_Channel7_IRQHandler</STRONG> (Thumb, 0 bytes, Stack size 0 bytes, startup_stm32f10x_md.o(.text))
<BR>[Address Reference Count : 1]<UL><LI> startup_stm32f10x_md.o(RESET)
</UL>
<P><STRONG><a name="[42]"></a>EXTI15_10_IRQHandler</STRONG> (Thumb, 0 bytes, Stack size 0 bytes, startup_stm32f10x_md.o(.text))
<BR>[Address Reference Count : 1]<UL><LI> startup_stm32f10x_md.o(RESET)
</UL>
<P><STRONG><a name="[22]"></a>EXTI2_IRQHandler</STRONG> (Thumb, 0 bytes, Stack size 0 bytes, startup_stm32f10x_md.o(.text))
<BR>[Address Reference Count : 1]<UL><LI> startup_stm32f10x_md.o(RESET)
</UL>
<P><STRONG><a name="[23]"></a>EXTI3_IRQHandler</STRONG> (Thumb, 0 bytes, Stack size 0 bytes, startup_stm32f10x_md.o(.text))
<BR>[Address Reference Count : 1]<UL><LI> startup_stm32f10x_md.o(RESET)
</UL>
<P><STRONG><a name="[24]"></a>EXTI4_IRQHandler</STRONG> (Thumb, 0 bytes, Stack size 0 bytes, startup_stm32f10x_md.o(.text))
<BR>[Address Reference Count : 1]<UL><LI> startup_stm32f10x_md.o(RESET)
</UL>
<P><STRONG><a name="[31]"></a>EXTI9_5_IRQHandler</STRONG> (Thumb, 0 bytes, Stack size 0 bytes, startup_stm32f10x_md.o(.text))
<BR>[Address Reference Count : 1]<UL><LI> startup_stm32f10x_md.o(RESET)
</UL>
<P><STRONG><a name="[1e]"></a>FLASH_IRQHandler</STRONG> (Thumb, 0 bytes, Stack size 0 bytes, startup_stm32f10x_md.o(.text))
<BR>[Address Reference Count : 1]<UL><LI> startup_stm32f10x_md.o(RESET)
</UL>
<P><STRONG><a name="[3a]"></a>I2C1_ER_IRQHandler</STRONG> (Thumb, 0 bytes, Stack size 0 bytes, startup_stm32f10x_md.o(.text))
<BR>[Address Reference Count : 1]<UL><LI> startup_stm32f10x_md.o(RESET)
</UL>
<P><STRONG><a name="[39]"></a>I2C1_EV_IRQHandler</STRONG> (Thumb, 0 bytes, Stack size 0 bytes, startup_stm32f10x_md.o(.text))
<BR>[Address Reference Count : 1]<UL><LI> startup_stm32f10x_md.o(RESET)
</UL>
<P><STRONG><a name="[3c]"></a>I2C2_ER_IRQHandler</STRONG> (Thumb, 0 bytes, Stack size 0 bytes, startup_stm32f10x_md.o(.text))
<BR>[Address Reference Count : 1]<UL><LI> startup_stm32f10x_md.o(RESET)
</UL>
<P><STRONG><a name="[3b]"></a>I2C2_EV_IRQHandler</STRONG> (Thumb, 0 bytes, Stack size 0 bytes, startup_stm32f10x_md.o(.text))
<BR>[Address Reference Count : 1]<UL><LI> startup_stm32f10x_md.o(RESET)
</UL>
<P><STRONG><a name="[1b]"></a>PVD_IRQHandler</STRONG> (Thumb, 0 bytes, Stack size 0 bytes, startup_stm32f10x_md.o(.text))
<BR>[Address Reference Count : 1]<UL><LI> startup_stm32f10x_md.o(RESET)
</UL>
<P><STRONG><a name="[1f]"></a>RCC_IRQHandler</STRONG> (Thumb, 0 bytes, Stack size 0 bytes, startup_stm32f10x_md.o(.text))
<BR>[Address Reference Count : 1]<UL><LI> startup_stm32f10x_md.o(RESET)
</UL>
<P><STRONG><a name="[43]"></a>RTCAlarm_IRQHandler</STRONG> (Thumb, 0 bytes, Stack size 0 bytes, startup_stm32f10x_md.o(.text))
<BR>[Address Reference Count : 1]<UL><LI> startup_stm32f10x_md.o(RESET)
</UL>
<P><STRONG><a name="[1d]"></a>RTC_IRQHandler</STRONG> (Thumb, 0 bytes, Stack size 0 bytes, startup_stm32f10x_md.o(.text))
<BR>[Address Reference Count : 1]<UL><LI> startup_stm32f10x_md.o(RESET)
</UL>
<P><STRONG><a name="[3d]"></a>SPI1_IRQHandler</STRONG> (Thumb, 0 bytes, Stack size 0 bytes, startup_stm32f10x_md.o(.text))
<BR>[Address Reference Count : 1]<UL><LI> startup_stm32f10x_md.o(RESET)
</UL>
<P><STRONG><a name="[3e]"></a>SPI2_IRQHandler</STRONG> (Thumb, 0 bytes, Stack size 0 bytes, startup_stm32f10x_md.o(.text))
<BR>[Address Reference Count : 1]<UL><LI> startup_stm32f10x_md.o(RESET)
</UL>
<P><STRONG><a name="[1c]"></a>TAMPER_IRQHandler</STRONG> (Thumb, 0 bytes, Stack size 0 bytes, startup_stm32f10x_md.o(.text))
<BR>[Address Reference Count : 1]<UL><LI> startup_stm32f10x_md.o(RESET)
</UL>
<P><STRONG><a name="[32]"></a>TIM1_BRK_IRQHandler</STRONG> (Thumb, 0 bytes, Stack size 0 bytes, startup_stm32f10x_md.o(.text))
<BR>[Address Reference Count : 1]<UL><LI> startup_stm32f10x_md.o(RESET)
</UL>
<P><STRONG><a name="[35]"></a>TIM1_CC_IRQHandler</STRONG> (Thumb, 0 bytes, Stack size 0 bytes, startup_stm32f10x_md.o(.text))
<BR>[Address Reference Count : 1]<UL><LI> startup_stm32f10x_md.o(RESET)
</UL>
<P><STRONG><a name="[34]"></a>TIM1_TRG_COM_IRQHandler</STRONG> (Thumb, 0 bytes, Stack size 0 bytes, startup_stm32f10x_md.o(.text))
<BR>[Address Reference Count : 1]<UL><LI> startup_stm32f10x_md.o(RESET)
</UL>
<P><STRONG><a name="[33]"></a>TIM1_UP_IRQHandler</STRONG> (Thumb, 0 bytes, Stack size 0 bytes, startup_stm32f10x_md.o(.text))
<BR>[Address Reference Count : 1]<UL><LI> startup_stm32f10x_md.o(RESET)
</UL>
<P><STRONG><a name="[36]"></a>TIM2_IRQHandler</STRONG> (Thumb, 0 bytes, Stack size 0 bytes, startup_stm32f10x_md.o(.text))
<BR>[Address Reference Count : 1]<UL><LI> startup_stm32f10x_md.o(RESET)
</UL>
<P><STRONG><a name="[37]"></a>TIM3_IRQHandler</STRONG> (Thumb, 0 bytes, Stack size 0 bytes, startup_stm32f10x_md.o(.text))
<BR>[Address Reference Count : 1]<UL><LI> startup_stm32f10x_md.o(RESET)
</UL>
<P><STRONG><a name="[38]"></a>TIM4_IRQHandler</STRONG> (Thumb, 0 bytes, Stack size 0 bytes, startup_stm32f10x_md.o(.text))
<BR>[Address Reference Count : 1]<UL><LI> startup_stm32f10x_md.o(RESET)
</UL>
<P><STRONG><a name="[3f]"></a>USART1_IRQHandler</STRONG> (Thumb, 0 bytes, Stack size 0 bytes, startup_stm32f10x_md.o(.text))
<BR>[Address Reference Count : 1]<UL><LI> startup_stm32f10x_md.o(RESET)
</UL>
<P><STRONG><a name="[40]"></a>USART2_IRQHandler</STRONG> (Thumb, 0 bytes, Stack size 0 bytes, startup_stm32f10x_md.o(.text))
<BR>[Address Reference Count : 1]<UL><LI> startup_stm32f10x_md.o(RESET)
</UL>
<P><STRONG><a name="[41]"></a>USART3_IRQHandler</STRONG> (Thumb, 0 bytes, Stack size 0 bytes, startup_stm32f10x_md.o(.text))
<BR>[Address Reference Count : 1]<UL><LI> startup_stm32f10x_md.o(RESET)
</UL>
<P><STRONG><a name="[44]"></a>USBWakeUp_IRQHandler</STRONG> (Thumb, 0 bytes, Stack size 0 bytes, startup_stm32f10x_md.o(.text))
<BR>[Address Reference Count : 1]<UL><LI> startup_stm32f10x_md.o(RESET)
</UL>
<P><STRONG><a name="[2d]"></a>USB_HP_CAN1_TX_IRQHandler</STRONG> (Thumb, 0 bytes, Stack size 0 bytes, startup_stm32f10x_md.o(.text))
<BR>[Address Reference Count : 1]<UL><LI> startup_stm32f10x_md.o(RESET)
</UL>
<P><STRONG><a name="[2e]"></a>USB_LP_CAN1_RX0_IRQHandler</STRONG> (Thumb, 0 bytes, Stack size 0 bytes, startup_stm32f10x_md.o(.text))
<BR>[Address Reference Count : 1]<UL><LI> startup_stm32f10x_md.o(RESET)
</UL>
<P><STRONG><a name="[1a]"></a>WWDG_IRQHandler</STRONG> (Thumb, 0 bytes, Stack size 0 bytes, startup_stm32f10x_md.o(.text))
<BR>[Address Reference Count : 1]<UL><LI> startup_stm32f10x_md.o(RESET)
</UL>
<P><STRONG><a name="[14b]"></a>__user_initial_stackheap</STRONG> (Thumb, 0 bytes, Stack size unknown bytes, startup_stm32f10x_md.o(.text))
<BR><BR>[Called By]<UL><LI><a href="#[8f]">&gt;&gt;</a>&nbsp;&nbsp;&nbsp;__user_setup_stackheap
</UL>

<P><STRONG><a name="[45]"></a>SystemInit</STRONG> (Thumb, 78 bytes, Stack size 8 bytes, system_stm32f10x.o(.text))
<BR><BR>[Stack]<UL><LI>Max Depth = 16<LI>Call Chain = SystemInit &rArr; SetSysClock
</UL>
<BR>[Calls]<UL><LI><a href="#[99]">&gt;&gt;</a>&nbsp;&nbsp;&nbsp;SetSysClock
</UL>
<BR>[Address Reference Count : 1]<UL><LI> startup_stm32f10x_md.o(.text)
</UL>
<P><STRONG><a name="[1a5]"></a>SystemCoreClockUpdate</STRONG> (Thumb, 142 bytes, Stack size 8 bytes, system_stm32f10x.o(.text), UNUSED)

<P><STRONG><a name="[a9]"></a>LedsManager::LedsManager()</STRONG> (Thumb, 44 bytes, Stack size 0 bytes, ledsmanager.o(.text))
<BR><BR>[Called By]<UL><LI><a href="#[93]">&gt;&gt;</a>&nbsp;&nbsp;&nbsp;main
</UL>

<P><STRONG><a name="[1a6]"></a>LedsManager::LedsManager__sub_object()</STRONG> (Thumb, 0 bytes, Stack size 0 bytes, ledsmanager.o(.text), UNUSED)

<P><STRONG><a name="[61]"></a>LedsManager::~LedsManager()</STRONG> (Thumb, 2 bytes, Stack size 0 bytes, ledsmanager.o(.text))
<BR><BR>[Called By]<UL><LI><a href="#[62]">&gt;&gt;</a>&nbsp;&nbsp;&nbsp;LedsManager::~LedsManager__deallocating()
</UL>
<BR>[Address Reference Count : 1]<UL><LI> ledsmanager.o(.constdata__ZTV11LedsManager)
</UL>
<P><STRONG><a name="[1a7]"></a>LedsManager::~LedsManager__sub_object()</STRONG> (Thumb, 0 bytes, Stack size 0 bytes, ledsmanager.o(.text), UNUSED)

<P><STRONG><a name="[62]"></a>LedsManager::~LedsManager__deallocating()</STRONG> (Thumb, 18 bytes, Stack size 16 bytes, ledsmanager.o(.text))
<BR><BR>[Stack]<UL><LI>Max Depth = 40<LI>Call Chain = LedsManager::~LedsManager__deallocating() &rArr; operator delete (void*) &rArr; free
</UL>
<BR>[Calls]<UL><LI><a href="#[61]">&gt;&gt;</a>&nbsp;&nbsp;&nbsp;LedsManager::~LedsManager()
<LI><a href="#[9b]">&gt;&gt;</a>&nbsp;&nbsp;&nbsp;operator delete (void*)
</UL>
<BR>[Address Reference Count : 1]<UL><LI> ledsmanager.o(.constdata__ZTV11LedsManager)
</UL>
<P><STRONG><a name="[9c]"></a>LedsManager::SetLed(unsigned, bool)</STRONG> (Thumb, 64 bytes, Stack size 24 bytes, ledsmanager.o(.text))
<BR><BR>[Stack]<UL><LI>Max Depth = 24<LI>Call Chain = LedsManager::SetLed(unsigned, bool)
</UL>
<BR>[Calls]<UL><LI><a href="#[9d]">&gt;&gt;</a>&nbsp;&nbsp;&nbsp;LedsManager::GetMask(unsigned)
</UL>
<BR>[Called By]<UL><LI><a href="#[6d]">&gt;&gt;</a>&nbsp;&nbsp;&nbsp;LedButtonListener::TimeNotification()
<LI><a href="#[6c]">&gt;&gt;</a>&nbsp;&nbsp;&nbsp;LedButtonListener::OnButtonPressed(unsigned)
</UL>

<P><STRONG><a name="[9e]"></a>LedsManager::ToggleLed(unsigned)</STRONG> (Thumb, 40 bytes, Stack size 16 bytes, ledsmanager.o(.text), UNUSED)
<BR><BR>[Calls]<UL><LI><a href="#[9d]">&gt;&gt;</a>&nbsp;&nbsp;&nbsp;LedsManager::GetMask(unsigned)
</UL>

<P><STRONG><a name="[9f]"></a>LedsManager::GetLed(unsigned)</STRONG> (Thumb, 44 bytes, Stack size 16 bytes, ledsmanager.o(.text), UNUSED)
<BR><BR>[Calls]<UL><LI><a href="#[9d]">&gt;&gt;</a>&nbsp;&nbsp;&nbsp;LedsManager::GetMask(unsigned)
</UL>

<P><STRONG><a name="[a0]"></a>ButtonsManager::NotifyListeners(unsigned)</STRONG> (Thumb, 60 bytes, Stack size 24 bytes, buttonsmanager.o(.text))
<BR><BR>[Stack]<UL><LI>Max Depth = 24<LI>Call Chain = ButtonsManager::NotifyListeners(unsigned)
</UL>
<BR>[Calls]<UL><LI><a href="#[a1]">&gt;&gt;</a>&nbsp;&nbsp;&nbsp;Vector&lang;IButtonListener*&rang;::operator [](unsigned)
</UL>
<BR>[Called By]<UL><LI><a href="#[21]">&gt;&gt;</a>&nbsp;&nbsp;&nbsp;EXTI1_IRQHandler
<LI><a href="#[20]">&gt;&gt;</a>&nbsp;&nbsp;&nbsp;EXTI0_IRQHandler
</UL>

<P><STRONG><a name="[20]"></a>EXTI0_IRQHandler</STRONG> (Thumb, 32 bytes, Stack size 8 bytes, buttonsmanager.o(.text))
<BR><BR>[Stack]<UL><LI>Max Depth = 32<LI>Call Chain = EXTI0_IRQHandler &rArr; ButtonsManager::NotifyListeners(unsigned)
</UL>
<BR>[Calls]<UL><LI><a href="#[a0]">&gt;&gt;</a>&nbsp;&nbsp;&nbsp;ButtonsManager::NotifyListeners(unsigned)
</UL>
<BR>[Address Reference Count : 1]<UL><LI> startup_stm32f10x_md.o(RESET)
</UL>
<P><STRONG><a name="[21]"></a>EXTI1_IRQHandler</STRONG> (Thumb, 32 bytes, Stack size 8 bytes, buttonsmanager.o(.text))
<BR><BR>[Stack]<UL><LI>Max Depth = 32<LI>Call Chain = EXTI1_IRQHandler &rArr; ButtonsManager::NotifyListeners(unsigned)
</UL>
<BR>[Calls]<UL><LI><a href="#[a0]">&gt;&gt;</a>&nbsp;&nbsp;&nbsp;ButtonsManager::NotifyListeners(unsigned)
</UL>
<BR>[Address Reference Count : 1]<UL><LI> startup_stm32f10x_md.o(RESET)
</UL>
<P><STRONG><a name="[a2]"></a>ButtonsManager::ButtonsManager()</STRONG> (Thumb, 104 bytes, Stack size 8 bytes, buttonsmanager.o(.text))
<BR><BR>[Stack]<UL><LI>Max Depth = 8<LI>Call Chain = ButtonsManager::ButtonsManager()
</UL>
<BR>[Calls]<UL><LI><a href="#[a3]">&gt;&gt;</a>&nbsp;&nbsp;&nbsp;NVIC_EnableIRQ(IRQn)
</UL>
<BR>[Called By]<UL><LI><a href="#[93]">&gt;&gt;</a>&nbsp;&nbsp;&nbsp;main
</UL>

<P><STRONG><a name="[1a8]"></a>ButtonsManager::ButtonsManager__sub_object()</STRONG> (Thumb, 0 bytes, Stack size 8 bytes, buttonsmanager.o(.text), UNUSED)

<P><STRONG><a name="[1a9]"></a>ButtonsManager::~ButtonsManager()</STRONG> (Thumb, 2 bytes, Stack size 0 bytes, buttonsmanager.o(.text), UNUSED)

<P><STRONG><a name="[1aa]"></a>ButtonsManager::~ButtonsManager__sub_object()</STRONG> (Thumb, 0 bytes, Stack size 0 bytes, buttonsmanager.o(.text), UNUSED)

<P><STRONG><a name="[1ab]"></a>ButtonsManager::ButtonPressed(unsigned)</STRONG> (Thumb, 66 bytes, Stack size 12 bytes, buttonsmanager.o(.text), UNUSED)

<P><STRONG><a name="[a4]"></a>ButtonsManager::AddButtonListener(IButtonListener*)</STRONG> (Thumb, 46 bytes, Stack size 16 bytes, buttonsmanager.o(.text))
<BR><BR>[Stack]<UL><LI>Max Depth = 104<LI>Call Chain = ButtonsManager::AddButtonListener(IButtonListener*) &rArr; Vector&lang;IButtonListener*&rang;::ResizeBuffer(unsigned) &rArr; operator new[] (unsigned) &rArr; operator new(unsigned) &rArr; malloc &rArr; __Heap_Full &rArr; __Heap_ProvideMemory &rArr; free
</UL>
<BR>[Calls]<UL><LI><a href="#[a5]">&gt;&gt;</a>&nbsp;&nbsp;&nbsp;Vector&lang;IButtonListener*&rang;::ResizeBuffer(unsigned)
</UL>
<BR>[Called By]<UL><LI><a href="#[93]">&gt;&gt;</a>&nbsp;&nbsp;&nbsp;main
</UL>

<P><STRONG><a name="[93]"></a>main</STRONG> (Thumb, 74 bytes, Stack size 120 bytes, main.o(.text))
<BR><BR>[Stack]<UL><LI>Max Depth = 856 + Unknown Stack Size
<LI>Call Chain = main &rArr; Sprinkler::Sprinkler() &rArr; Sprinkler::load_config() &rArr; Sprinkler::load_sensors_config() &rArr; JSON::parse_sensors(const char*, Vector&lang;SmartPointer&lang;Sensor&rang;&rang;&) &rArr; JSON::parse_alarms_internal(Vector&lang;JSON::jsmntok_t&rang;&, const char*, Vector&lang;SmartPointer&lang;Sensor&rang;&rang;&) &rArr; JSON::token_to_double(const char*, JSON::jsmntok_t*, double&) &rArr; __0sscanf &rArr; __vfscanf_char &rArr; __vfscanf &rArr; _scanf_real &rArr; _scanf_really_real &rArr; _fp_value &rArr; _btod_etento &rArr; _btod_emul &rArr; _e2e
</UL>
<BR>[Calls]<UL><LI><a href="#[a8]">&gt;&gt;</a>&nbsp;&nbsp;&nbsp;Sprinkler::Sprinkler()
<LI><a href="#[a7]">&gt;&gt;</a>&nbsp;&nbsp;&nbsp;Logger::AddLine(const char*, Logger::LoggerLevel)
<LI><a href="#[aa]">&gt;&gt;</a>&nbsp;&nbsp;&nbsp;LedButtonListener::LedButtonListener(LedsManager*, unsigned)
<LI><a href="#[a4]">&gt;&gt;</a>&nbsp;&nbsp;&nbsp;ButtonsManager::AddButtonListener(IButtonListener*)
<LI><a href="#[a2]">&gt;&gt;</a>&nbsp;&nbsp;&nbsp;ButtonsManager::ButtonsManager()
<LI><a href="#[a9]">&gt;&gt;</a>&nbsp;&nbsp;&nbsp;LedsManager::LedsManager()
</UL>
<BR>[Called By]<UL><LI><a href="#[92]">&gt;&gt;</a>&nbsp;&nbsp;&nbsp;__rt_entry_main
</UL>

<P><STRONG><a name="[ab]"></a>JSON::find_json_array_token(Vector&lang;JSON::jsmntok_t&rang;&, const char*, const char*)</STRONG> (Thumb, 106 bytes, Stack size 32 bytes, json.o(.text))
<BR><BR>[Stack]<UL><LI>Max Depth = 48<LI>Call Chain = JSON::find_json_array_token(Vector&lang;JSON::jsmntok_t&rang;&, const char*, const char*) &rArr; strncmp
</UL>
<BR>[Calls]<UL><LI><a href="#[ac]">&gt;&gt;</a>&nbsp;&nbsp;&nbsp;Vector&lang;JSON::jsmntok_t&rang;::operator [](unsigned)
<LI><a href="#[ad]">&gt;&gt;</a>&nbsp;&nbsp;&nbsp;strncmp
<LI><a href="#[ae]">&gt;&gt;</a>&nbsp;&nbsp;&nbsp;strlen
</UL>
<BR>[Called By]<UL><LI><a href="#[c9]">&gt;&gt;</a>&nbsp;&nbsp;&nbsp;JSON::parse_sensors_internal(Vector&lang;JSON::jsmntok_t&rang;&, const char*, Vector&lang;SmartPointer&lang;Sensor&rang;&rang;&)
<LI><a href="#[bb]">&gt;&gt;</a>&nbsp;&nbsp;&nbsp;JSON::parse_alarms_internal(Vector&lang;JSON::jsmntok_t&rang;&, const char*, Vector&lang;SmartPointer&lang;Sensor&rang;&rang;&)
</UL>

<P><STRONG><a name="[af]"></a>JSON::token_to_int(const char*, JSON::jsmntok_t*, int&)</STRONG> (Thumb, 38 bytes, Stack size 16 bytes, json.o(.text))
<BR><BR>[Stack]<UL><LI>Max Depth = 512<LI>Call Chain = JSON::token_to_int(const char*, JSON::jsmntok_t*, int&) &rArr; __0sscanf &rArr; __vfscanf_char &rArr; __vfscanf &rArr; _scanf_real &rArr; _scanf_really_real &rArr; _fp_value &rArr; _btod_etento &rArr; _btod_emul &rArr; _e2e
</UL>
<BR>[Calls]<UL><LI><a href="#[b0]">&gt;&gt;</a>&nbsp;&nbsp;&nbsp;__0sscanf
</UL>
<BR>[Called By]<UL><LI><a href="#[d5]">&gt;&gt;</a>&nbsp;&nbsp;&nbsp;JSON::parse_irrigations(const char*, Vector&lang;Irrigation&rang;&)
<LI><a href="#[cf]">&gt;&gt;</a>&nbsp;&nbsp;&nbsp;JSON::parse_valves(const char*, Vector&lang;SmartPointer&lang;Valf&rang;&rang;&)
<LI><a href="#[c9]">&gt;&gt;</a>&nbsp;&nbsp;&nbsp;JSON::parse_sensors_internal(Vector&lang;JSON::jsmntok_t&rang;&, const char*, Vector&lang;SmartPointer&lang;Sensor&rang;&rang;&)
<LI><a href="#[bb]">&gt;&gt;</a>&nbsp;&nbsp;&nbsp;JSON::parse_alarms_internal(Vector&lang;JSON::jsmntok_t&rang;&, const char*, Vector&lang;SmartPointer&lang;Sensor&rang;&rang;&)
<LI><a href="#[b5]">&gt;&gt;</a>&nbsp;&nbsp;&nbsp;JSON::parse_sprinkler_configuration(const char*, Sprinkler&)
</UL>

<P><STRONG><a name="[b1]"></a>JSON::token_to_uint(const char*, JSON::jsmntok_t*, unsigned&)</STRONG> (Thumb, 38 bytes, Stack size 16 bytes, json.o(.text))
<BR><BR>[Stack]<UL><LI>Max Depth = 512<LI>Call Chain = JSON::token_to_uint(const char*, JSON::jsmntok_t*, unsigned&) &rArr; __0sscanf &rArr; __vfscanf_char &rArr; __vfscanf &rArr; _scanf_real &rArr; _scanf_really_real &rArr; _fp_value &rArr; _btod_etento &rArr; _btod_emul &rArr; _e2e
</UL>
<BR>[Calls]<UL><LI><a href="#[b0]">&gt;&gt;</a>&nbsp;&nbsp;&nbsp;__0sscanf
</UL>
<BR>[Called By]<UL><LI><a href="#[b5]">&gt;&gt;</a>&nbsp;&nbsp;&nbsp;JSON::parse_sprinkler_configuration(const char*, Sprinkler&)
</UL>

<P><STRONG><a name="[b2]"></a>JSON::token_to_double(const char*, JSON::jsmntok_t*, double&)</STRONG> (Thumb, 38 bytes, Stack size 16 bytes, json.o(.text))
<BR><BR>[Stack]<UL><LI>Max Depth = 512<LI>Call Chain = JSON::token_to_double(const char*, JSON::jsmntok_t*, double&) &rArr; __0sscanf &rArr; __vfscanf_char &rArr; __vfscanf &rArr; _scanf_real &rArr; _scanf_really_real &rArr; _fp_value &rArr; _btod_etento &rArr; _btod_emul &rArr; _e2e
</UL>
<BR>[Calls]<UL><LI><a href="#[b0]">&gt;&gt;</a>&nbsp;&nbsp;&nbsp;__0sscanf
</UL>
<BR>[Called By]<UL><LI><a href="#[bb]">&gt;&gt;</a>&nbsp;&nbsp;&nbsp;JSON::parse_alarms_internal(Vector&lang;JSON::jsmntok_t&rang;&, const char*, Vector&lang;SmartPointer&lang;Sensor&rang;&rang;&)
</UL>

<P><STRONG><a name="[b3]"></a>JSON::token_to_alarm_type(const char*, JSON::jsmntok_t*, Alarm::AlarmType&)</STRONG> (Thumb, 116 bytes, Stack size 24 bytes, json.o(.text))
<BR><BR>[Stack]<UL><LI>Max Depth = 64<LI>Call Chain = JSON::token_to_alarm_type(const char*, JSON::jsmntok_t*, Alarm::AlarmType&) &rArr; strncasecmp &rArr; tolower &rArr; __rt_ctype_table
</UL>
<BR>[Calls]<UL><LI><a href="#[b4]">&gt;&gt;</a>&nbsp;&nbsp;&nbsp;strncasecmp
</UL>
<BR>[Called By]<UL><LI><a href="#[bb]">&gt;&gt;</a>&nbsp;&nbsp;&nbsp;JSON::parse_alarms_internal(Vector&lang;JSON::jsmntok_t&rang;&, const char*, Vector&lang;SmartPointer&lang;Sensor&rang;&rang;&)
</UL>

<P><STRONG><a name="[b5]"></a>JSON::parse_sprinkler_configuration(const char*, Sprinkler&)</STRONG> (Thumb, 382 bytes, Stack size 56 bytes, json.o(.text))
<BR><BR>[Stack]<UL><LI>Max Depth = 568 + Unknown Stack Size
<LI>Call Chain = JSON::parse_sprinkler_configuration(const char*, Sprinkler&) &rArr; JSON::token_to_uint(const char*, JSON::jsmntok_t*, unsigned&) &rArr; __0sscanf &rArr; __vfscanf_char &rArr; __vfscanf &rArr; _scanf_real &rArr; _scanf_really_real &rArr; _fp_value &rArr; _btod_etento &rArr; _btod_emul &rArr; _e2e
</UL>
<BR>[Calls]<UL><LI><a href="#[b9]">&gt;&gt;</a>&nbsp;&nbsp;&nbsp;JSON::Parser::~Parser()
<LI><a href="#[b7]">&gt;&gt;</a>&nbsp;&nbsp;&nbsp;JSON::Parser::Parser()
<LI><a href="#[b8]">&gt;&gt;</a>&nbsp;&nbsp;&nbsp;JSON::Parser::Parse(const char*, Vector&lang;JSON::jsmntok_t&rang;&)
<LI><a href="#[ac]">&gt;&gt;</a>&nbsp;&nbsp;&nbsp;Vector&lang;JSON::jsmntok_t&rang;::operator [](unsigned)
<LI><a href="#[ba]">&gt;&gt;</a>&nbsp;&nbsp;&nbsp;Vector&lang;JSON::jsmntok_t&rang;::~Vector()
<LI><a href="#[b6]">&gt;&gt;</a>&nbsp;&nbsp;&nbsp;Vector&lang;JSON::jsmntok_t&rang;::Vector()
<LI><a href="#[b1]">&gt;&gt;</a>&nbsp;&nbsp;&nbsp;JSON::token_to_uint(const char*, JSON::jsmntok_t*, unsigned&)
<LI><a href="#[af]">&gt;&gt;</a>&nbsp;&nbsp;&nbsp;JSON::token_to_int(const char*, JSON::jsmntok_t*, int&)
<LI><a href="#[a7]">&gt;&gt;</a>&nbsp;&nbsp;&nbsp;Logger::AddLine(const char*, Logger::LoggerLevel)
<LI><a href="#[ad]">&gt;&gt;</a>&nbsp;&nbsp;&nbsp;strncmp
</UL>
<BR>[Called By]<UL><LI><a href="#[f0]">&gt;&gt;</a>&nbsp;&nbsp;&nbsp;Sprinkler::load_sprinkler_config()
</UL>

<P><STRONG><a name="[bb]"></a>JSON::parse_alarms_internal(Vector&lang;JSON::jsmntok_t&rang;&, const char*, Vector&lang;SmartPointer&lang;Sensor&rang;&rang;&)</STRONG> (Thumb, 1002 bytes, Stack size 112 bytes, json.o(.text))
<BR><BR>[Stack]<UL><LI>Max Depth = 624 + Unknown Stack Size
<LI>Call Chain = JSON::parse_alarms_internal(Vector&lang;JSON::jsmntok_t&rang;&, const char*, Vector&lang;SmartPointer&lang;Sensor&rang;&rang;&) &rArr; JSON::token_to_double(const char*, JSON::jsmntok_t*, double&) &rArr; __0sscanf &rArr; __vfscanf_char &rArr; __vfscanf &rArr; _scanf_real &rArr; _scanf_really_real &rArr; _fp_value &rArr; _btod_etento &rArr; _btod_emul &rArr; _e2e
</UL>
<BR>[Calls]<UL><LI><a href="#[c3]">&gt;&gt;</a>&nbsp;&nbsp;&nbsp;Alarm::Alarm(double, Alarm::AlarmType)
<LI><a href="#[ac]">&gt;&gt;</a>&nbsp;&nbsp;&nbsp;Vector&lang;JSON::jsmntok_t&rang;::operator [](unsigned)
<LI><a href="#[bc]">&gt;&gt;</a>&nbsp;&nbsp;&nbsp;Vector&lang;SmartPointer&lang;Sensor&rang;&rang;::operator [](unsigned)
<LI><a href="#[c6]">&gt;&gt;</a>&nbsp;&nbsp;&nbsp;Vector&lang;SmartPointer&lang;Alarm&rang;&rang;::ResizeBuffer(unsigned)
<LI><a href="#[be]">&gt;&gt;</a>&nbsp;&nbsp;&nbsp;SmartPointer&lang;Sensor&rang;::operator -&rang;()
<LI><a href="#[c0]">&gt;&gt;</a>&nbsp;&nbsp;&nbsp;SmartPointer&lang;Sensor&rang;::operator =(const SmartPointer&lang;Sensor&rang;&)
<LI><a href="#[49]">&gt;&gt;</a>&nbsp;&nbsp;&nbsp;SmartPointer&lang;Sensor&rang;::~SmartPointer()
<LI><a href="#[bd]">&gt;&gt;</a>&nbsp;&nbsp;&nbsp;SmartPointer&lang;Sensor&rang;::SmartPointer(const SmartPointer&lang;Sensor&rang;&)
<LI><a href="#[c7]">&gt;&gt;</a>&nbsp;&nbsp;&nbsp;SmartPointer&lang;Alarm&rang;::operator =(const SmartPointer&lang;Alarm&rang;&)
<LI><a href="#[4c]">&gt;&gt;</a>&nbsp;&nbsp;&nbsp;SmartPointer&lang;Alarm&rang;::~SmartPointer()
<LI><a href="#[c4]">&gt;&gt;</a>&nbsp;&nbsp;&nbsp;SmartPointer&lang;Alarm&rang;::RC::RC()
<LI><a href="#[c5]">&gt;&gt;</a>&nbsp;&nbsp;&nbsp;SmartPointer&lang;Alarm&rang;::RC::AddRef()
<LI><a href="#[b3]">&gt;&gt;</a>&nbsp;&nbsp;&nbsp;JSON::token_to_alarm_type(const char*, JSON::jsmntok_t*, Alarm::AlarmType&)
<LI><a href="#[b2]">&gt;&gt;</a>&nbsp;&nbsp;&nbsp;JSON::token_to_double(const char*, JSON::jsmntok_t*, double&)
<LI><a href="#[af]">&gt;&gt;</a>&nbsp;&nbsp;&nbsp;JSON::token_to_int(const char*, JSON::jsmntok_t*, int&)
<LI><a href="#[ab]">&gt;&gt;</a>&nbsp;&nbsp;&nbsp;JSON::find_json_array_token(Vector&lang;JSON::jsmntok_t&rang;&, const char*, const char*)
<LI><a href="#[ad]">&gt;&gt;</a>&nbsp;&nbsp;&nbsp;strncmp
<LI><a href="#[c1]">&gt;&gt;</a>&nbsp;&nbsp;&nbsp;__aeabi_cdcmpeq
<LI><a href="#[bf]">&gt;&gt;</a>&nbsp;&nbsp;&nbsp;__aeabi_vec_new_cookie_nodtor
<LI><a href="#[c8]">&gt;&gt;</a>&nbsp;&nbsp;&nbsp;__aeabi_vec_delete
<LI><a href="#[c2]">&gt;&gt;</a>&nbsp;&nbsp;&nbsp;operator new(unsigned)
</UL>
<BR>[Called By]<UL><LI><a href="#[ce]">&gt;&gt;</a>&nbsp;&nbsp;&nbsp;JSON::parse_sensors(const char*, Vector&lang;SmartPointer&lang;Sensor&rang;&rang;&)
</UL>

<P><STRONG><a name="[c9]"></a>JSON::parse_sensors_internal(Vector&lang;JSON::jsmntok_t&rang;&, const char*, Vector&lang;SmartPointer&lang;Sensor&rang;&rang;&)</STRONG> (Thumb, 434 bytes, Stack size 80 bytes, json.o(.text))
<BR><BR>[Stack]<UL><LI>Max Depth = 592 + Unknown Stack Size
<LI>Call Chain = JSON::parse_sensors_internal(Vector&lang;JSON::jsmntok_t&rang;&, const char*, Vector&lang;SmartPointer&lang;Sensor&rang;&rang;&) &rArr; JSON::token_to_int(const char*, JSON::jsmntok_t*, int&) &rArr; __0sscanf &rArr; __vfscanf_char &rArr; __vfscanf &rArr; _scanf_real &rArr; _scanf_really_real &rArr; _fp_value &rArr; _btod_etento &rArr; _btod_emul &rArr; _e2e
</UL>
<BR>[Calls]<UL><LI><a href="#[ca]">&gt;&gt;</a>&nbsp;&nbsp;&nbsp;SensorFactory::CreateSensor(SensorType)
<LI><a href="#[ac]">&gt;&gt;</a>&nbsp;&nbsp;&nbsp;Vector&lang;JSON::jsmntok_t&rang;::operator [](unsigned)
<LI><a href="#[cd]">&gt;&gt;</a>&nbsp;&nbsp;&nbsp;Vector&lang;SmartPointer&lang;Sensor&rang;&rang;::ResizeBuffer(unsigned)
<LI><a href="#[be]">&gt;&gt;</a>&nbsp;&nbsp;&nbsp;SmartPointer&lang;Sensor&rang;::operator -&rang;()
<LI><a href="#[c0]">&gt;&gt;</a>&nbsp;&nbsp;&nbsp;SmartPointer&lang;Sensor&rang;::operator =(const SmartPointer&lang;Sensor&rang;&)
<LI><a href="#[49]">&gt;&gt;</a>&nbsp;&nbsp;&nbsp;SmartPointer&lang;Sensor&rang;::~SmartPointer()
<LI><a href="#[cb]">&gt;&gt;</a>&nbsp;&nbsp;&nbsp;SmartPointer&lang;Sensor&rang;::RC::RC()
<LI><a href="#[cc]">&gt;&gt;</a>&nbsp;&nbsp;&nbsp;SmartPointer&lang;Sensor&rang;::RC::AddRef()
<LI><a href="#[af]">&gt;&gt;</a>&nbsp;&nbsp;&nbsp;JSON::token_to_int(const char*, JSON::jsmntok_t*, int&)
<LI><a href="#[ab]">&gt;&gt;</a>&nbsp;&nbsp;&nbsp;JSON::find_json_array_token(Vector&lang;JSON::jsmntok_t&rang;&, const char*, const char*)
<LI><a href="#[ad]">&gt;&gt;</a>&nbsp;&nbsp;&nbsp;strncmp
<LI><a href="#[c2]">&gt;&gt;</a>&nbsp;&nbsp;&nbsp;operator new(unsigned)
</UL>
<BR>[Called By]<UL><LI><a href="#[ce]">&gt;&gt;</a>&nbsp;&nbsp;&nbsp;JSON::parse_sensors(const char*, Vector&lang;SmartPointer&lang;Sensor&rang;&rang;&)
</UL>

<P><STRONG><a name="[ce]"></a>JSON::parse_sensors(const char*, Vector&lang;SmartPointer&lang;Sensor&rang;&rang;&)</STRONG> (Thumb, 112 bytes, Stack size 48 bytes, json.o(.text))
<BR><BR>[Stack]<UL><LI>Max Depth = 672 + Unknown Stack Size
<LI>Call Chain = JSON::parse_sensors(const char*, Vector&lang;SmartPointer&lang;Sensor&rang;&rang;&) &rArr; JSON::parse_alarms_internal(Vector&lang;JSON::jsmntok_t&rang;&, const char*, Vector&lang;SmartPointer&lang;Sensor&rang;&rang;&) &rArr; JSON::token_to_double(const char*, JSON::jsmntok_t*, double&) &rArr; __0sscanf &rArr; __vfscanf_char &rArr; __vfscanf &rArr; _scanf_real &rArr; _scanf_really_real &rArr; _fp_value &rArr; _btod_etento &rArr; _btod_emul &rArr; _e2e
</UL>
<BR>[Calls]<UL><LI><a href="#[b9]">&gt;&gt;</a>&nbsp;&nbsp;&nbsp;JSON::Parser::~Parser()
<LI><a href="#[b7]">&gt;&gt;</a>&nbsp;&nbsp;&nbsp;JSON::Parser::Parser()
<LI><a href="#[b8]">&gt;&gt;</a>&nbsp;&nbsp;&nbsp;JSON::Parser::Parse(const char*, Vector&lang;JSON::jsmntok_t&rang;&)
<LI><a href="#[ba]">&gt;&gt;</a>&nbsp;&nbsp;&nbsp;Vector&lang;JSON::jsmntok_t&rang;::~Vector()
<LI><a href="#[b6]">&gt;&gt;</a>&nbsp;&nbsp;&nbsp;Vector&lang;JSON::jsmntok_t&rang;::Vector()
<LI><a href="#[c9]">&gt;&gt;</a>&nbsp;&nbsp;&nbsp;JSON::parse_sensors_internal(Vector&lang;JSON::jsmntok_t&rang;&, const char*, Vector&lang;SmartPointer&lang;Sensor&rang;&rang;&)
<LI><a href="#[bb]">&gt;&gt;</a>&nbsp;&nbsp;&nbsp;JSON::parse_alarms_internal(Vector&lang;JSON::jsmntok_t&rang;&, const char*, Vector&lang;SmartPointer&lang;Sensor&rang;&rang;&)
<LI><a href="#[a7]">&gt;&gt;</a>&nbsp;&nbsp;&nbsp;Logger::AddLine(const char*, Logger::LoggerLevel)
</UL>
<BR>[Called By]<UL><LI><a href="#[ef]">&gt;&gt;</a>&nbsp;&nbsp;&nbsp;Sprinkler::load_sensors_config()
</UL>

<P><STRONG><a name="[cf]"></a>JSON::parse_valves(const char*, Vector&lang;SmartPointer&lang;Valf&rang;&rang;&)</STRONG> (Thumb, 694 bytes, Stack size 96 bytes, json.o(.text))
<BR><BR>[Stack]<UL><LI>Max Depth = 608 + Unknown Stack Size
<LI>Call Chain = JSON::parse_valves(const char*, Vector&lang;SmartPointer&lang;Valf&rang;&rang;&) &rArr; JSON::token_to_int(const char*, JSON::jsmntok_t*, int&) &rArr; __0sscanf &rArr; __vfscanf_char &rArr; __vfscanf &rArr; _scanf_real &rArr; _scanf_really_real &rArr; _fp_value &rArr; _btod_etento &rArr; _btod_emul &rArr; _e2e
</UL>
<BR>[Calls]<UL><LI><a href="#[d0]">&gt;&gt;</a>&nbsp;&nbsp;&nbsp;Valf::Valf(int, int)
<LI><a href="#[b9]">&gt;&gt;</a>&nbsp;&nbsp;&nbsp;JSON::Parser::~Parser()
<LI><a href="#[b7]">&gt;&gt;</a>&nbsp;&nbsp;&nbsp;JSON::Parser::Parser()
<LI><a href="#[b8]">&gt;&gt;</a>&nbsp;&nbsp;&nbsp;JSON::Parser::Parse(const char*, Vector&lang;JSON::jsmntok_t&rang;&)
<LI><a href="#[ac]">&gt;&gt;</a>&nbsp;&nbsp;&nbsp;Vector&lang;JSON::jsmntok_t&rang;::operator [](unsigned)
<LI><a href="#[ba]">&gt;&gt;</a>&nbsp;&nbsp;&nbsp;Vector&lang;JSON::jsmntok_t&rang;::~Vector()
<LI><a href="#[b6]">&gt;&gt;</a>&nbsp;&nbsp;&nbsp;Vector&lang;JSON::jsmntok_t&rang;::Vector()
<LI><a href="#[d3]">&gt;&gt;</a>&nbsp;&nbsp;&nbsp;Vector&lang;SmartPointer&lang;Valf&rang;&rang;::ResizeBuffer(unsigned)
<LI><a href="#[d4]">&gt;&gt;</a>&nbsp;&nbsp;&nbsp;SmartPointer&lang;Valf&rang;::operator =(const SmartPointer&lang;Valf&rang;&)
<LI><a href="#[4b]">&gt;&gt;</a>&nbsp;&nbsp;&nbsp;SmartPointer&lang;Valf&rang;::~SmartPointer()
<LI><a href="#[d1]">&gt;&gt;</a>&nbsp;&nbsp;&nbsp;SmartPointer&lang;Valf&rang;::RC::RC()
<LI><a href="#[d2]">&gt;&gt;</a>&nbsp;&nbsp;&nbsp;SmartPointer&lang;Valf&rang;::RC::AddRef()
<LI><a href="#[af]">&gt;&gt;</a>&nbsp;&nbsp;&nbsp;JSON::token_to_int(const char*, JSON::jsmntok_t*, int&)
<LI><a href="#[a7]">&gt;&gt;</a>&nbsp;&nbsp;&nbsp;Logger::AddLine(const char*, Logger::LoggerLevel)
<LI><a href="#[ad]">&gt;&gt;</a>&nbsp;&nbsp;&nbsp;strncmp
<LI><a href="#[c2]">&gt;&gt;</a>&nbsp;&nbsp;&nbsp;operator new(unsigned)
</UL>
<BR>[Called By]<UL><LI><a href="#[ee]">&gt;&gt;</a>&nbsp;&nbsp;&nbsp;Sprinkler::load_valves_config()
</UL>

<P><STRONG><a name="[d5]"></a>JSON::parse_irrigations(const char*, Vector&lang;Irrigation&rang;&)</STRONG> (Thumb, 584 bytes, Stack size 104 bytes, json.o(.text))
<BR><BR>[Stack]<UL><LI>Max Depth = 616 + Unknown Stack Size
<LI>Call Chain = JSON::parse_irrigations(const char*, Vector&lang;Irrigation&rang;&) &rArr; JSON::token_to_int(const char*, JSON::jsmntok_t*, int&) &rArr; __0sscanf &rArr; __vfscanf_char &rArr; __vfscanf &rArr; _scanf_real &rArr; _scanf_really_real &rArr; _fp_value &rArr; _btod_etento &rArr; _btod_emul &rArr; _e2e
</UL>
<BR>[Calls]<UL><LI><a href="#[b9]">&gt;&gt;</a>&nbsp;&nbsp;&nbsp;JSON::Parser::~Parser()
<LI><a href="#[b7]">&gt;&gt;</a>&nbsp;&nbsp;&nbsp;JSON::Parser::Parser()
<LI><a href="#[b8]">&gt;&gt;</a>&nbsp;&nbsp;&nbsp;JSON::Parser::Parse(const char*, Vector&lang;JSON::jsmntok_t&rang;&)
<LI><a href="#[d7]">&gt;&gt;</a>&nbsp;&nbsp;&nbsp;Irrigation::operator =(const Irrigation&)
<LI><a href="#[4a]">&gt;&gt;</a>&nbsp;&nbsp;&nbsp;Irrigation::~Irrigation()
<LI><a href="#[5a]">&gt;&gt;</a>&nbsp;&nbsp;&nbsp;Irrigation::Irrigation()
<LI><a href="#[ac]">&gt;&gt;</a>&nbsp;&nbsp;&nbsp;Vector&lang;JSON::jsmntok_t&rang;::operator [](unsigned)
<LI><a href="#[ba]">&gt;&gt;</a>&nbsp;&nbsp;&nbsp;Vector&lang;JSON::jsmntok_t&rang;::~Vector()
<LI><a href="#[b6]">&gt;&gt;</a>&nbsp;&nbsp;&nbsp;Vector&lang;JSON::jsmntok_t&rang;::Vector()
<LI><a href="#[d6]">&gt;&gt;</a>&nbsp;&nbsp;&nbsp;Vector&lang;Irrigation&rang;::ResizeBuffer(unsigned)
<LI><a href="#[af]">&gt;&gt;</a>&nbsp;&nbsp;&nbsp;JSON::token_to_int(const char*, JSON::jsmntok_t*, int&)
<LI><a href="#[a7]">&gt;&gt;</a>&nbsp;&nbsp;&nbsp;Logger::AddLine(const char*, Logger::LoggerLevel)
<LI><a href="#[ad]">&gt;&gt;</a>&nbsp;&nbsp;&nbsp;strncmp
</UL>
<BR>[Called By]<UL><LI><a href="#[dd]">&gt;&gt;</a>&nbsp;&nbsp;&nbsp;Sprinkler::load_irrigations_instructions()
</UL>

<P><STRONG><a name="[b7]"></a>JSON::Parser::Parser()</STRONG> (Thumb, 12 bytes, Stack size 0 bytes, jsonparser.o(.text))
<BR><BR>[Called By]<UL><LI><a href="#[d5]">&gt;&gt;</a>&nbsp;&nbsp;&nbsp;JSON::parse_irrigations(const char*, Vector&lang;Irrigation&rang;&)
<LI><a href="#[cf]">&gt;&gt;</a>&nbsp;&nbsp;&nbsp;JSON::parse_valves(const char*, Vector&lang;SmartPointer&lang;Valf&rang;&rang;&)
<LI><a href="#[ce]">&gt;&gt;</a>&nbsp;&nbsp;&nbsp;JSON::parse_sensors(const char*, Vector&lang;SmartPointer&lang;Sensor&rang;&rang;&)
<LI><a href="#[b5]">&gt;&gt;</a>&nbsp;&nbsp;&nbsp;JSON::parse_sprinkler_configuration(const char*, Sprinkler&)
</UL>

<P><STRONG><a name="[1ac]"></a>JSON::Parser::Parser__sub_object()</STRONG> (Thumb, 0 bytes, Stack size 0 bytes, jsonparser.o(.text), UNUSED)

<P><STRONG><a name="[b9]"></a>JSON::Parser::~Parser()</STRONG> (Thumb, 2 bytes, Stack size 0 bytes, jsonparser.o(.text))
<BR><BR>[Called By]<UL><LI><a href="#[d5]">&gt;&gt;</a>&nbsp;&nbsp;&nbsp;JSON::parse_irrigations(const char*, Vector&lang;Irrigation&rang;&)
<LI><a href="#[cf]">&gt;&gt;</a>&nbsp;&nbsp;&nbsp;JSON::parse_valves(const char*, Vector&lang;SmartPointer&lang;Valf&rang;&rang;&)
<LI><a href="#[ce]">&gt;&gt;</a>&nbsp;&nbsp;&nbsp;JSON::parse_sensors(const char*, Vector&lang;SmartPointer&lang;Sensor&rang;&rang;&)
<LI><a href="#[b5]">&gt;&gt;</a>&nbsp;&nbsp;&nbsp;JSON::parse_sprinkler_configuration(const char*, Sprinkler&)
</UL>

<P><STRONG><a name="[1ad]"></a>JSON::Parser::~Parser__sub_object()</STRONG> (Thumb, 0 bytes, Stack size 0 bytes, jsonparser.o(.text), UNUSED)

<P><STRONG><a name="[db]"></a>JSON::Parser::fill_token(JSON::jsmntok_t*, JSON::jsmntype_t, int, int)</STRONG> (Thumb, 16 bytes, Stack size 12 bytes, jsonparser.o(.text))
<BR><BR>[Stack]<UL><LI>Max Depth = 12<LI>Call Chain = JSON::Parser::fill_token(JSON::jsmntok_t*, JSON::jsmntype_t, int, int)
</UL>
<BR>[Called By]<UL><LI><a href="#[dc]">&gt;&gt;</a>&nbsp;&nbsp;&nbsp;JSON::Parser::parse_string(const char*, Vector&lang;JSON::jsmntok_t&rang;&)
<LI><a href="#[da]">&gt;&gt;</a>&nbsp;&nbsp;&nbsp;JSON::Parser::parse_primitive(const char*, Vector&lang;JSON::jsmntok_t&rang;&)
</UL>

<P><STRONG><a name="[d8]"></a>JSON::Parser::alloc_token(Vector&lang;JSON::jsmntok_t&rang;&)</STRONG> (Thumb, 92 bytes, Stack size 40 bytes, jsonparser.o(.text))
<BR><BR>[Stack]<UL><LI>Max Depth = 128<LI>Call Chain = JSON::Parser::alloc_token(Vector&lang;JSON::jsmntok_t&rang;&) &rArr; Vector&lang;JSON::jsmntok_t&rang;::ResizeBuffer(unsigned) &rArr; operator new[] (unsigned) &rArr; operator new(unsigned) &rArr; malloc &rArr; __Heap_Full &rArr; __Heap_ProvideMemory &rArr; free
</UL>
<BR>[Calls]<UL><LI><a href="#[ac]">&gt;&gt;</a>&nbsp;&nbsp;&nbsp;Vector&lang;JSON::jsmntok_t&rang;::operator [](unsigned)
<LI><a href="#[d9]">&gt;&gt;</a>&nbsp;&nbsp;&nbsp;Vector&lang;JSON::jsmntok_t&rang;::ResizeBuffer(unsigned)
</UL>
<BR>[Called By]<UL><LI><a href="#[dc]">&gt;&gt;</a>&nbsp;&nbsp;&nbsp;JSON::Parser::parse_string(const char*, Vector&lang;JSON::jsmntok_t&rang;&)
<LI><a href="#[da]">&gt;&gt;</a>&nbsp;&nbsp;&nbsp;JSON::Parser::parse_primitive(const char*, Vector&lang;JSON::jsmntok_t&rang;&)
<LI><a href="#[b8]">&gt;&gt;</a>&nbsp;&nbsp;&nbsp;JSON::Parser::Parse(const char*, Vector&lang;JSON::jsmntok_t&rang;&)
</UL>

<P><STRONG><a name="[da]"></a>JSON::Parser::parse_primitive(const char*, Vector&lang;JSON::jsmntok_t&rang;&)</STRONG> (Thumb, 158 bytes, Stack size 32 bytes, jsonparser.o(.text))
<BR><BR>[Stack]<UL><LI>Max Depth = 160<LI>Call Chain = JSON::Parser::parse_primitive(const char*, Vector&lang;JSON::jsmntok_t&rang;&) &rArr; JSON::Parser::alloc_token(Vector&lang;JSON::jsmntok_t&rang;&) &rArr; Vector&lang;JSON::jsmntok_t&rang;::ResizeBuffer(unsigned) &rArr; operator new[] (unsigned) &rArr; operator new(unsigned) &rArr; malloc &rArr; __Heap_Full &rArr; __Heap_ProvideMemory &rArr; free
</UL>
<BR>[Calls]<UL><LI><a href="#[d8]">&gt;&gt;</a>&nbsp;&nbsp;&nbsp;JSON::Parser::alloc_token(Vector&lang;JSON::jsmntok_t&rang;&)
<LI><a href="#[db]">&gt;&gt;</a>&nbsp;&nbsp;&nbsp;JSON::Parser::fill_token(JSON::jsmntok_t*, JSON::jsmntype_t, int, int)
</UL>
<BR>[Called By]<UL><LI><a href="#[b8]">&gt;&gt;</a>&nbsp;&nbsp;&nbsp;JSON::Parser::Parse(const char*, Vector&lang;JSON::jsmntok_t&rang;&)
</UL>

<P><STRONG><a name="[dc]"></a>JSON::Parser::parse_string(const char*, Vector&lang;JSON::jsmntok_t&rang;&)</STRONG> (Thumb, 180 bytes, Stack size 32 bytes, jsonparser.o(.text))
<BR><BR>[Stack]<UL><LI>Max Depth = 160<LI>Call Chain = JSON::Parser::parse_string(const char*, Vector&lang;JSON::jsmntok_t&rang;&) &rArr; JSON::Parser::alloc_token(Vector&lang;JSON::jsmntok_t&rang;&) &rArr; Vector&lang;JSON::jsmntok_t&rang;::ResizeBuffer(unsigned) &rArr; operator new[] (unsigned) &rArr; operator new(unsigned) &rArr; malloc &rArr; __Heap_Full &rArr; __Heap_ProvideMemory &rArr; free
</UL>
<BR>[Calls]<UL><LI><a href="#[d8]">&gt;&gt;</a>&nbsp;&nbsp;&nbsp;JSON::Parser::alloc_token(Vector&lang;JSON::jsmntok_t&rang;&)
<LI><a href="#[db]">&gt;&gt;</a>&nbsp;&nbsp;&nbsp;JSON::Parser::fill_token(JSON::jsmntok_t*, JSON::jsmntype_t, int, int)
</UL>
<BR>[Called By]<UL><LI><a href="#[b8]">&gt;&gt;</a>&nbsp;&nbsp;&nbsp;JSON::Parser::Parse(const char*, Vector&lang;JSON::jsmntok_t&rang;&)
</UL>

<P><STRONG><a name="[b8]"></a>JSON::Parser::Parse(const char*, Vector&lang;JSON::jsmntok_t&rang;&)</STRONG> (Thumb, 572 bytes, Stack size 40 bytes, jsonparser.o(.text))
<BR><BR>[Stack]<UL><LI>Max Depth = 200<LI>Call Chain = JSON::Parser::Parse(const char*, Vector&lang;JSON::jsmntok_t&rang;&) &rArr; JSON::Parser::parse_string(const char*, Vector&lang;JSON::jsmntok_t&rang;&) &rArr; JSON::Parser::alloc_token(Vector&lang;JSON::jsmntok_t&rang;&) &rArr; Vector&lang;JSON::jsmntok_t&rang;::ResizeBuffer(unsigned) &rArr; operator new[] (unsigned) &rArr; operator new(unsigned) &rArr; malloc &rArr; __Heap_Full &rArr; __Heap_ProvideMemory &rArr; free
</UL>
<BR>[Calls]<UL><LI><a href="#[dc]">&gt;&gt;</a>&nbsp;&nbsp;&nbsp;JSON::Parser::parse_string(const char*, Vector&lang;JSON::jsmntok_t&rang;&)
<LI><a href="#[da]">&gt;&gt;</a>&nbsp;&nbsp;&nbsp;JSON::Parser::parse_primitive(const char*, Vector&lang;JSON::jsmntok_t&rang;&)
<LI><a href="#[d8]">&gt;&gt;</a>&nbsp;&nbsp;&nbsp;JSON::Parser::alloc_token(Vector&lang;JSON::jsmntok_t&rang;&)
<LI><a href="#[ac]">&gt;&gt;</a>&nbsp;&nbsp;&nbsp;Vector&lang;JSON::jsmntok_t&rang;::operator [](unsigned)
</UL>
<BR>[Called By]<UL><LI><a href="#[d5]">&gt;&gt;</a>&nbsp;&nbsp;&nbsp;JSON::parse_irrigations(const char*, Vector&lang;Irrigation&rang;&)
<LI><a href="#[cf]">&gt;&gt;</a>&nbsp;&nbsp;&nbsp;JSON::parse_valves(const char*, Vector&lang;SmartPointer&lang;Valf&rang;&rang;&)
<LI><a href="#[ce]">&gt;&gt;</a>&nbsp;&nbsp;&nbsp;JSON::parse_sensors(const char*, Vector&lang;SmartPointer&lang;Sensor&rang;&rang;&)
<LI><a href="#[b5]">&gt;&gt;</a>&nbsp;&nbsp;&nbsp;JSON::parse_sprinkler_configuration(const char*, Sprinkler&)
</UL>

<P><STRONG><a name="[ec]"></a>Sprinkler::get_next_task_time()</STRONG> (Thumb, 32 bytes, Stack size 8 bytes, sprinkler.o(.text))
<BR><BR>[Stack]<UL><LI>Max Depth = 8<LI>Call Chain = Sprinkler::get_next_task_time()
</UL>
<BR>[Called By]<UL><LI><a href="#[73]">&gt;&gt;</a>&nbsp;&nbsp;&nbsp;Sprinkler::TimeNotification()
</UL>

<P><STRONG><a name="[dd]"></a>Sprinkler::load_irrigations_instructions()</STRONG> (Thumb, 78 bytes, Stack size 32 bytes, sprinkler.o(.text))
<BR><BR>[Stack]<UL><LI>Max Depth = 648 + Unknown Stack Size
<LI>Call Chain = Sprinkler::load_irrigations_instructions() &rArr; JSON::parse_irrigations(const char*, Vector&lang;Irrigation&rang;&) &rArr; JSON::token_to_int(const char*, JSON::jsmntok_t*, int&) &rArr; __0sscanf &rArr; __vfscanf_char &rArr; __vfscanf &rArr; _scanf_real &rArr; _scanf_really_real &rArr; _fp_value &rArr; _btod_etento &rArr; _btod_emul &rArr; _e2e
</UL>
<BR>[Calls]<UL><LI><a href="#[d5]">&gt;&gt;</a>&nbsp;&nbsp;&nbsp;JSON::parse_irrigations(const char*, Vector&lang;Irrigation&rang;&)
<LI><a href="#[a7]">&gt;&gt;</a>&nbsp;&nbsp;&nbsp;Logger::AddLine(const char*, Logger::LoggerLevel)
<LI><a href="#[e1]">&gt;&gt;</a>&nbsp;&nbsp;&nbsp;TimeManager::GetSystemTime()
<LI><a href="#[df]">&gt;&gt;</a>&nbsp;&nbsp;&nbsp;Communication::GetWebPage(const char*, StringBuffer&)
<LI><a href="#[e2]">&gt;&gt;</a>&nbsp;&nbsp;&nbsp;StringBuffer::~StringBuffer()
<LI><a href="#[de]">&gt;&gt;</a>&nbsp;&nbsp;&nbsp;StringBuffer::StringBuffer()
<LI><a href="#[e0]">&gt;&gt;</a>&nbsp;&nbsp;&nbsp;StringBuffer::GetBuffer() const
</UL>
<BR>[Called By]<UL><LI><a href="#[f1]">&gt;&gt;</a>&nbsp;&nbsp;&nbsp;Sprinkler::load_config()
<LI><a href="#[e9]">&gt;&gt;</a>&nbsp;&nbsp;&nbsp;Sprinkler::do_tasks()
</UL>

<P><STRONG><a name="[e3]"></a>Sprinkler::needs_to_load_irrigations()</STRONG> (Thumb, 28 bytes, Stack size 16 bytes, sprinkler.o(.text))
<BR><BR>[Stack]<UL><LI>Max Depth = 16<LI>Call Chain = Sprinkler::needs_to_load_irrigations()
</UL>
<BR>[Calls]<UL><LI><a href="#[e1]">&gt;&gt;</a>&nbsp;&nbsp;&nbsp;TimeManager::GetSystemTime()
</UL>
<BR>[Called By]<UL><LI><a href="#[eb]">&gt;&gt;</a>&nbsp;&nbsp;&nbsp;Sprinkler::needs_to_do_tasks()
<LI><a href="#[e9]">&gt;&gt;</a>&nbsp;&nbsp;&nbsp;Sprinkler::do_tasks()
</UL>

<P><STRONG><a name="[e4]"></a>Sprinkler::report_reading()</STRONG> (Thumb, 74 bytes, Stack size 32 bytes, sprinkler.o(.text))
<BR><BR>[Stack]<UL><LI>Max Depth = 552 + Unknown Stack Size
<LI>Call Chain = Sprinkler::report_reading() &rArr; Sensor::ReportReadings() &rArr; Sensor::ReportReadingData(const char*, ReadingData&) &rArr; StringBuffer::Write(const char*, unsigned) &rArr; Logger::AddLine(const char*, Logger::LoggerLevel) &rArr; __2printf &rArr; _printf_char_file &rArr; _printf_char_common &rArr; __printf
</UL>
<BR>[Calls]<UL><LI><a href="#[bc]">&gt;&gt;</a>&nbsp;&nbsp;&nbsp;Vector&lang;SmartPointer&lang;Sensor&rang;&rang;::operator [](unsigned)
<LI><a href="#[a7]">&gt;&gt;</a>&nbsp;&nbsp;&nbsp;Logger::AddLine(const char*, Logger::LoggerLevel)
<LI><a href="#[e1]">&gt;&gt;</a>&nbsp;&nbsp;&nbsp;TimeManager::GetSystemTime()
<LI><a href="#[e5]">&gt;&gt;</a>&nbsp;&nbsp;&nbsp;Sensor::ReportReadings()
</UL>
<BR>[Called By]<UL><LI><a href="#[e9]">&gt;&gt;</a>&nbsp;&nbsp;&nbsp;Sprinkler::do_tasks()
</UL>

<P><STRONG><a name="[e6]"></a>Sprinkler::needs_to_report_reading()</STRONG> (Thumb, 36 bytes, Stack size 16 bytes, sprinkler.o(.text))
<BR><BR>[Stack]<UL><LI>Max Depth = 16<LI>Call Chain = Sprinkler::needs_to_report_reading()
</UL>
<BR>[Calls]<UL><LI><a href="#[e1]">&gt;&gt;</a>&nbsp;&nbsp;&nbsp;TimeManager::GetSystemTime()
</UL>
<BR>[Called By]<UL><LI><a href="#[eb]">&gt;&gt;</a>&nbsp;&nbsp;&nbsp;Sprinkler::needs_to_do_tasks()
<LI><a href="#[e9]">&gt;&gt;</a>&nbsp;&nbsp;&nbsp;Sprinkler::do_tasks()
</UL>

<P><STRONG><a name="[e7]"></a>Sprinkler::read_sensors()</STRONG> (Thumb, 84 bytes, Stack size 40 bytes, sprinkler.o(.text))
<BR><BR>[Stack]<UL><LI>Max Depth = 208<LI>Call Chain = Sprinkler::read_sensors() &rArr; Sensor::read_sensor(double&, bool&) &rArr; Sensor::add_reading_if_needed(bool) &rArr; Vector&lang;ReadingData&rang;::ResizeBuffer(unsigned) &rArr; operator new[] (unsigned) &rArr; operator new(unsigned) &rArr; malloc &rArr; __Heap_Full &rArr; __Heap_ProvideMemory &rArr; free
</UL>
<BR>[Calls]<UL><LI><a href="#[bc]">&gt;&gt;</a>&nbsp;&nbsp;&nbsp;Vector&lang;SmartPointer&lang;Sensor&rang;&rang;::operator [](unsigned)
<LI><a href="#[e8]">&gt;&gt;</a>&nbsp;&nbsp;&nbsp;Sensor::read_sensor(double&, bool&)
</UL>
<BR>[Called By]<UL><LI><a href="#[e9]">&gt;&gt;</a>&nbsp;&nbsp;&nbsp;Sprinkler::do_tasks()
</UL>

<P><STRONG><a name="[e9]"></a>Sprinkler::do_tasks()</STRONG> (Thumb, 68 bytes, Stack size 16 bytes, sprinkler.o(.text))
<BR><BR>[Stack]<UL><LI>Max Depth = 664 + Unknown Stack Size
<LI>Call Chain = Sprinkler::do_tasks() &rArr; Sprinkler::load_irrigations_instructions() &rArr; JSON::parse_irrigations(const char*, Vector&lang;Irrigation&rang;&) &rArr; JSON::token_to_int(const char*, JSON::jsmntok_t*, int&) &rArr; __0sscanf &rArr; __vfscanf_char &rArr; __vfscanf &rArr; _scanf_real &rArr; _scanf_really_real &rArr; _fp_value &rArr; _btod_etento &rArr; _btod_emul &rArr; _e2e
</UL>
<BR>[Calls]<UL><LI><a href="#[ea]">&gt;&gt;</a>&nbsp;&nbsp;&nbsp;Valf::do_instructions(Vector&lang;SmartPointer&lang;Valf&rang;&rang;&, Vector&lang;Irrigation&rang;&)
<LI><a href="#[e7]">&gt;&gt;</a>&nbsp;&nbsp;&nbsp;Sprinkler::read_sensors()
<LI><a href="#[e6]">&gt;&gt;</a>&nbsp;&nbsp;&nbsp;Sprinkler::needs_to_report_reading()
<LI><a href="#[e4]">&gt;&gt;</a>&nbsp;&nbsp;&nbsp;Sprinkler::report_reading()
<LI><a href="#[e3]">&gt;&gt;</a>&nbsp;&nbsp;&nbsp;Sprinkler::needs_to_load_irrigations()
<LI><a href="#[dd]">&gt;&gt;</a>&nbsp;&nbsp;&nbsp;Sprinkler::load_irrigations_instructions()
</UL>
<BR>[Called By]<UL><LI><a href="#[73]">&gt;&gt;</a>&nbsp;&nbsp;&nbsp;Sprinkler::TimeNotification()
</UL>

<P><STRONG><a name="[eb]"></a>Sprinkler::needs_to_do_tasks()</STRONG> (Thumb, 32 bytes, Stack size 16 bytes, sprinkler.o(.text))
<BR><BR>[Stack]<UL><LI>Max Depth = 32<LI>Call Chain = Sprinkler::needs_to_do_tasks() &rArr; Sprinkler::needs_to_report_reading()
</UL>
<BR>[Calls]<UL><LI><a href="#[e6]">&gt;&gt;</a>&nbsp;&nbsp;&nbsp;Sprinkler::needs_to_report_reading()
[...]
<LI><a href="#[e7]">&gt;&gt;</a>&nbsp;&nbsp;&nbsp;Sprinkler::read_sensors()
<LI><a href="#[e4]">&gt;&gt;</a>&nbsp;&nbsp;&nbsp;Sprinkler::report_reading()
</UL>

<P><STRONG><a name="[d9]"></a>Vector&lang;JSON::jsmntok_t&rang;::ResizeBuffer(unsigned)</STRONG> (Thumb, 98 bytes, Stack size 24 bytes, json.o(t._ZN6VectorIN4JSON9jsmntok_tEE12ResizeBufferEj))
<BR><BR>[Stack]<UL><LI>Max Depth = 88<LI>Call Chain = Vector&lang;JSON::jsmntok_t&rang;::ResizeBuffer(unsigned) &rArr; operator new[] (unsigned) &rArr; operator new(unsigned) &rArr; malloc &rArr; __Heap_Full &rArr; __Heap_ProvideMemory &rArr; free
</UL>
<BR>[Calls]<UL><LI><a href="#[15e]">&gt;&gt;</a>&nbsp;&nbsp;&nbsp;operator new[] (unsigned)
<LI><a href="#[59]">&gt;&gt;</a>&nbsp;&nbsp;&nbsp;operator delete[] (void*)
</UL>
<BR>[Called By]<UL><LI><a href="#[d8]">&gt;&gt;</a>&nbsp;&nbsp;&nbsp;JSON::Parser::alloc_token(Vector&lang;JSON::jsmntok_t&rang;&)
<LI><a href="#[b6]">&gt;&gt;</a>&nbsp;&nbsp;&nbsp;Vector&lang;JSON::jsmntok_t&rang;::Vector()
</UL>

<P><STRONG><a name="[b6]"></a>Vector&lang;JSON::jsmntok_t&rang;::Vector()</STRONG> (Thumb, 32 bytes, Stack size 8 bytes, json.o(t._ZN6VectorIN4JSON9jsmntok_tEEC1Ev))
<BR><BR>[Stack]<UL><LI>Max Depth = 96<LI>Call Chain = Vector&lang;JSON::jsmntok_t&rang;::Vector() &rArr; Vector&lang;JSON::jsmntok_t&rang;::ResizeBuffer(unsigned) &rArr; operator new[] (unsigned) &rArr; operator new(unsigned) &rArr; malloc &rArr; __Heap_Full &rArr; __Heap_ProvideMemory &rArr; free
</UL>
<BR>[Calls]<UL><LI><a href="#[d9]">&gt;&gt;</a>&nbsp;&nbsp;&nbsp;Vector&lang;JSON::jsmntok_t&rang;::ResizeBuffer(unsigned)
</UL>
<BR>[Called By]<UL><LI><a href="#[d5]">&gt;&gt;</a>&nbsp;&nbsp;&nbsp;JSON::parse_irrigations(const char*, Vector&lang;Irrigation&rang;&)
<LI><a href="#[cf]">&gt;&gt;</a>&nbsp;&nbsp;&nbsp;JSON::parse_valves(const char*, Vector&lang;SmartPointer&lang;Valf&rang;&rang;&)
<LI><a href="#[ce]">&gt;&gt;</a>&nbsp;&nbsp;&nbsp;JSON::parse_sensors(const char*, Vector&lang;SmartPointer&lang;Sensor&rang;&rang;&)
<LI><a href="#[b5]">&gt;&gt;</a>&nbsp;&nbsp;&nbsp;JSON::parse_sprinkler_configuration(const char*, Sprinkler&)
</UL>

<P><STRONG><a name="[1e4]"></a>Vector&lang;JSON::jsmntok_t&rang;::Vector__sub_object()</STRONG> (Thumb, 0 bytes, Stack size 8 bytes, json.o(t._ZN6VectorIN4JSON9jsmntok_tEEC1Ev), UNUSED)

<P><STRONG><a name="[ba]"></a>Vector&lang;JSON::jsmntok_t&rang;::~Vector()</STRONG> (Thumb, 14 bytes, Stack size 8 bytes, json.o(t._ZN6VectorIN4JSON9jsmntok_tEED1Ev))
<BR><BR>[Stack]<UL><LI>Max Depth = 40<LI>Call Chain = Vector&lang;JSON::jsmntok_t&rang;::~Vector() &rArr; operator delete[] (void*) &rArr; operator delete (void*) &rArr; free
</UL>
<BR>[Calls]<UL><LI><a href="#[59]">&gt;&gt;</a>&nbsp;&nbsp;&nbsp;operator delete[] (void*)
</UL>
<BR>[Called By]<UL><LI><a href="#[d5]">&gt;&gt;</a>&nbsp;&nbsp;&nbsp;JSON::parse_irrigations(const char*, Vector&lang;Irrigation&rang;&)
<LI><a href="#[cf]">&gt;&gt;</a>&nbsp;&nbsp;&nbsp;JSON::parse_valves(const char*, Vector&lang;SmartPointer&lang;Valf&rang;&rang;&)
<LI><a href="#[ce]">&gt;&gt;</a>&nbsp;&nbsp;&nbsp;JSON::parse_sensors(const char*, Vector&lang;SmartPointer&lang;Sensor&rang;&rang;&)
<LI><a href="#[b5]">&gt;&gt;</a>&nbsp;&nbsp;&nbsp;JSON::parse_sprinkler_configuration(const char*, Sprinkler&)
</UL>

<P><STRONG><a name="[1e5]"></a>Vector&lang;JSON::jsmntok_t&rang;::~Vector__sub_object()</STRONG> (Thumb, 0 bytes, Stack size 8 bytes, json.o(t._ZN6VectorIN4JSON9jsmntok_tEED1Ev), UNUSED)

<P><STRONG><a name="[ac]"></a>Vector&lang;JSON::jsmntok_t&rang;::operator [](unsigned)</STRONG> (Thumb, 10 bytes, Stack size 0 bytes, json.o(t._ZN6VectorIN4JSON9jsmntok_tEEixEj))
<BR><BR>[Called By]<UL><LI><a href="#[d8]">&gt;&gt;</a>&nbsp;&nbsp;&nbsp;JSON::Parser::alloc_token(Vector&lang;JSON::jsmntok_t&rang;&)
<LI><a href="#[b8]">&gt;&gt;</a>&nbsp;&nbsp;&nbsp;JSON::Parser::Parse(const char*, Vector&lang;JSON::jsmntok_t&rang;&)
<LI><a href="#[d5]">&gt;&gt;</a>&nbsp;&nbsp;&nbsp;JSON::parse_irrigations(const char*, Vector&lang;Irrigation&rang;&)
<LI><a href="#[cf]">&gt;&gt;</a>&nbsp;&nbsp;&nbsp;JSON::parse_valves(const char*, Vector&lang;SmartPointer&lang;Valf&rang;&rang;&)
<LI><a href="#[c9]">&gt;&gt;</a>&nbsp;&nbsp;&nbsp;JSON::parse_sensors_internal(Vector&lang;JSON::jsmntok_t&rang;&, const char*, Vector&lang;SmartPointer&lang;Sensor&rang;&rang;&)
<LI><a href="#[bb]">&gt;&gt;</a>&nbsp;&nbsp;&nbsp;JSON::parse_alarms_internal(Vector&lang;JSON::jsmntok_t&rang;&, const char*, Vector&lang;SmartPointer&lang;Sensor&rang;&rang;&)
<LI><a href="#[b5]">&gt;&gt;</a>&nbsp;&nbsp;&nbsp;JSON::parse_sprinkler_configuration(const char*, Sprinkler&)
<LI><a href="#[ab]">&gt;&gt;</a>&nbsp;&nbsp;&nbsp;JSON::find_json_array_token(Vector&lang;JSON::jsmntok_t&rang;&, const char*, const char*)
</UL>

<P><STRONG><a name="[a5]"></a>Vector&lang;IButtonListener*&rang;::ResizeBuffer(unsigned)</STRONG> (Thumb, 82 bytes, Stack size 24 bytes, buttonsmanager.o(t._ZN6VectorIP15IButtonListenerE12ResizeBufferEj))
<BR><BR>[Stack]<UL><LI>Max Depth = 88<LI>Call Chain = Vector&lang;IButtonListener*&rang;::ResizeBuffer(unsigned) &rArr; operator new[] (unsigned) &rArr; operator new(unsigned) &rArr; malloc &rArr; __Heap_Full &rArr; __Heap_ProvideMemory &rArr; free
</UL>
<BR>[Calls]<UL><LI><a href="#[15e]">&gt;&gt;</a>&nbsp;&nbsp;&nbsp;operator new[] (unsigned)
<LI><a href="#[59]">&gt;&gt;</a>&nbsp;&nbsp;&nbsp;operator delete[] (void*)
</UL>
<BR>[Called By]<UL><LI><a href="#[a4]">&gt;&gt;</a>&nbsp;&nbsp;&nbsp;ButtonsManager::AddButtonListener(IButtonListener*)
<LI><a href="#[74]">&gt;&gt;</a>&nbsp;&nbsp;&nbsp;__sti___18_ButtonsManager_cpp
</UL>

<P><STRONG><a name="[47]"></a>Vector&lang;IButtonListener*&rang;::~Vector()</STRONG> (Thumb, 14 bytes, Stack size 8 bytes, buttonsmanager.o(t._ZN6VectorIP15IButtonListenerED1Ev))
<BR><BR>[Stack]<UL><LI>Max Depth = 40<LI>Call Chain = Vector&lang;IButtonListener*&rang;::~Vector() &rArr; operator delete[] (void*) &rArr; operator delete (void*) &rArr; free
</UL>
<BR>[Calls]<UL><LI><a href="#[59]">&gt;&gt;</a>&nbsp;&nbsp;&nbsp;operator delete[] (void*)
</UL>
<BR>[Address Reference Count : 1]<UL><LI> buttonsmanager.o(.text)
</UL>
<P><STRONG><a name="[1e6]"></a>Vector&lang;IButtonListener*&rang;::~Vector__sub_object()</STRONG> (Thumb, 0 bytes, Stack size 8 bytes, buttonsmanager.o(t._ZN6VectorIP15IButtonListenerED1Ev), UNUSED)

<P><STRONG><a name="[a1]"></a>Vector&lang;IButtonListener*&rang;::operator [](unsigned)</STRONG> (Thumb, 10 bytes, Stack size 0 bytes, buttonsmanager.o(t._ZN6VectorIP15IButtonListenerEixEj))
<BR><BR>[Called By]<UL><LI><a href="#[a0]">&gt;&gt;</a>&nbsp;&nbsp;&nbsp;ButtonsManager::NotifyListeners(unsigned)
</UL>

<P><STRONG><a name="[16a]"></a>__aeabi_d2f</STRONG> (Thumb, 0 bytes, Stack size 32 bytes, d2f.o(x$fpl$d2f))
<BR><BR>[Stack]<UL><LI>Max Depth = 32<LI>Call Chain = __aeabi_d2f
</UL>
<BR>[Called By]<UL><LI><a href="#[168]">&gt;&gt;</a>&nbsp;&nbsp;&nbsp;__mathlib_tofloat
</UL>

<P><STRONG><a name="[171]"></a>_d2f</STRONG> (Thumb, 98 bytes, Stack size 32 bytes, d2f.o(x$fpl$d2f), UNUSED)
<BR><BR>[Calls]<UL><LI><a href="#[173]">&gt;&gt;</a>&nbsp;&nbsp;&nbsp;__fpl_dnaninf
<LI><a href="#[172]">&gt;&gt;</a>&nbsp;&nbsp;&nbsp;__fpl_fretinf
</UL>

<P><STRONG><a name="[103]"></a>__aeabi_dadd</STRONG> (Thumb, 0 bytes, Stack size 16 bytes, daddsub_clz.o(x$fpl$dadd))
<BR><BR>[Stack]<UL><LI>Max Depth = 16<LI>Call Chain = __aeabi_dadd
</UL>
<BR>[Called By]<UL><LI><a href="#[66]">&gt;&gt;</a>&nbsp;&nbsp;&nbsp;WaterSensor::read_sensor(double&)
</UL>

<P><STRONG><a name="[174]"></a>_dadd</STRONG> (Thumb, 332 bytes, Stack size 16 bytes, daddsub_clz.o(x$fpl$dadd), UNUSED)
<BR><BR>[Calls]<UL><LI><a href="#[176]">&gt;&gt;</a>&nbsp;&nbsp;&nbsp;__fpl_dretinf
<LI><a href="#[173]">&gt;&gt;</a>&nbsp;&nbsp;&nbsp;__fpl_dnaninf
<LI><a href="#[175]">&gt;&gt;</a>&nbsp;&nbsp;&nbsp;_dsub1
</UL>

<P><STRONG><a name="[177]"></a>__fpl_dcheck_NaN1</STRONG> (Thumb, 10 bytes, Stack size 0 bytes, dcheck1.o(x$fpl$dcheck1))
<BR><BR>[Calls]<UL><LI><a href="#[178]">&gt;&gt;</a>&nbsp;&nbsp;&nbsp;__fpl_return_NaN
</UL>
<BR>[Called By]<UL><LI><a href="#[167]">&gt;&gt;</a>&nbsp;&nbsp;&nbsp;__ARM_scalbn
</UL>

<P><STRONG><a name="[17a]"></a>__fpl_dcmp_Inf</STRONG> (Thumb, 24 bytes, Stack size 0 bytes, dcmpi.o(x$fpl$dcmpinf), UNUSED)
<BR><BR>[Called By]<UL><LI><a href="#[17b]">&gt;&gt;</a>&nbsp;&nbsp;&nbsp;_dcmple
<LI><a href="#[179]">&gt;&gt;</a>&nbsp;&nbsp;&nbsp;_dcmpeq
</UL>

<P><STRONG><a name="[c1]"></a>__aeabi_cdcmpeq</STRONG> (Thumb, 0 bytes, Stack size 32 bytes, deqf.o(x$fpl$deqf))
<BR><BR>[Stack]<UL><LI>Max Depth = 32<LI>Call Chain = __aeabi_cdcmpeq
</UL>
<BR>[Called By]<UL><LI><a href="#[bb]">&gt;&gt;</a>&nbsp;&nbsp;&nbsp;JSON::parse_alarms_internal(Vector&lang;JSON::jsmntok_t&rang;&, const char*, Vector&lang;SmartPointer&lang;Sensor&rang;&rang;&)
<LI><a href="#[f3]">&gt;&gt;</a>&nbsp;&nbsp;&nbsp;Alarm::will_alarm(double)
<LI><a href="#[16b]">&gt;&gt;</a>&nbsp;&nbsp;&nbsp;ldexp
<LI><a href="#[168]">&gt;&gt;</a>&nbsp;&nbsp;&nbsp;__mathlib_tofloat
</UL>

<P><STRONG><a name="[179]"></a>_dcmpeq</STRONG> (Thumb, 120 bytes, Stack size 32 bytes, deqf.o(x$fpl$deqf), UNUSED)
<BR><BR>[Calls]<UL><LI><a href="#[173]">&gt;&gt;</a>&nbsp;&nbsp;&nbsp;__fpl_dnaninf
<LI><a href="#[17a]">&gt;&gt;</a>&nbsp;&nbsp;&nbsp;__fpl_dcmp_Inf
</UL>

<P><STRONG><a name="[105]"></a>__aeabi_i2d</STRONG> (Thumb, 0 bytes, Stack size 0 bytes, dflt_clz.o(x$fpl$dflt))
<BR><BR>[Called By]<UL><LI><a href="#[60]">&gt;&gt;</a>&nbsp;&nbsp;&nbsp;MockSensor::read_sensor(double&)
</UL>

<P><STRONG><a name="[1e7]"></a>_dflt</STRONG> (Thumb, 46 bytes, Stack size 0 bytes, dflt_clz.o(x$fpl$dflt), UNUSED)

<P><STRONG><a name="[f5]"></a>__aeabi_cdcmple</STRONG> (Thumb, 0 bytes, Stack size 32 bytes, dleqf.o(x$fpl$dleqf))
<BR><BR>[Stack]<UL><LI>Max Depth = 32<LI>Call Chain = __aeabi_cdcmple
</UL>
<BR>[Called By]<UL><LI><a href="#[f3]">&gt;&gt;</a>&nbsp;&nbsp;&nbsp;Alarm::will_alarm(double)
</UL>

<P><STRONG><a name="[17b]"></a>_dcmple</STRONG> (Thumb, 120 bytes, Stack size 32 bytes, dleqf.o(x$fpl$dleqf), UNUSED)
<BR><BR>[Calls]<UL><LI><a href="#[173]">&gt;&gt;</a>&nbsp;&nbsp;&nbsp;__fpl_dnaninf
<LI><a href="#[17a]">&gt;&gt;</a>&nbsp;&nbsp;&nbsp;__fpl_dcmp_Inf
</UL>

<P><STRONG><a name="[17d]"></a>__fpl_dcmple_InfNaN</STRONG> (Thumb, 0 bytes, Stack size unknown bytes, dleqf.o(x$fpl$dleqf), UNUSED)
<BR><BR>[Called By]<UL><LI><a href="#[17c]">&gt;&gt;</a>&nbsp;&nbsp;&nbsp;_drcmple
</UL>

<P><STRONG><a name="[173]"></a>__fpl_dnaninf</STRONG> (Thumb, 156 bytes, Stack size 16 bytes, dnaninf.o(x$fpl$dnaninf), UNUSED)
<BR><BR>[Called By]<UL><LI><a href="#[17b]">&gt;&gt;</a>&nbsp;&nbsp;&nbsp;_dcmple
<LI><a href="#[179]">&gt;&gt;</a>&nbsp;&nbsp;&nbsp;_dcmpeq
<LI><a href="#[17e]">&gt;&gt;</a>&nbsp;&nbsp;&nbsp;_dsub
<LI><a href="#[174]">&gt;&gt;</a>&nbsp;&nbsp;&nbsp;_dadd
<LI><a href="#[171]">&gt;&gt;</a>&nbsp;&nbsp;&nbsp;_d2f
</UL>

<P><STRONG><a name="[176]"></a>__fpl_dretinf</STRONG> (Thumb, 12 bytes, Stack size 0 bytes, dretinf.o(x$fpl$dretinf), UNUSED)
<BR><BR>[Called By]<UL><LI><a href="#[174]">&gt;&gt;</a>&nbsp;&nbsp;&nbsp;_dadd
</UL>

<P><STRONG><a name="[f4]"></a>__aeabi_cdrcmple</STRONG> (Thumb, 0 bytes, Stack size 16 bytes, drleqf.o(x$fpl$drleqf))
<BR><BR>[Stack]<UL><LI>Max Depth = 16<LI>Call Chain = __aeabi_cdrcmple
</UL>
<BR>[Called By]<UL><LI><a href="#[f3]">&gt;&gt;</a>&nbsp;&nbsp;&nbsp;Alarm::will_alarm(double)
<LI><a href="#[168]">&gt;&gt;</a>&nbsp;&nbsp;&nbsp;__mathlib_tofloat
</UL>

<P><STRONG><a name="[17c]"></a>_drcmple</STRONG> (Thumb, 108 bytes, Stack size 16 bytes, drleqf.o(x$fpl$drleqf), UNUSED)
<BR><BR>[Calls]<UL><LI><a href="#[17d]">&gt;&gt;</a>&nbsp;&nbsp;&nbsp;__fpl_dcmple_InfNaN
</UL>

<P><STRONG><a name="[1e8]"></a>__aeabi_dsub</STRONG> (Thumb, 0 bytes, Stack size 32 bytes, daddsub_clz.o(x$fpl$dsub), UNUSED)

<P><STRONG><a name="[17e]"></a>_dsub</STRONG> (Thumb, 464 bytes, Stack size 32 bytes, daddsub_clz.o(x$fpl$dsub), UNUSED)
<BR><BR>[Calls]<UL><LI><a href="#[173]">&gt;&gt;</a>&nbsp;&nbsp;&nbsp;__fpl_dnaninf
<LI><a href="#[17f]">&gt;&gt;</a>&nbsp;&nbsp;&nbsp;_dadd1
</UL>

<P><STRONG><a name="[172]"></a>__fpl_fretinf</STRONG> (Thumb, 10 bytes, Stack size 0 bytes, fretinf.o(x$fpl$fretinf), UNUSED)
<BR><BR>[Called By]<UL><LI><a href="#[171]">&gt;&gt;</a>&nbsp;&nbsp;&nbsp;_d2f
</UL>

<P><STRONG><a name="[7d]"></a>_printf_fp_dec</STRONG> (Thumb, 4 bytes, Stack size 0 bytes, printf1.o(x$fpl$printf1))
<BR><BR>[Stack]<UL><LI>Max Depth = 320<LI>Call Chain = _printf_fp_dec &rArr; _printf_fp_dec_real &rArr; _fp_digits &rArr; _btod_etento &rArr; _btod_emul &rArr; _e2e
</UL>
<BR>[Calls]<UL><LI><a href="#[131]">&gt;&gt;</a>&nbsp;&nbsp;&nbsp;_printf_fp_dec_real
</UL>
<BR>[Called By]<UL><LI><a href="#[7c]">&gt;&gt;</a>&nbsp;&nbsp;&nbsp;_printf_f
</UL>

<P><STRONG><a name="[178]"></a>__fpl_return_NaN</STRONG> (Thumb, 100 bytes, Stack size 0 bytes, retnan.o(x$fpl$retnan))
<BR><BR>[Calls]<UL><LI><a href="#[180]">&gt;&gt;</a>&nbsp;&nbsp;&nbsp;__fpl_cmpreturn
</UL>
<BR>[Called By]<UL><LI><a href="#[177]">&gt;&gt;</a>&nbsp;&nbsp;&nbsp;__fpl_dcheck_NaN1
</UL>

<P><STRONG><a name="[167]"></a>__ARM_scalbn</STRONG> (Thumb, 92 bytes, Stack size 0 bytes, scalbn.o(x$fpl$scalbn))
<BR><BR>[Calls]<UL><LI><a href="#[177]">&gt;&gt;</a>&nbsp;&nbsp;&nbsp;__fpl_dcheck_NaN1
</UL>
<BR>[Called By]<UL><LI><a href="#[166]">&gt;&gt;</a>&nbsp;&nbsp;&nbsp;__mathlib_dbl_underflow
<LI><a href="#[16b]">&gt;&gt;</a>&nbsp;&nbsp;&nbsp;ldexp
<LI><a href="#[169]">&gt;&gt;</a>&nbsp;&nbsp;&nbsp;frexp
</UL>

<P><STRONG><a name="[145]"></a>_scanf_real</STRONG> (Thumb, 4 bytes, Stack size 0 bytes, scanf1.o(x$fpl$scanf1))
<BR><BR>[Stack]<UL><LI>Max Depth = 328<LI>Call Chain = _scanf_real &rArr; _scanf_really_real &rArr; _fp_value &rArr; _btod_etento &rArr; _btod_emul &rArr; _e2e
</UL>
<BR>[Calls]<UL><LI><a href="#[13c]">&gt;&gt;</a>&nbsp;&nbsp;&nbsp;_scanf_really_real
</UL>
<BR>[Called By]<UL><LI><a href="#[140]">&gt;&gt;</a>&nbsp;&nbsp;&nbsp;__vfscanf
</UL>

<P><STRONG><a name="[13e]"></a>_scanf_hex_real</STRONG> (Thumb, 4 bytes, Stack size 0 bytes, scanf2.o(x$fpl$scanf2))
<BR><BR>[Stack]<UL><LI>Max Depth = 144<LI>Call Chain = _scanf_hex_real &rArr; _scanf_really_hex_real &rArr; __support_ldexp &rArr; ldexp &rArr; __aeabi_cdcmpeq
</UL>
<BR>[Calls]<UL><LI><a href="#[14e]">&gt;&gt;</a>&nbsp;&nbsp;&nbsp;_scanf_really_hex_real
</UL>
<BR>[Called By]<UL><LI><a href="#[13c]">&gt;&gt;</a>&nbsp;&nbsp;&nbsp;_scanf_really_real
</UL>

<P><STRONG><a name="[13d]"></a>_scanf_infnan</STRONG> (Thumb, 4 bytes, Stack size 0 bytes, scanf2.o(x$fpl$scanf2))
<BR><BR>[Stack]<UL><LI>Max Depth = 72<LI>Call Chain = _scanf_infnan &rArr; _scanf_really_infnan
</UL>
<BR>[Calls]<UL><LI><a href="#[181]">&gt;&gt;</a>&nbsp;&nbsp;&nbsp;_scanf_really_infnan
</UL>
<BR>[Called By]<UL><LI><a href="#[13c]">&gt;&gt;</a>&nbsp;&nbsp;&nbsp;_scanf_really_real
</UL>

<P><STRONG><a name="[180]"></a>__fpl_cmpreturn</STRONG> (Thumb, 48 bytes, Stack size 0 bytes, trapv.o(x$fpl$trapveneer))
<BR><BR>[Called By]<UL><LI><a href="#[178]">&gt;&gt;</a>&nbsp;&nbsp;&nbsp;__fpl_return_NaN
</UL>
<P>
<H3>
Local Symbols
</H3>
<P><STRONG><a name="[9a]"></a>SetSysClockTo72</STRONG> (Thumb, 192 bytes, Stack size 0 bytes, system_stm32f10x.o(.text))
<BR><BR>[Called By]<UL><LI><a href="#[99]">&gt;&gt;</a>&nbsp;&nbsp;&nbsp;SetSysClock
</UL>

<P><STRONG><a name="[99]"></a>SetSysClock</STRONG> (Thumb, 8 bytes, Stack size 8 bytes, system_stm32f10x.o(.text))
<BR><BR>[Stack]<UL><LI>Max Depth = 8<LI>Call Chain = SetSysClock
</UL>
<BR>[Calls]<UL><LI><a href="#[9a]">&gt;&gt;</a>&nbsp;&nbsp;&nbsp;SetSysClockTo72
</UL>
<BR>[Called By]<UL><LI><a href="#[45]">&gt;&gt;</a>&nbsp;&nbsp;&nbsp;SystemInit
</UL>

<P><STRONG><a name="[74]"></a>__sti___18_ButtonsManager_cpp</STRONG> (Thumb, 44 bytes, Stack size 16 bytes, buttonsmanager.o(.text))
<BR><BR>[Stack]<UL><LI>Max Depth = 104<LI>Call Chain = __sti___18_ButtonsManager_cpp &rArr; Vector&lang;IButtonListener*&rang;::ResizeBuffer(unsigned) &rArr; operator new[] (unsigned) &rArr; operator new(unsigned) &rArr; malloc &rArr; __Heap_Full &rArr; __Heap_ProvideMemory &rArr; free
</UL>
<BR>[Calls]<UL><LI><a href="#[a5]">&gt;&gt;</a>&nbsp;&nbsp;&nbsp;Vector&lang;IButtonListener*&rang;::ResizeBuffer(unsigned)
<LI><a href="#[a6]">&gt;&gt;</a>&nbsp;&nbsp;&nbsp;__aeabi_atexit
</UL>
<BR>[Address Reference Count : 1]<UL><LI> buttonsmanager.o(.init_array)
</UL>
<P><STRONG><a name="[a3]"></a>NVIC_EnableIRQ(IRQn)</STRONG> (Thumb, 24 bytes, Stack size 0 bytes, buttonsmanager.o(.text))
<BR><BR>[Called By]<UL><LI><a href="#[a2]">&gt;&gt;</a>&nbsp;&nbsp;&nbsp;ButtonsManager::ButtonsManager()
</UL>

<P><STRONG><a name="[75]"></a>__sti___15_TimeManager_cpp</STRONG> (Thumb, 38 bytes, Stack size 16 bytes, timemanager.o(.text))
<BR><BR>[Stack]<UL><LI>Max Depth = 88<LI>Call Chain = __sti___15_TimeManager_cpp &rArr; TimeListenersList::TimeListenersList() &rArr; operator new(unsigned) &rArr; malloc &rArr; __Heap_Full &rArr; __Heap_ProvideMemory &rArr; free
</UL>
<BR>[Calls]<UL><LI><a href="#[115]">&gt;&gt;</a>&nbsp;&nbsp;&nbsp;TimeManager::TimeManager()
<LI><a href="#[10d]">&gt;&gt;</a>&nbsp;&nbsp;&nbsp;TimeListenersList::TimeListenersList()
<LI><a href="#[a6]">&gt;&gt;</a>&nbsp;&nbsp;&nbsp;__aeabi_atexit
<LI><a href="#[c2]">&gt;&gt;</a>&nbsp;&nbsp;&nbsp;operator new(unsigned)
</UL>
<BR>[Address Reference Count : 1]<UL><LI> timemanager.o(.init_array)
</UL>
<P><STRONG><a name="[17f]"></a>_dadd1</STRONG> (Thumb, 0 bytes, Stack size unknown bytes, daddsub_clz.o(x$fpl$dadd), UNUSED)
<BR><BR>[Called By]<UL><LI><a href="#[17e]">&gt;&gt;</a>&nbsp;&nbsp;&nbsp;_dsub
</UL>

<P><STRONG><a name="[175]"></a>_dsub1</STRONG> (Thumb, 0 bytes, Stack size unknown bytes, daddsub_clz.o(x$fpl$dsub), UNUSED)
<BR><BR>[Called By]<UL><LI><a href="#[174]">&gt;&gt;</a>&nbsp;&nbsp;&nbsp;_dadd
</UL>

<P><STRONG><a name="[12b]"></a>_fp_digits</STRONG> (Thumb, 426 bytes, Stack size 96 bytes, _printf_fp_dec.o(.text))
<BR><BR>[Stack]<UL><LI>Max Depth = 216<LI>Call Chain = _fp_digits &rArr; _btod_etento &rArr; _btod_emul &rArr; _e2e
</UL>
<BR>[Calls]<UL><LI><a href="#[12f]">&gt;&gt;</a>&nbsp;&nbsp;&nbsp;_btod_emul
<LI><a href="#[12e]">&gt;&gt;</a>&nbsp;&nbsp;&nbsp;_btod_ediv
<LI><a href="#[12d]">&gt;&gt;</a>&nbsp;&nbsp;&nbsp;_btod_d2e
<LI><a href="#[12c]">&gt;&gt;</a>&nbsp;&nbsp;&nbsp;_btod_etento
<LI><a href="#[130]">&gt;&gt;</a>&nbsp;&nbsp;&nbsp;_ll_udiv10
</UL>
<BR>[Called By]<UL><LI><a href="#[131]">&gt;&gt;</a>&nbsp;&nbsp;&nbsp;_printf_fp_dec_real
</UL>

<P><STRONG><a name="[52]"></a>_printf_input_char</STRONG> (Thumb, 10 bytes, Stack size 0 bytes, _printf_char_common.o(.text))
<BR>[Address Reference Count : 1]<UL><LI> _printf_char_common.o(.text)
</UL>
<P><STRONG><a name="[138]"></a>_fp_value</STRONG> (Thumb, 504 bytes, Stack size 88 bytes, scanf_fp.o(.text))
<BR><BR>[Stack]<UL><LI>Max Depth = 208<LI>Call Chain = _fp_value &rArr; _btod_etento &rArr; _btod_emul &rArr; _e2e
</UL>
<BR>[Calls]<UL><LI><a href="#[13a]">&gt;&gt;</a>&nbsp;&nbsp;&nbsp;_btod_emuld
<LI><a href="#[13b]">&gt;&gt;</a>&nbsp;&nbsp;&nbsp;_btod_edivd
<LI><a href="#[12c]">&gt;&gt;</a>&nbsp;&nbsp;&nbsp;_btod_etento
<LI><a href="#[139]">&gt;&gt;</a>&nbsp;&nbsp;&nbsp;__aeabi_errno_addr
</UL>
<BR>[Called By]<UL><LI><a href="#[13c]">&gt;&gt;</a>&nbsp;&nbsp;&nbsp;_scanf_really_real
</UL>

<P><STRONG><a name="[54]"></a>_scanf_char_input</STRONG> (Thumb, 12 bytes, Stack size 0 bytes, scanf_char.o(.text))
<BR>[Address Reference Count : 1]<UL><LI> scanf_char.o(.text)
</UL>
<P><STRONG><a name="[57]"></a>__default_terminate_handler()</STRONG> (Thumb, 4 bytes, Stack size 0 bytes, arm_exceptions_globs.o(.text))
<BR><BR>[Stack]<UL><LI>Max Depth = 40 + Unknown Stack Size
<LI>Call Chain = __default_terminate_handler() &rArr; abort &rArr; __rt_SIGABRT &rArr; __rt_SIGABRT_inner &rArr; __default_signal_display &rArr; _ttywrch
</UL>
<BR>[Calls]<UL><LI><a href="#[149]">&gt;&gt;</a>&nbsp;&nbsp;&nbsp;abort
</UL>
<BR>[Address Reference Count : 1]<UL><LI> arm_exceptions_globs.o(.text)
</UL><P>
<H3>
Undefined Global Symbols
</H3><HR></body></html>
